2026-05-20 17:20:09,341 DEBUG    root            Loaded Command Group: ['gcloud', 'auth']
2026-05-20 17:20:09,344 DEBUG    root            Loaded Command Group: ['gcloud', 'auth', 'configure_docker']
2026-05-20 17:20:09,346 DEBUG    root            Running [gcloud.auth.configure-docker] with arguments: [--quiet: "True"]
2026-05-20 17:20:09,381 WARNING  root            Your config file at [/home/jupyter/.docker/config.json] contains these credential helper entries:

{
  "credHelpers": {
    "gcr.io": "gcloud",
    "us.gcr.io": "gcloud",
    "eu.gcr.io": "gcloud",
    "asia.gcr.io": "gcloud",
    "staging-k8s.gcr.io": "gcloud",
    "marketplace.gcr.io": "gcloud"
  }
}
2026-05-20 17:20:09,381 INFO     ___FILE_ONLY___ Adding credentials for all GCR repositories.

2026-05-20 17:20:09,381 WARNING  root            A long list of credential helpers may cause delays running 'docker build'. We recommend passing the registry name to configure only the registry you are using.
2026-05-20 17:20:09,381 INFO     ___FILE_ONLY___ gcloud credential helpers already registered correctly.

2026-05-20 17:20:09,381 DEBUG    root            Chosen display Format:default
2026-05-20 17:20:09,382 INFO     root            Display format: "default"
2026-05-20 17:20:09,423 DEBUG    root            SDK update checks are disabled.
