2026-05-20 18:02:34,357 DEBUG    root            Loaded Command Group: ['gcloud', 'config']
2026-05-20 18:02:34,382 DEBUG    root            Loaded Command Group: ['gcloud', 'config', 'config_helper']
2026-05-20 18:02:34,384 DEBUG    root            Running [gcloud.config.config-helper] with arguments: [--format: "json", --min-expiry: "1800"]
2026-05-20 18:02:34,385 DEBUG    root            On GCE from disk cache: True
2026-05-20 18:02:34,396 DEBUG    root            On GCE from memory cache: True
2026-05-20 18:02:34,409 DEBUG    root            On GCE from memory cache: True
2026-05-20 18:02:34,423 DEBUG    google.auth.transport.requests Making request: GET http://metadata.google.internal/computeMetadata/v1/instance/service-accounts/511076842936-compute@developer.gserviceaccount.com/?recursive=true
2026-05-20 18:02:34,425 DEBUG    urllib3.connectionpool Starting new HTTP connection (1): metadata.google.internal:80
2026-05-20 18:02:34,427 DEBUG    urllib3.connectionpool http://metadata.google.internal:80 "GET /computeMetadata/v1/instance/service-accounts/511076842936-compute@developer.gserviceaccount.com/?recursive=true HTTP/1.1" 200 155
2026-05-20 18:02:34,427 DEBUG    google.auth.transport.requests Making request: GET http://metadata.google.internal/computeMetadata/v1/instance/service-accounts/511076842936-compute@developer.gserviceaccount.com/token
2026-05-20 18:02:34,429 DEBUG    urllib3.connectionpool http://metadata.google.internal:80 "GET /computeMetadata/v1/instance/service-accounts/511076842936-compute@developer.gserviceaccount.com/token HTTP/1.1" 200 872
2026-05-20 18:02:34,456 DEBUG    root            Chosen display Format:default json
2026-05-20 18:02:34,457 INFO     root            Display format: "default json"
2026-05-20 18:02:34,512 INFO     ___FILE_ONLY___ {
  "configuration": {
    "active_configuration": "default",
    "properties": {
      "compute": {
        "region": "us-central1"
      },
      "core": {
        "account": "511076842936-compute@developer.gserviceaccount.com",
        "disable_usage_reporting": "True",
        "project": "project-a5d39078-68b8-4a9c-a89",
        "universe_domain": "googleapis.com"
      },
      "dataproc": {
        "region": "us-central1"
      }
    }
  },
  "credential": {
    "access_token": "ya29.c.c0AZ4bNpaZv3gdpJe3RwhP2lE-V5TuCIGVSYSQ4P_pPp8xjetUvNUaOgRnq4muyZ_hHELDT2Y4zmi82Q8-P7f88cg2-KYSkob_HPF70u3je9ivQHX0JuYMYaeFME4sRvCPT3-yKkHhuM9az2fvx_dJHAY87FI4uaR1NOmOR9VbgHb3WCJHazaGZj7xm-SDRrnJl9zL5GjWkp2ztk71054W_wjXEutzyH-1o0p_9wA1cU75cYL_3G2gaFQpKaosUDkl0FN7qAsYIkzlkRR5G4lC5bG9h65AL-Uka9LVivJ7JODNqPHsxA556lNnPrbXQ4NsBK4HjOecZovdbGi2bO_ufI5DjDxy_PQSszDt0VX4yIP6Q01mZ-h-_P2hCZbOJ7dJ_plwaQdEk-oITAmQFYpIYQN415Kw3kUfaZBofx0yBpeJOrcmR0xeBQl3OpFpcv8bRxRz92wnySvZRpjJtdSxrRhO9yUg_MF1fq4b9IJ4ayfx1XFypIU4-q7t02pZ0S3VFyt_f9x4ss7vOJBYyoz2U_-7j1h8Iuk-31j3-t3keUVz4_bW3O-lXXyimr9SwF2fU807QJwoVbYztIBb4rjijBOteuucv5iWv6mZ-rgSgM0qyO0kQqYBQ8ebp9czc7MiopVS63ZqhfQkYe5m5ggm8RoevlqRhhtjV0vBMXIe_Saq_koV97c4pelYbRFo8n1dWg7c-BQ-RdZdrpSU9dyzZZn4tplqx_6hzJMup9-I6wxfqwvs_JMYO11B1n3XZYZ12ambWRyJbeiFWl9-9ZMR2lZmzRr5OZUzjSJM8F_o44SQYvztdo1bIiBF7da2IbFUJxeu3g5j-8cUs79OFx2RR60kfmw5OUiVqu4VMfOBwqyxpUrp5ssx9dZim7a9wFJOb8VFf-soiqiX42XanI38k4QqQynxjdU6Jffrl0tBJXw_O_8v0kxW8gdbnonsfjzMpnIaYSIkyuxycsOF9-osnWsxSjtBOsIdU6wk04Bv_XIORdub14sf3I5",
    "id_token": "eyJhbGciOiJSUzI1NiIsImtpZCI6ImY4ZTY2MjBkMzk3MTFhYTIxY2U4YTJiZjJmM2VlMDFiOTI0Y2IyZDAiLCJ0eXAiOiJKV1QifQ.eyJhdWQiOiIzMjU1NTk0MDU1OS5hcHBzLmdvb2dsZXVzZXJjb250ZW50LmNvbSIsImF6cCI6IjEwOTM2NDkyNzM1Mjg0NzY2NDA0OSIsImV4cCI6MTc3OTMwMzc1NCwiaWF0IjoxNzc5MzAwMTU0LCJpc3MiOiJodHRwczovL2FjY291bnRzLmdvb2dsZS5jb20iLCJzdWIiOiIxMDkzNjQ5MjczNTI4NDc2NjQwNDkifQ.XXaWNdkjEOVroZzz16U7f96MShxyq9zDRxjeXO1GYAOcTzPtwru4qpGrOIcSA4jrfa8VtNUoAO_F2Y0q4GupfHxLr-PyCtt2EOT6VPeiDeO_e9WOWv8m-DAqIGiByxR7mQ0cKnEN3_Xj4DqhuHnqM_m_9B_nOZLh2_NZYxEEpSfp0ksXQnZUKrqcDyyTn8YiiSG1H1LCsuUVxf8h9UK5Xz4UpWc_fIBBhCVYbnWUCogNopVAbeWKq5TANxdAXSX5cz9EAZOnhAHrC1RC7y-oqqXzoCWrSW789hk6VK4e-75VFCm8lOfSK8qPYWvJzmjvfxE8H8fjgXHLftCFfmXOrA",
    "token_expiry": "2026-05-20T18:19:36Z"
  },
  "sentinels": {
    "config_sentinel": "/home/jupyter/.config/gcloud/config_sentinel"
  }
}
2026-05-20 18:02:34,512 INFO     ___FILE_ONLY___ 

2026-05-20 18:02:34,523 DEBUG    root            SDK update checks are disabled.
