2026-05-20 19:05:52,075 DEBUG    root            Loaded Command Group: ['gcloud', 'config']
2026-05-20 19:05:52,101 DEBUG    root            Loaded Command Group: ['gcloud', 'config', 'config_helper']
2026-05-20 19:05:52,104 DEBUG    root            Running [gcloud.config.config-helper] with arguments: [--format: "json", --min-expiry: "1800"]
2026-05-20 19:05:52,104 DEBUG    root            On GCE from disk cache: True
2026-05-20 19:05:52,117 DEBUG    root            On GCE from memory cache: True
2026-05-20 19:05:52,130 DEBUG    root            On GCE from memory cache: True
2026-05-20 19:05:52,142 DEBUG    google.auth.transport.requests Making request: GET http://metadata.google.internal/computeMetadata/v1/instance/service-accounts/511076842936-compute@developer.gserviceaccount.com/?recursive=true
2026-05-20 19:05:52,144 DEBUG    urllib3.connectionpool Starting new HTTP connection (1): metadata.google.internal:80
2026-05-20 19:05:52,147 DEBUG    urllib3.connectionpool http://metadata.google.internal:80 "GET /computeMetadata/v1/instance/service-accounts/511076842936-compute@developer.gserviceaccount.com/?recursive=true HTTP/1.1" 200 155
2026-05-20 19:05:52,148 DEBUG    google.auth.transport.requests Making request: GET http://metadata.google.internal/computeMetadata/v1/instance/service-accounts/511076842936-compute@developer.gserviceaccount.com/token
2026-05-20 19:05:52,150 DEBUG    urllib3.connectionpool http://metadata.google.internal:80 "GET /computeMetadata/v1/instance/service-accounts/511076842936-compute@developer.gserviceaccount.com/token HTTP/1.1" 200 872
2026-05-20 19:05:52,178 DEBUG    root            Chosen display Format:default json
2026-05-20 19:05:52,179 INFO     root            Display format: "default json"
2026-05-20 19:05:52,229 INFO     ___FILE_ONLY___ {
  "configuration": {
    "active_configuration": "default",
    "properties": {
      "compute": {
        "region": "us-central1"
      },
      "core": {
        "account": "511076842936-compute@developer.gserviceaccount.com",
        "disable_usage_reporting": "True",
        "project": "project-a5d39078-68b8-4a9c-a89",
        "universe_domain": "googleapis.com"
      },
      "dataproc": {
        "region": "us-central1"
      }
    }
  },
  "credential": {
    "access_token": "ya29.c.c0AZ4bNpZ4w9kNWArM78zNu2Qz39-8fKrO8qM0dtXihUuuGLVVRumwDey07ZhQarLSotCwH2MY96E-gM8fV2kX92T7RVKUdCPAcMsRXOJ4Gt5PjfufydxsPlWy78bv5ABgfhQbMKHPXY7gih8tSx6nD5ttP-fG4lrWgGyo8-grjUowv2iy7pUtv2PZPJWUFHj0EawShYNyQ-vG4ZcDuC48hMjqAgxRlZKDfzD7AtE0rB4R9Zq3BJ9193GEreb3ntW60Rh3QE_-CFgkUwzc-Khopm3BXtuVYO1H43ZXvxd5MgoeL_EsMB-aJYfJxIyC64A5luN5s534OgthPrPnalAwyIAmUweL708HEp0Qwb-zuDmTPzm63dExfzri1hxpk_fodLiySCZMuYyvVOQC3QvOkUgE416PsfSh4-g1Z10ay7n8gX-caOeJg1Rg-9JX1Q1ytFQc4hxV4xh37WWmlshqB20IXoVMmv08tsO18v7wrjXW5F9gJuctfOlfB7gtYRm7gV6X0V2mJzIkZv7Y7cZcm9fqQMffkvW8d7-SsMto2gW4Rtr3aMx0Io2rUySIZXYjaiowjh_6Ia8dbXSBXm9rFcJ4v3-jv60UwQUkZqfZoqXFFJZ23QlVzboOsJ_B5sYfoe_riefW5uiBOnSRpjcmn3YdV4bwyIQuRVpvO9qvo18y_2rqbVcq34yxQQSMXv_3t_RvJOvF3xmUiVemv8orF5Bu_WaU_Rvez0wRWO6ZsjmXMYrzfurZyoR5f8uRZyqzF2le3OytIFzhRwxx_-n898ewwnF9oy_6b_Ss1lkm61YceSlRkS5UUYjJyiIdju1lVSzU69i3mlky7lI5am9OaWJMlc8ZoQgbcpnehnS6134a8iWpqnUmcXBx9ur5J-c1WYjjwzfdzlVQMiYt6qSo85Ihtgn2dh0JUF2Wneyacc4ywodnfRR7yr-_Qxb2mlZadQ46ow4zzavxpof951RXMSaeu14SyVRSYJw3oBV4Io856ioj30-kmtz",
    "id_token": "eyJhbGciOiJSUzI1NiIsImtpZCI6ImY4ZTY2MjBkMzk3MTFhYTIxY2U4YTJiZjJmM2VlMDFiOTI0Y2IyZDAiLCJ0eXAiOiJKV1QifQ.eyJhdWQiOiIzMjU1NTk0MDU1OS5hcHBzLmdvb2dsZXVzZXJjb250ZW50LmNvbSIsImF6cCI6IjEwOTM2NDkyNzM1Mjg0NzY2NDA0OSIsImV4cCI6MTc3OTMwNzU1MiwiaWF0IjoxNzc5MzAzOTUyLCJpc3MiOiJodHRwczovL2FjY291bnRzLmdvb2dsZS5jb20iLCJzdWIiOiIxMDkzNjQ5MjczNTI4NDc2NjQwNDkifQ.XblZjdOv2e1snXI3uQVv8rk6MDHzg4DNxw-wyfLX4_pf7YzDhctjgH2N6o8hBaI9a7yeWcFQtEseiIZtqPigHpcKEcJy_YK5VAZ-048KmM88eZlpWvpAdrufik0_FLdGevAh1ldtqMTCHgS_mjbzk3BRiwpvMVS0bpuj821Mme06c79PvTFnP5R9PuwJdCTDHT_BaGErB6-sZaJIPXLxyB6V9fB11YL0BqvnjV9Lft9XpXqubsLq6yfl1JpJsDfbAU5zmh5JxfDarrPUtd20j2qcbeInZ81pvcq1z8E9x-ZqieeWZEBhmght5g1MtDdDByHaHoHHeC4MvCTDrtCl1w",
    "token_expiry": "2026-05-20T19:14:48Z"
  },
  "sentinels": {
    "config_sentinel": "/home/jupyter/.config/gcloud/config_sentinel"
  }
}
2026-05-20 19:05:52,229 INFO     ___FILE_ONLY___ 

2026-05-20 19:05:52,238 DEBUG    root            SDK update checks are disabled.
