2026-05-20 19:35:09,278 DEBUG    root            Loaded Command Group: ['gcloud', 'config']
2026-05-20 19:35:09,308 DEBUG    root            Loaded Command Group: ['gcloud', 'config', 'config_helper']
2026-05-20 19:35:09,310 DEBUG    root            Running [gcloud.config.config-helper] with arguments: [--format: "json", --min-expiry: "1800"]
2026-05-20 19:35:09,315 DEBUG    root            On GCE from server: True
2026-05-20 19:35:09,336 DEBUG    root            Chosen display Format:default json
2026-05-20 19:35:09,337 INFO     root            Display format: "default json"
2026-05-20 19:35:09,392 INFO     ___FILE_ONLY___ {
  "configuration": {
    "active_configuration": "default",
    "properties": {
      "compute": {
        "region": "us-central1"
      },
      "core": {
        "account": "511076842936-compute@developer.gserviceaccount.com",
        "disable_usage_reporting": "True",
        "project": "project-a5d39078-68b8-4a9c-a89",
        "universe_domain": "googleapis.com"
      },
      "dataproc": {
        "region": "us-central1"
      }
    }
  },
  "credential": {
    "access_token": "ya29.c.c0AZ4bNpZ9baYMKTE9KiFlv1V19keTgjtkLCGQcSbndQXK3AhXyQ6YqXNtc8QXrejYR_FdFzDWsF8u-iNuguzxQucAzVTx8UYLCBZVAFUWCj0CFSpR4SI5KlalA4FQlIVpsdXoQMJ4ypUXZoN30VUicc3FOB8Jk61Jyg_M70nQxvU8O6dim2fHFzbIsDAmsUsiMnW_vdjJ5CrSKlcKEHHNGWjePwK2Du8ZQMHj9Z8gYvp--LPsz7RFkc0RdN16oFKEhlwsVx2jGGJLZ-hB-qRTDYAr-yNvphY2lI8vom6SX1vXJN7zIORkGwvG_eUShdBiTmBsfSJW34YVuftrcD_KYnaZcQzaUF6Ne_Xk4cO2DusZIQRYjU_yNeWQEqULOeA-sK6KrOQHGFfim5vAcuQO2wG415Dso3i-nq6Wmag0lkaOxZfg81mSOwxMRRfYxgZ2a27XSVzZzjJXizYr1B7nnSoStmzutuOl95rjbWnURe3cV69cps2XQJnUxRuo74gmfq0IkbXqgQ6636_45zqpvy358wghrhJarBStjl7R30hnvld9IfqhpnMM-7Uqz4osqiQpzugBOyVRXvWRd2kg1oiInkkOQd62QI8clga1OFcQyt9-Smd1hOtXioz8InpoS5ifre_o4x4oO-8yc6qJt6brRvWRFSZBenFdR9B_6BhBx2zoizUMaZkS3V79WJckjWj672zVIJo2Fk7OxvpMi4MJdfU7JFY5ZRV0fjdwfdh4Ik38oOaSl7j6-FkIY5-8vBnxsOho78z3fj0Uu6k5wneF9Xez-QdUX36pn6-MugQSsVzI_r2ScIQxs9_UOQOwSyd4md417Q5YwhdRvRaet9J5w0OdViIYVF-OXbxM8of-SURYwRj2Wad2cS3-lB81SuSmFuIXqQM8495xvRXfnOf2covuum-qz0p985F-31_ByWi9V_xc7XMRj09V9ad96-eOB-7f1Xz-YUfY328zv6u0XIt7YyUxweJq_Bg28vgu5UcO68yvvfX",
    "id_token": "eyJhbGciOiJSUzI1NiIsImtpZCI6ImY4ZTY2MjBkMzk3MTFhYTIxY2U4YTJiZjJmM2VlMDFiOTI0Y2IyZDAiLCJ0eXAiOiJKV1QifQ.eyJhdWQiOiIzMjU1NTk0MDU1OS5hcHBzLmdvb2dsZXVzZXJjb250ZW50LmNvbSIsImF6cCI6IjEwOTM2NDkyNzM1Mjg0NzY2NDA0OSIsImV4cCI6MTc3OTMwNzg1NCwiaWF0IjoxNzc5MzA0MjU0LCJpc3MiOiJodHRwczovL2FjY291bnRzLmdvb2dsZS5jb20iLCJzdWIiOiIxMDkzNjQ5MjczNTI4NDc2NjQwNDkifQ.TbLokjUiN1WJjdEVbdfsLk795QlFAn3Grws3EqfpAkQ99Z_jfCfnkR3NW0rkZLdvxGfywat62bTUZgTjnu9rUYspzcZazPprVhwa0qpvxA8WpL7yIn-fF3rNPJx_zBa51u5hxEaXQVoj9JQOmM98ullDigeugyfJQBEEXzcSR2Qff9eYIVExVPZ1OeN0qwxpoEPsBkwnASx4YL5HFA5Gm91BAgTbsBZL277U5MVK2fiZoENFIcvE6mxcmxw8GLDM_wn7VVxvz0dIxI33yqrf-SPykLMH1ZztKlq2mTvCZkg3ZML8S-Iei4iTDzOsDRpRBGVjBaTyXoT-naX7ilypDw",
    "token_expiry": "2026-05-20T20:10:00Z"
  },
  "sentinels": {
    "config_sentinel": "/home/jupyter/.config/gcloud/config_sentinel"
  }
}
2026-05-20 19:35:09,393 INFO     ___FILE_ONLY___ 

2026-05-20 19:35:09,403 DEBUG    root            SDK update checks are disabled.
