2026-05-20 20:15:24,939 DEBUG    root            Loaded Command Group: ['gcloud', 'config']
2026-05-20 20:15:24,965 DEBUG    root            Loaded Command Group: ['gcloud', 'config', 'config_helper']
2026-05-20 20:15:24,968 DEBUG    root            Running [gcloud.config.config-helper] with arguments: [--format: "json", --min-expiry: "1800"]
2026-05-20 20:15:24,972 DEBUG    root            On GCE from server: True
2026-05-20 20:15:24,993 DEBUG    root            Chosen display Format:default json
2026-05-20 20:15:24,993 INFO     root            Display format: "default json"
2026-05-20 20:15:25,045 INFO     ___FILE_ONLY___ {
  "configuration": {
    "active_configuration": "default",
    "properties": {
      "compute": {
        "region": "us-central1"
      },
      "core": {
        "account": "511076842936-compute@developer.gserviceaccount.com",
        "disable_usage_reporting": "True",
        "project": "project-a5d39078-68b8-4a9c-a89",
        "universe_domain": "googleapis.com"
      },
      "dataproc": {
        "region": "us-central1"
      }
    }
  },
  "credential": {
    "access_token": "ya29.c.c0AZ4bNpbWde-RMKysfqQjk1GftjjK7WnpO4cN4BOKe_1JMHaNa3bX2LfK6B1IiizdqaA9tFfS8UC-ul7X9nWYdm_ZQApeJpBCayXoCRdldK6dnjcuttjkY6Nx2U1lca5MJB5aD6yhBcdIXfmOfbqtelhfQujG8BgqegcEfZh5NntMpvPygafknVkW-hg-nYJaVjL_KxnmukxTcGvajgcgNzuJBeVbQYuOJPAwEjPkv0Dpv_O6lZR-C81Q4K0sPqaWaI-Rzu_llVl4YXSSeJnkKSRu48jUQi69R6U9IHiAw73kPGyKa4sgBixEko9YsHY0Okymxc1NLyUUQ2trrE4Xa76Sm1tR9R7hNLnSa7REpdnY6qBdNTLvHoGHxsns10sGLm2yBrygCF3g3wdBV9JyhAYE416CgzlditprsS1XlSiopdSrbd_6fzBWp-9yimelo5qyJ3S2tqm5ug46ac-0VdS_qtwQ_S1pUFJqsv4BWggjcxQhthM4ygpvBJh1Zc5a4km-O0SzWFjJaQZeZX6-d9bYkf2h-vl7QYIv05Zma7x53cdsr0oqnFZYZQn5eVW58Oxns-WuoMJlRgslua7JsddRVfa8a21IjwV9SUIky-kjpdXokZyBvfva5V_cQpphrp3esb7sx3160U0Vj9SI4anSe-uaqVFF2a9FMfgUJr_nxZJVW2qZksxlusulXji3aOw_88wxgk-nhsO9itIh-qz8gaf1ecqvbz9-QpxJ0khaQgMrqcjhw5YZOYYjm7BM6dtY01eUV4yBUnWsn8XsgZ0Qbe0Z9c5VaYV1qRBh05mnhlFv8XaOYOlqQmapw40m171t-Mw6ceM18UqcSBxRa--w29YsJbh4oX143WnMjo6a4MZ2yt79U-uj_r1-um-IUYoRy4Sd8Obkp7y0oiXawhQs-Yye3Xhm6iUaWu67r1r5XkRknspm_pYr_uje7h2mzRRZXaj6w7SzMaJpu3YXxZjwgF2cOYbx4M4ovwvw2QewF19YtSWR5Zk",
    "id_token": "eyJhbGciOiJSUzI1NiIsImtpZCI6ImY4ZTY2MjBkMzk3MTFhYTIxY2U4YTJiZjJmM2VlMDFiOTI0Y2IyZDAiLCJ0eXAiOiJKV1QifQ.eyJhdWQiOiIzMjU1NTk0MDU1OS5hcHBzLmdvb2dsZXVzZXJjb250ZW50LmNvbSIsImF6cCI6IjEwOTM2NDkyNzM1Mjg0NzY2NDA0OSIsImV4cCI6MTc3OTMxMTEyMSwiaWF0IjoxNzc5MzA3NTIxLCJpc3MiOiJodHRwczovL2FjY291bnRzLmdvb2dsZS5jb20iLCJzdWIiOiIxMDkzNjQ5MjczNTI4NDc2NjQwNDkifQ.KuxDA7kDPu_5RreOSv5ym9P6ynjtLHxIYi0jzJUMbCZkojD5Kh1oH_1yt9lgS_cd6dZ49wiqRiYmeh56WtPqRdfl211XFVDTFfCfUvSqO4hU7YPzjKLViP1GzmsVBoOs4TCEw-MDJH-HWKflA8lwDPjeLm3Ch3Z2u7cdSR_ky4tGtm3uVBLDdCWTSH185FJn2QWePYBPKY6ip756vEfRsPOisqPggGt6Ns45zMC5ZArGnu-MO87GJ-kfIhUaMee1xFeSwGXduG2M2F2jCx3QlNHzouJCF8X9vWoaASqdVsIHczORd8Lh9fIaPUwoThmGCdHdJY-CeXGgz_FHvrNp8A",
    "token_expiry": "2026-05-20T21:05:13Z"
  },
  "sentinels": {
    "config_sentinel": "/home/jupyter/.config/gcloud/config_sentinel"
  }
}
2026-05-20 20:15:25,045 INFO     ___FILE_ONLY___ 

2026-05-20 20:15:25,055 DEBUG    root            SDK update checks are disabled.
