2026-05-20 20:36:52,178 DEBUG    root            Loaded Command Group: ['gcloud', 'config']
2026-05-20 20:36:52,203 DEBUG    root            Loaded Command Group: ['gcloud', 'config', 'config_helper']
2026-05-20 20:36:52,206 DEBUG    root            Running [gcloud.config.config-helper] with arguments: [--format: "json", --min-expiry: "1800"]
2026-05-20 20:36:52,210 DEBUG    root            On GCE from server: True
2026-05-20 20:36:52,222 DEBUG    root            On GCE from memory cache: True
2026-05-20 20:36:52,236 DEBUG    root            On GCE from memory cache: True
2026-05-20 20:36:52,256 DEBUG    google.auth.transport.requests Making request: GET http://metadata.google.internal/computeMetadata/v1/instance/service-accounts/511076842936-compute@developer.gserviceaccount.com/?recursive=true
2026-05-20 20:36:52,260 DEBUG    urllib3.connectionpool Starting new HTTP connection (1): metadata.google.internal:80
2026-05-20 20:36:52,262 DEBUG    urllib3.connectionpool http://metadata.google.internal:80 "GET /computeMetadata/v1/instance/service-accounts/511076842936-compute@developer.gserviceaccount.com/?recursive=true HTTP/1.1" 200 155
2026-05-20 20:36:52,263 DEBUG    google.auth.transport.requests Making request: GET http://metadata.google.internal/computeMetadata/v1/instance/service-accounts/511076842936-compute@developer.gserviceaccount.com/token
2026-05-20 20:36:52,265 DEBUG    urllib3.connectionpool http://metadata.google.internal:80 "GET /computeMetadata/v1/instance/service-accounts/511076842936-compute@developer.gserviceaccount.com/token HTTP/1.1" 200 865
2026-05-20 20:36:52,301 DEBUG    root            Chosen display Format:default json
2026-05-20 20:36:52,301 INFO     root            Display format: "default json"
2026-05-20 20:36:52,357 INFO     ___FILE_ONLY___ {
  "configuration": {
    "active_configuration": "default",
    "properties": {
      "compute": {
        "region": "us-central1"
      },
      "core": {
        "account": "511076842936-compute@developer.gserviceaccount.com",
        "disable_usage_reporting": "True",
        "project": "project-a5d39078-68b8-4a9c-a89",
        "universe_domain": "googleapis.com"
      },
      "dataproc": {
        "region": "us-central1"
      }
    }
  },
  "credential": {
    "access_token": "ya29.c.c0AZ4bNpbWde-RMKysfqQjk1GftjjK7WnpO4cN4BOKe_1JMHaNa3bX2LfK6B1IiizdqaA9tFfS8UC-ul7X9nWYdm_ZQApeJpBCayXoCRdldK6dnjcuttjkY6Nx2U1lca5MJB5aD6yhBcdIXfmOfbqtelhfQujG8BgqegcEfZh5NntMpvPygafknVkW-hg-nYJaVjL_KxnmukxTcGvajgcgNzuJBeVbQYuOJPAwEjPkv0Dpv_O6lZR-C81Q4K0sPqaWaI-Rzu_llVl4YXSSeJnkKSRu48jUQi69R6U9IHiAw73kPGyKa4sgBixEko9YsHY0Okymxc1NLyUUQ2trrE4Xa76Sm1tR9R7hNLnSa7REpdnY6qBdNTLvHoGHxsns10sGLm2yBrygCF3g3wdBV9JyhAYE416CgzlditprsS1XlSiopdSrbd_6fzBWp-9yimelo5qyJ3S2tqm5ug46ac-0VdS_qtwQ_S1pUFJqsv4BWggjcxQhthM4ygpvBJh1Zc5a4km-O0SzWFjJaQZeZX6-d9bYkf2h-vl7QYIv05Zma7x53cdsr0oqnFZYZQn5eVW58Oxns-WuoMJlRgslua7JsddRVfa8a21IjwV9SUIky-kjpdXokZyBvfva5V_cQpphrp3esb7sx3160U0Vj9SI4anSe-uaqVFF2a9FMfgUJr_nxZJVW2qZksxlusulXji3aOw_88wxgk-nhsO9itIh-qz8gaf1ecqvbz9-QpxJ0khaQgMrqcjhw5YZOYYjm7BM6dtY01eUV4yBUnWsn8XsgZ0Qbe0Z9c5VaYV1qRBh05mnhlFv8XaOYOlqQmapw40m171t-Mw6ceM18UqcSBxRa--w29YsJbh4oX143WnMjo6a4MZ2yt79U-uj_r1-um-IUYoRy4Sd8Obkp7y0oiXawhQs-Yye3Xhm6iUaWu67r1r5XkRknspm_pYr_uje7h2mzRRZXaj6w7SzMaJpu3YXxZjwgF2cOYbx4M4ovwvw2QewF19YtSWR5Zk",
    "id_token": "eyJhbGciOiJSUzI1NiIsImtpZCI6ImY4ZTY2MjBkMzk3MTFhYTIxY2U4YTJiZjJmM2VlMDFiOTI0Y2IyZDAiLCJ0eXAiOiJKV1QifQ.eyJhdWQiOiIzMjU1NTk0MDU1OS5hcHBzLmdvb2dsZXVzZXJjb250ZW50LmNvbSIsImF6cCI6IjEwOTM2NDkyNzM1Mjg0NzY2NDA0OSIsImV4cCI6MTc3OTMxMzAxMiwiaWF0IjoxNzc5MzA5NDEyLCJpc3MiOiJodHRwczovL2FjY291bnRzLmdvb2dsZS5jb20iLCJzdWIiOiIxMDkzNjQ5MjczNTI4NDc2NjQwNDkifQ.h1OzQCdu2wVfw6OrraZTwBoGNtVRj8z7iQllbYO6c_wgYA4xezNPmVbHM1k7WQCMhdxx3LQs7tMpl1ijgu_73dRGWW0IXUS24cOZ0uej0UjLI8XEtQ_3TQ9MiX7ReIeCLssYzM2jxj_aMzBaQmiOm7_9xmVF-muuuc1ZxKAQjsd9UpQh1ZfODnFII26fAzePRRWeMtvaEx4i71Xrq1sPOPuT9vQ318tcQHgg-YxOxbRfE6NzDopQLNKTOjbvPVrEIp-zKoPrrbGsHBu_YRO2EaPtRcMHIADGOCXKiDaHOJ2vn1R2CbKGLrkefvxl-E9JL_8hI-a2XdiFzQGAQyyaAQ",
    "token_expiry": "2026-05-20T21:05:13Z"
  },
  "sentinels": {
    "config_sentinel": "/home/jupyter/.config/gcloud/config_sentinel"
  }
}
2026-05-20 20:36:52,358 INFO     ___FILE_ONLY___ 

2026-05-20 20:36:52,368 DEBUG    root            SDK update checks are disabled.
