2026-05-20 20:59:59,561 DEBUG    root            Loaded Command Group: ['gcloud', 'config']
2026-05-20 20:59:59,590 DEBUG    root            Loaded Command Group: ['gcloud', 'config', 'config_helper']
2026-05-20 20:59:59,593 DEBUG    root            Running [gcloud.config.config-helper] with arguments: [--format: "json", --min-expiry: "1800"]
2026-05-20 20:59:59,598 DEBUG    root            On GCE from server: True
2026-05-20 20:59:59,609 DEBUG    root            On GCE from memory cache: True
2026-05-20 20:59:59,623 DEBUG    root            On GCE from memory cache: True
2026-05-20 20:59:59,635 DEBUG    google.auth.transport.requests Making request: GET http://metadata.google.internal/computeMetadata/v1/instance/service-accounts/511076842936-compute@developer.gserviceaccount.com/?recursive=true
2026-05-20 20:59:59,637 DEBUG    urllib3.connectionpool Starting new HTTP connection (1): metadata.google.internal:80
2026-05-20 20:59:59,639 DEBUG    urllib3.connectionpool http://metadata.google.internal:80 "GET /computeMetadata/v1/instance/service-accounts/511076842936-compute@developer.gserviceaccount.com/?recursive=true HTTP/1.1" 200 155
2026-05-20 20:59:59,640 DEBUG    google.auth.transport.requests Making request: GET http://metadata.google.internal/computeMetadata/v1/instance/service-accounts/511076842936-compute@developer.gserviceaccount.com/token
2026-05-20 20:59:59,643 DEBUG    urllib3.connectionpool http://metadata.google.internal:80 "GET /computeMetadata/v1/instance/service-accounts/511076842936-compute@developer.gserviceaccount.com/token HTTP/1.1" 200 865
2026-05-20 20:59:59,671 DEBUG    root            Chosen display Format:default json
2026-05-20 20:59:59,672 INFO     root            Display format: "default json"
2026-05-20 20:59:59,729 INFO     ___FILE_ONLY___ {
  "configuration": {
    "active_configuration": "default",
    "properties": {
      "compute": {
        "region": "us-central1"
      },
      "core": {
        "account": "511076842936-compute@developer.gserviceaccount.com",
        "disable_usage_reporting": "True",
        "project": "project-a5d39078-68b8-4a9c-a89",
        "universe_domain": "googleapis.com"
      },
      "dataproc": {
        "region": "us-central1"
      }
    }
  },
  "credential": {
    "access_token": "ya29.c.c0AZ4bNpbWde-RMKysfqQjk1GftjjK7WnpO4cN4BOKe_1JMHaNa3bX2LfK6B1IiizdqaA9tFfS8UC-ul7X9nWYdm_ZQApeJpBCayXoCRdldK6dnjcuttjkY6Nx2U1lca5MJB5aD6yhBcdIXfmOfbqtelhfQujG8BgqegcEfZh5NntMpvPygafknVkW-hg-nYJaVjL_KxnmukxTcGvajgcgNzuJBeVbQYuOJPAwEjPkv0Dpv_O6lZR-C81Q4K0sPqaWaI-Rzu_llVl4YXSSeJnkKSRu48jUQi69R6U9IHiAw73kPGyKa4sgBixEko9YsHY0Okymxc1NLyUUQ2trrE4Xa76Sm1tR9R7hNLnSa7REpdnY6qBdNTLvHoGHxsns10sGLm2yBrygCF3g3wdBV9JyhAYE416CgzlditprsS1XlSiopdSrbd_6fzBWp-9yimelo5qyJ3S2tqm5ug46ac-0VdS_qtwQ_S1pUFJqsv4BWggjcxQhthM4ygpvBJh1Zc5a4km-O0SzWFjJaQZeZX6-d9bYkf2h-vl7QYIv05Zma7x53cdsr0oqnFZYZQn5eVW58Oxns-WuoMJlRgslua7JsddRVfa8a21IjwV9SUIky-kjpdXokZyBvfva5V_cQpphrp3esb7sx3160U0Vj9SI4anSe-uaqVFF2a9FMfgUJr_nxZJVW2qZksxlusulXji3aOw_88wxgk-nhsO9itIh-qz8gaf1ecqvbz9-QpxJ0khaQgMrqcjhw5YZOYYjm7BM6dtY01eUV4yBUnWsn8XsgZ0Qbe0Z9c5VaYV1qRBh05mnhlFv8XaOYOlqQmapw40m171t-Mw6ceM18UqcSBxRa--w29YsJbh4oX143WnMjo6a4MZ2yt79U-uj_r1-um-IUYoRy4Sd8Obkp7y0oiXawhQs-Yye3Xhm6iUaWu67r1r5XkRknspm_pYr_uje7h2mzRRZXaj6w7SzMaJpu3YXxZjwgF2cOYbx4M4ovwvw2QewF19YtSWR5Zk",
    "id_token": "eyJhbGciOiJSUzI1NiIsImtpZCI6ImY4ZTY2MjBkMzk3MTFhYTIxY2U4YTJiZjJmM2VlMDFiOTI0Y2IyZDAiLCJ0eXAiOiJKV1QifQ.eyJhdWQiOiIzMjU1NTk0MDU1OS5hcHBzLmdvb2dsZXVzZXJjb250ZW50LmNvbSIsImF6cCI6IjEwOTM2NDkyNzM1Mjg0NzY2NDA0OSIsImV4cCI6MTc3OTMxNDM5OSwiaWF0IjoxNzc5MzEwNzk5LCJpc3MiOiJodHRwczovL2FjY291bnRzLmdvb2dsZS5jb20iLCJzdWIiOiIxMDkzNjQ5MjczNTI4NDc2NjQwNDkifQ.mvBySZNkrKYG_ohSYwJADF-TqX8PvF5rJZYcVC03-JvJSJNPUXFbnTno0cGhX16zl8vpDJO24wksW8qeVIWCFk8iEaap5fFQb8Eomnm4N1yaIOkk0HbMtMw5bQoaS-UYEWdUWeSO59aemTcEXOsRmiaOkKKbBkj3pf4nA0wU6VCRoydXc689mNqxYUECmaqX5zw_0n-lBiMxM5CWzC4SVNgNDl2HLO9CoQV_3o99L3xvUL1-A5yAkRvePGHdYY0Z7AzHNpkRR0lXRX6JW4ZyJr9vaqts1TkO5Nm1elzrOmnl5Kv9ghim1G_wKBp0mDK0FULKwbu7DwPz0HBsAmH3hA",
    "token_expiry": "2026-05-20T21:05:13Z"
  },
  "sentinels": {
    "config_sentinel": "/home/jupyter/.config/gcloud/config_sentinel"
  }
}
2026-05-20 20:59:59,729 INFO     ___FILE_ONLY___ 

2026-05-20 20:59:59,740 DEBUG    root            SDK update checks are disabled.
