2026-05-20 21:20:07,523 DEBUG    root            Loaded Command Group: ['gcloud', 'config']
2026-05-20 21:20:07,550 DEBUG    root            Loaded Command Group: ['gcloud', 'config', 'config_helper']
2026-05-20 21:20:07,553 DEBUG    root            Running [gcloud.config.config-helper] with arguments: [--format: "json", --min-expiry: "1800"]
2026-05-20 21:20:07,557 DEBUG    root            On GCE from server: True
2026-05-20 21:20:07,579 DEBUG    root            Chosen display Format:default json
2026-05-20 21:20:07,579 INFO     root            Display format: "default json"
2026-05-20 21:20:07,637 INFO     ___FILE_ONLY___ {
  "configuration": {
    "active_configuration": "default",
    "properties": {
      "compute": {
        "region": "us-central1"
      },
      "core": {
        "account": "511076842936-compute@developer.gserviceaccount.com",
        "disable_usage_reporting": "True",
        "project": "project-a5d39078-68b8-4a9c-a89",
        "universe_domain": "googleapis.com"
      },
      "dataproc": {
        "region": "us-central1"
      }
    }
  },
  "credential": {
    "access_token": "ya29.c.c0AZ4bNpbYx8eCNGyGQ61p2fFmRKCN5YcfTebtLaeZRVKP_PNRC8-feKy9PfmSrTdpZ5Ffrbgo5yHrKjOvQUrwNQDSLIwiPT3U2djPSnzsBvqSHakgaefYiVAzu_tEd0IPr15lI78GvNcQT1XfGEV44iGwiOkBkl2O4XCkelyTsnMPW2PFXqwDTm_WMqFGlmXadyd1ib4d-OzYphximKWz6vxBpgh47tOaw5M2lwWUz64FIQ_EvIje0v-5afMJ234OM5-P3T4T9OmJIJjUyBMCizBPZaf4B9Oo-EYO61ByIb8rlDSbUq4yGGeBPHpDB2tyYaGg0H4duOdEZfpJsFIVKlySo-BVD06a0ZEXQODsoe07LXxF-Ow8agurGotYWryQ7x5shhv5ul23aOa1UUZe7wH415Phf_3qIchU149YZ8iod7n8RdOeothRimwqs_bQ4hqb4FUZF0InO4a8vd9x2m8-wXU5fq5sxk0ccM4sBpss97ztuB4_Y18WxhSx1jkm37lukhYxVa6u24f956MYceRcVtb1cJxxS-ylOpQ8eb6finF5ttglIq5gMw6ubX2grqf4-R24Q8Fz_ItojkllxXd4RXg3RpVhMkB0UpFm2gRahcbWdl7UmcilZul-YbZlhd70n_mU7vbzZl1jRgpyyjY4cYk6R_8gbW8YkdYu1-et2_VW6opIRZRkUQJfYJa1nu93-weSzso7f-_z0On2XIVfws1q-4MvqoJfv3W01VuUM_2dp-0udtR6bmbubpoQOn9d75_c58Uz8hOfrj2_9ZpajcrmZZh1Yorv0fpvbfvOyQQ_k-Oe9okj5p_Z69B64vvlswObFc8kWeWJWjz1Y3b5s712YXmtwWcxX2-0kmbnlu4v711QYJh1U3Vq5i4q-ezZ-BpdR5fMspBySm3JJpxZbWOkWox0X6dJu6c5oWl2J3Sgqh_Bp0OByxXhIJII3Rd7O67madfQUI5JjeyexnysY48VFlz5VqOi6aw6IgM0R5d2ugj6g6k",
    "id_token": "eyJhbGciOiJSUzI1NiIsImtpZCI6ImY4ZTY2MjBkMzk3MTFhYTIxY2U4YTJiZjJmM2VlMDFiOTI0Y2IyZDAiLCJ0eXAiOiJKV1QifQ.eyJhdWQiOiIzMjU1NTk0MDU1OS5hcHBzLmdvb2dsZXVzZXJjb250ZW50LmNvbSIsImF6cCI6IjEwOTM2NDkyNzM1Mjg0NzY2NDA0OSIsImV4cCI6MTc3OTMxNDcwMiwiaWF0IjoxNzc5MzExMTAyLCJpc3MiOiJodHRwczovL2FjY291bnRzLmdvb2dsZS5jb20iLCJzdWIiOiIxMDkzNjQ5MjczNTI4NDc2NjQwNDkifQ.jCME98RU5tOYwJpWRTJqCDZeSV_SpPa_ERDSyjjsz-2PHfms_124t9EAY8cdLvo-zxnwAeELnv0CEJ7S3c1VoBL38CRRiXC3F8nliQw2RPsumr7uukSfTfC1ldVB4xTiYuHfP6aMbmxhSw7LZAvE1FBtmbfX1eEKzso2DseSJzw54Zm08z7CDxHbXjF1K0ujJ9eCyoBG7GJBNmpbVDKB5fpJrahJxVKmpBAArKnuAr13_oGIyvc0n3J1lxGXTnoqlnghDrkgCcHBRBD-0iVR4M5GNuOgs9_LbMh_8HcsHFe9eVj-1oVrMYp_3Yuuuzd1qXRMVec8DO35hzLIUCMY5A",
    "token_expiry": "2026-05-20T22:00:24Z"
  },
  "sentinels": {
    "config_sentinel": "/home/jupyter/.config/gcloud/config_sentinel"
  }
}
2026-05-20 21:20:07,637 INFO     ___FILE_ONLY___ 

2026-05-20 21:20:07,647 DEBUG    root            SDK update checks are disabled.
