2026-05-20 21:44:10,592 DEBUG    root            Loaded Command Group: ['gcloud', 'config']
2026-05-20 21:44:10,626 DEBUG    root            Loaded Command Group: ['gcloud', 'config', 'config_helper']
2026-05-20 21:44:10,629 DEBUG    root            Running [gcloud.config.config-helper] with arguments: [--format: "json", --min-expiry: "1800"]
2026-05-20 21:44:10,635 DEBUG    root            On GCE from server: True
2026-05-20 21:44:10,647 DEBUG    root            On GCE from memory cache: True
2026-05-20 21:44:10,662 DEBUG    root            On GCE from memory cache: True
2026-05-20 21:44:10,677 DEBUG    google.auth.transport.requests Making request: GET http://metadata.google.internal/computeMetadata/v1/instance/service-accounts/511076842936-compute@developer.gserviceaccount.com/?recursive=true
2026-05-20 21:44:10,680 DEBUG    urllib3.connectionpool Starting new HTTP connection (1): metadata.google.internal:80
2026-05-20 21:44:10,682 DEBUG    urllib3.connectionpool http://metadata.google.internal:80 "GET /computeMetadata/v1/instance/service-accounts/511076842936-compute@developer.gserviceaccount.com/?recursive=true HTTP/1.1" 200 155
2026-05-20 21:44:10,683 DEBUG    google.auth.transport.requests Making request: GET http://metadata.google.internal/computeMetadata/v1/instance/service-accounts/511076842936-compute@developer.gserviceaccount.com/token
2026-05-20 21:44:10,685 DEBUG    urllib3.connectionpool http://metadata.google.internal:80 "GET /computeMetadata/v1/instance/service-accounts/511076842936-compute@developer.gserviceaccount.com/token HTTP/1.1" 200 866
2026-05-20 21:44:10,713 DEBUG    root            Chosen display Format:default json
2026-05-20 21:44:10,714 INFO     root            Display format: "default json"
2026-05-20 21:44:10,768 INFO     ___FILE_ONLY___ {
  "configuration": {
    "active_configuration": "default",
    "properties": {
      "compute": {
        "region": "us-central1"
      },
      "core": {
        "account": "511076842936-compute@developer.gserviceaccount.com",
        "disable_usage_reporting": "True",
        "project": "project-a5d39078-68b8-4a9c-a89",
        "universe_domain": "googleapis.com"
      },
      "dataproc": {
        "region": "us-central1"
      }
    }
  },
  "credential": {
    "access_token": "ya29.c.c0AZ4bNpbYx8eCNGyGQ61p2fFmRKCN5YcfTebtLaeZRVKP_PNRC8-feKy9PfmSrTdpZ5Ffrbgo5yHrKjOvQUrwNQDSLIwiPT3U2djPSnzsBvqSHakgaefYiVAzu_tEd0IPr15lI78GvNcQT1XfGEV44iGwiOkBkl2O4XCkelyTsnMPW2PFXqwDTm_WMqFGlmXadyd1ib4d-OzYphximKWz6vxBpgh47tOaw5M2lwWUz64FIQ_EvIje0v-5afMJ234OM5-P3T4T9OmJIJjUyBMCizBPZaf4B9Oo-EYO61ByIb8rlDSbUq4yGGeBPHpDB2tyYaGg0H4duOdEZfpJsFIVKlySo-BVD06a0ZEXQODsoe07LXxF-Ow8agurGotYWryQ7x5shhv5ul23aOa1UUZe7wH415Phf_3qIchU149YZ8iod7n8RdOeothRimwqs_bQ4hqb4FUZF0InO4a8vd9x2m8-wXU5fq5sxk0ccM4sBpss97ztuB4_Y18WxhSx1jkm37lukhYxVa6u24f956MYceRcVtb1cJxxS-ylOpQ8eb6finF5ttglIq5gMw6ubX2grqf4-R24Q8Fz_ItojkllxXd4RXg3RpVhMkB0UpFm2gRahcbWdl7UmcilZul-YbZlhd70n_mU7vbzZl1jRgpyyjY4cYk6R_8gbW8YkdYu1-et2_VW6opIRZRkUQJfYJa1nu93-weSzso7f-_z0On2XIVfws1q-4MvqoJfv3W01VuUM_2dp-0udtR6bmbubpoQOn9d75_c58Uz8hOfrj2_9ZpajcrmZZh1Yorv0fpvbfvOyQQ_k-Oe9okj5p_Z69B64vvlswObFc8kWeWJWjz1Y3b5s712YXmtwWcxX2-0kmbnlu4v711QYJh1U3Vq5i4q-ezZ-BpdR5fMspBySm3JJpxZbWOkWox0X6dJu6c5oWl2J3Sgqh_Bp0OByxXhIJII3Rd7O67madfQUI5JjeyexnysY48VFlz5VqOi6aw6IgM0R5d2ugj6g6k",
    "id_token": "eyJhbGciOiJSUzI1NiIsImtpZCI6ImY4ZTY2MjBkMzk3MTFhYTIxY2U4YTJiZjJmM2VlMDFiOTI0Y2IyZDAiLCJ0eXAiOiJKV1QifQ.eyJhdWQiOiIzMjU1NTk0MDU1OS5hcHBzLmdvb2dsZXVzZXJjb250ZW50LmNvbSIsImF6cCI6IjEwOTM2NDkyNzM1Mjg0NzY2NDA0OSIsImV4cCI6MTc3OTMxNzA1MCwiaWF0IjoxNzc5MzEzNDUwLCJpc3MiOiJodHRwczovL2FjY291bnRzLmdvb2dsZS5jb20iLCJzdWIiOiIxMDkzNjQ5MjczNTI4NDc2NjQwNDkifQ.JppPNS5FILNY0P8wrRwWb9YBLl5T6G79yFrEpuHCRXKrSCQwGvvOCGGwquxYhk-LZYjSF7fiLCQvD9ClnJX-w-_vJS8mVk4UesRGewFe6G6YfcN71pz-r2id3cPFhhLUOMqA1vsde_LlvgXM21lARgb06LU7_g8qbnycdViOo96t90oBreQ8kKhwT48SgI5Y3roVJd7bqLCMCeoCLOmFeupNubnkwD-kZCXAaG73EGlDCGOm1an1o5GMiz4P2LJozKEdahZkgBRKWFRBP1zKGOKz55MkJKMcpUFfQ3z6qfUigWpv11f8OiYQ9m_Oqt6v9XFc-rZ3Xw2d-5JN_71k8Q",
    "token_expiry": "2026-05-20T22:00:24Z"
  },
  "sentinels": {
    "config_sentinel": "/home/jupyter/.config/gcloud/config_sentinel"
  }
}
2026-05-20 21:44:10,768 INFO     ___FILE_ONLY___ 

2026-05-20 21:44:10,778 DEBUG    root            SDK update checks are disabled.
