2026-05-20 22:09:26,015 DEBUG    root            Loaded Command Group: ['gcloud', 'config']
2026-05-20 22:09:26,042 DEBUG    root            Loaded Command Group: ['gcloud', 'config', 'config_helper']
2026-05-20 22:09:26,045 DEBUG    root            Running [gcloud.config.config-helper] with arguments: [--format: "json", --min-expiry: "1800"]
2026-05-20 22:09:26,049 DEBUG    root            On GCE from server: True
2026-05-20 22:09:26,070 DEBUG    root            Chosen display Format:default json
2026-05-20 22:09:26,070 INFO     root            Display format: "default json"
2026-05-20 22:09:26,124 INFO     ___FILE_ONLY___ {
  "configuration": {
    "active_configuration": "default",
    "properties": {
      "compute": {
        "region": "us-central1"
      },
      "core": {
        "account": "511076842936-compute@developer.gserviceaccount.com",
        "disable_usage_reporting": "True",
        "project": "project-a5d39078-68b8-4a9c-a89",
        "universe_domain": "googleapis.com"
      },
      "dataproc": {
        "region": "us-central1"
      }
    }
  },
  "credential": {
    "access_token": "ya29.c.c0AZ4bNpYSD1VfN8yLtdzKwOei32RQC7-p58OdTI2sWaUkR6bYEjOPZtgNl53pC5wVwuvQevi1w5ynCbPBhsxUYDNvm-t5JaWLhf3mdEQ7Ae2GkGQruOY4UOD4SiYR1X-BfoLKzTC_3oDs8TvkDSHKacdNbQ9xSp2pqNfJF2BTwwt1JeqOZhzpv-k6Dgg2qn5UusJOAm-BwdBhXUz7LNJWedk9yyrzSw-y6wNFMyT7uVv5NheRbLSeYQPXJn6O2Q8nZDD4im4A9XwCWyqkQhfrdCjZDByTMHJ7rt4qpzErUa-iM7MWbLk09xHrknkdiMfG-SKwCIf79SgowaBOXKcjkAPszn73Sk7959P0K6BZ2zpWQhmjLFDgEvQ7oQax4x7gyYpvHQ4BIJ9sL1Mp2Y2m99gT416D1r5eBfVXIoiVc7k1vrpmsZ2ase3XcOptk3nUQ6qd0gXW_UMk0b2dkmfIYxo6voI1Ib5y2ih6ac2Mjyh0t6fYzJZO_RlZ8a_dOqY1Fn9Or1kYJ-BiFBx9q4fxVdaw5BZyz78wyv10v9462th-g6mgIBYxiu-hiyonyIvQJkj3jVz8sMUzB-n-udmjXoQ7BY0ZzJrrc2sqs0ZYfMyrknOWeyZop63qOvezQfMVgRQ5O5xhsQ4Yo_33Z0-qwZieqS-Oa4Il91_yh66aW2B0jbMQ_i5k-8sXszicfhq-ox1rB9vnzYoqoIslx6xdb245IZmXUJsqknBSvwjoh13unwq3XFO5_dxf3kIa40FRIdgIBQ32zQxpmznQUwXvsF6xmZ4MUitp2eUdfd4fdbZa6WyX00JjR9eMywpqniWwRMr5SilalbcgS_jarWy9okOVwOamfeJvqwMJ48nsu8-e566qx0pSRwmsJiWYqh-f-k_v4cvbsvcS4tf74X1BSfRUB_1BQzMu8_5wvwZjizVx8gM66tR4Yi_UJ4h9pV7bV8lvcokJemblef_QUaX6RImOhxufVI7MvcRWjpxmxinf9s9MuFclyIY",
    "id_token": "eyJhbGciOiJSUzI1NiIsImtpZCI6ImY4ZTY2MjBkMzk3MTFhYTIxY2U4YTJiZjJmM2VlMDFiOTI0Y2IyZDAiLCJ0eXAiOiJKV1QifQ.eyJhdWQiOiIzMjU1NTk0MDU1OS5hcHBzLmdvb2dsZXVzZXJjb250ZW50LmNvbSIsImF6cCI6IjEwOTM2NDkyNzM1Mjg0NzY2NDA0OSIsImV4cCI6MTc3OTMxNzk2MywiaWF0IjoxNzc5MzE0MzYzLCJpc3MiOiJodHRwczovL2FjY291bnRzLmdvb2dsZS5jb20iLCJzdWIiOiIxMDkzNjQ5MjczNTI4NDc2NjQwNDkifQ.HevB-MCLZ-6u193GgqV6kkGG55By6B4K7UPdREcK1hE8ERVG7Kx_NLoRiECLXk_Q8r07hgpAvFIM0Ye1wTR2P0PTpdk1c89XxAWg4ZRTjqscXsa6DHOLpt2QEqbsn3aq-8JHppvHAJxr8tP9onnxHX_c1Pm8ZDfhIugo_gPbdJ-1mrd61X-Eje-ifnFi_VK25giT2L-4O5JdpOnrwUjZdyUlD09hSy2TyMQoyRFhs6QUpbRU7L_jpNhOKu-HzyChYo1b4zhEpoZsNcoEW0cyL95wOxVL4tSkPsxFoy8vVfNWXz5--H5Z3eQLHVILr3NiAB2RQtxinNhSwXJdrRNzwA",
    "token_expiry": "2026-05-20T22:55:35Z"
  },
  "sentinels": {
    "config_sentinel": "/home/jupyter/.config/gcloud/config_sentinel"
  }
}
2026-05-20 22:09:26,124 INFO     ___FILE_ONLY___ 

2026-05-20 22:09:26,133 DEBUG    root            SDK update checks are disabled.
