2026-05-14 02:59:44,666 DEBUG    root            Loaded Command Group: ['gcloud', 'config']
2026-05-14 02:59:44,691 DEBUG    root            Loaded Command Group: ['gcloud', 'config', 'config_helper']
2026-05-14 02:59:44,693 DEBUG    root            Running [gcloud.config.config-helper] with arguments: [--format: "json", --min-expiry: "1800"]
2026-05-14 02:59:44,694 DEBUG    root            On GCE from disk cache: True
2026-05-14 02:59:44,706 DEBUG    root            On GCE from memory cache: True
2026-05-14 02:59:44,718 DEBUG    root            On GCE from memory cache: True
2026-05-14 02:59:44,733 DEBUG    google.auth.transport.requests Making request: GET http://metadata.google.internal/computeMetadata/v1/instance/service-accounts/511076842936-compute@developer.gserviceaccount.com/?recursive=true
2026-05-14 02:59:44,735 DEBUG    urllib3.connectionpool Starting new HTTP connection (1): metadata.google.internal:80
2026-05-14 02:59:44,737 DEBUG    urllib3.connectionpool http://metadata.google.internal:80 "GET /computeMetadata/v1/instance/service-accounts/511076842936-compute@developer.gserviceaccount.com/?recursive=true HTTP/1.1" 200 155
2026-05-14 02:59:44,738 DEBUG    google.auth.transport.requests Making request: GET http://metadata.google.internal/computeMetadata/v1/instance/service-accounts/511076842936-compute@developer.gserviceaccount.com/token
2026-05-14 02:59:44,740 DEBUG    urllib3.connectionpool http://metadata.google.internal:80 "GET /computeMetadata/v1/instance/service-accounts/511076842936-compute@developer.gserviceaccount.com/token HTTP/1.1" 200 871
2026-05-14 02:59:44,764 DEBUG    root            Chosen display Format:default json
2026-05-14 02:59:44,765 INFO     root            Display format: "default json"
2026-05-14 02:59:44,817 INFO     ___FILE_ONLY___ {
  "configuration": {
    "active_configuration": "default",
    "properties": {
      "compute": {
        "region": "us-central1"
      },
      "core": {
        "account": "511076842936-compute@developer.gserviceaccount.com",
        "disable_usage_reporting": "True",
        "project": "project-a5d39078-68b8-4a9c-a89",
        "universe_domain": "googleapis.com"
      },
      "dataproc": {
        "region": "us-central1"
      }
    }
  },
  "credential": {
    "access_token": "ya29.c.c0AZ4bNpan7a1vZ9fuY2V6b7ulIfz_DpHEqqFqHBxU-GPhlYNKDnn2u9vhMX2-VnRco5VRhB3umwJD1f2S5fnD7nEr6RTM_GsugO-s-HNXcuzSecruhORiUqU4U9ao4RdtAHG3vvBXZaru9ML4MtIhLQfDHigZG_aFuZSyLADefpPwuaiLGJa9DQtUWnJNRP-StjAihPlUwjbc0fUEjrkYGasQMRPxeuKicEck798Hi8x7Fxhso7VHpBW6u9Y-N6O5rLhpDnNjd556NBC8M2FmIeoxsE82GeN7oApcMCPiDLg_vPhHFDfpkGcnK2FMRr9DUfS2JXtbcuho_s7BxApYiefcns46maAlb2Kj5_aPn6R8pCNjp_mzYd6zMYXE7Eg424Ix7b19s1ps0qVAulCpYGQN416Ajoqr7WdYOIz-yo-3vebeX-7vfZW6xrXpg3uJko3_3gxO-WSlX7F-flXgYxIt8jOoUBaz0rmbnw5OR8rcbY65kesJeOIom4pduqIsVyqoS72fvi5Bfmfuhnv6e0uls9wUQjQx0zllhBSUvRikfu7Z4zrfIV1QwYJWJvvQV02pgco6Y0_lX_XdWsUcIYzta-mcW2f46hhVJgh7h2sj96WQtSSIMIIX21WY4oFj7O_1vBVVeqqr3k35XX085hsYrtJ6Zn5nxrxdMoOvqWeFB18Uips0oUM-f1O9fmtS7sUc2nkgpXXn9Za4oI5eifYdFvm6h8-BMFvx8aFwJzlWfj65pwehlje0gbJnrVl9Xs2_VfYpB3x3XhFUaFojnzMy-ZaY2ccZJrUzdcbxVM3wQ4n1tRhp2fqss_9bWhnWaM6BuXq__9J3zUg0Z58jud-2drlwVpZ0gSZUyfIiuyu56bR-sOsV8ac0hrehjhqR0bB3ci2nSdMUcwfRyJinakaVu288YkqFzVy35BMneohB-qjwrUvv3y7ayYl3ZvVhF6BcQjreytI0wxodznib0Rdbrvez1YtMbkgZu_6MoplB9F8la9It7Ox",
    "id_token": "eyJhbGciOiJSUzI1NiIsImtpZCI6ImY4ZTY2MjBkMzk3MTFhYTIxY2U4YTJiZjJmM2VlMDFiOTI0Y2IyZDAiLCJ0eXAiOiJKV1QifQ.eyJhdWQiOiIzMjU1NTk0MDU1OS5hcHBzLmdvb2dsZXVzZXJjb250ZW50LmNvbSIsImF6cCI6IjEwOTM2NDkyNzM1Mjg0NzY2NDA0OSIsImV4cCI6MTc3ODczMTE4NCwiaWF0IjoxNzc4NzI3NTg0LCJpc3MiOiJodHRwczovL2FjY291bnRzLmdvb2dsZS5jb20iLCJzdWIiOiIxMDkzNjQ5MjczNTI4NDc2NjQwNDkifQ.Dgo_YN6pkJakWLVMhDnH6OiacnTRQWwpS_UiJyZMLtmvH7HFAxauf94BajnG2Ci6pIXEOxn8WqBOODGAxn7iWTW0ZJTNPvAqW8NWDnnQ3KTB2qznsD2_Oylh8fPDWOQmHeDludEVD11nc9lYE8cj-tP6iqsP_9rrwxJnyLWnE-4-eMqC12ImNLyjHF3cq4Szx3JXd_jKkk8U0ffUZXgttM4GfRGKtKHKnppl6kgnNKlhAbc69LSvKEYzZlZnjb54ZdPkn-BMV-xEtJq6ce050VggC1IJh4l9xe0Bzxyahg8owFJWHT9A3CMASBCd81sb5g3UHYiFjFKhGVu4CVPx9g",
    "token_expiry": "2026-05-14T03:05:14Z"
  },
  "sentinels": {
    "config_sentinel": "/home/jupyter/.config/gcloud/config_sentinel"
  }
}
2026-05-14 02:59:44,817 INFO     ___FILE_ONLY___ 

2026-05-14 02:59:44,827 DEBUG    root            SDK update checks are disabled.
