2026-05-14 23:03:58,285 DEBUG    root            Loaded Command Group: ['gcloud', 'config']
2026-05-14 23:03:58,310 DEBUG    root            Loaded Command Group: ['gcloud', 'config', 'config_helper']
2026-05-14 23:03:58,313 DEBUG    root            Running [gcloud.config.config-helper] with arguments: [--format: "json", --min-expiry: "1800"]
2026-05-14 23:03:58,313 DEBUG    root            On GCE from disk cache: True
2026-05-14 23:03:58,324 DEBUG    root            On GCE from memory cache: True
2026-05-14 23:03:58,336 DEBUG    root            On GCE from memory cache: True
2026-05-14 23:03:58,346 DEBUG    google.auth.transport.requests Making request: GET http://metadata.google.internal/computeMetadata/v1/instance/service-accounts/511076842936-compute@developer.gserviceaccount.com/?recursive=true
2026-05-14 23:03:58,348 DEBUG    urllib3.connectionpool Starting new HTTP connection (1): metadata.google.internal:80
2026-05-14 23:03:58,350 DEBUG    urllib3.connectionpool http://metadata.google.internal:80 "GET /computeMetadata/v1/instance/service-accounts/511076842936-compute@developer.gserviceaccount.com/?recursive=true HTTP/1.1" 200 155
2026-05-14 23:03:58,351 DEBUG    google.auth.transport.requests Making request: GET http://metadata.google.internal/computeMetadata/v1/instance/service-accounts/511076842936-compute@developer.gserviceaccount.com/token
2026-05-14 23:03:58,353 DEBUG    urllib3.connectionpool http://metadata.google.internal:80 "GET /computeMetadata/v1/instance/service-accounts/511076842936-compute@developer.gserviceaccount.com/token HTTP/1.1" 200 866
2026-05-14 23:03:58,389 DEBUG    root            Chosen display Format:default json
2026-05-14 23:03:58,389 INFO     root            Display format: "default json"
2026-05-14 23:03:58,441 INFO     ___FILE_ONLY___ {
  "configuration": {
    "active_configuration": "default",
    "properties": {
      "compute": {
        "region": "us-central1"
      },
      "core": {
        "account": "511076842936-compute@developer.gserviceaccount.com",
        "disable_usage_reporting": "True",
        "project": "project-a5d39078-68b8-4a9c-a89",
        "universe_domain": "googleapis.com"
      },
      "dataproc": {
        "region": "us-central1"
      }
    }
  },
  "credential": {
    "access_token": "ya29.c.c0AZ4bNpYnhJgJUoD5sij9HdRKNidWwK9G6e3ow1wBBfH9uqs2P01iPGgpgmCFBgVuh34-b7qyOzhp_mcs4DaE1Cmm3CMCqnY0sqfZeZ8hscLx-xdk7bXdbYPN6RxuN8SMv3mMWErFy-zCmOIPKUKqJq0wLSrNp_rGa0Fq4Wmp-neJpm3mOzVk2Hmg_1D_Yd0hm4Z7ujNR3UY-T3ezCON1nuyPg8EbN2nceXENdBgEuytBb3im19Gn7J8s2V4zgRlnMMaLo0ww5unekN8YLI-ZAy5kr9Q1oZou8Pg6m1UjpwzKPdxwhHAMCD6uMgfMZRfwBMmiHK9NBUWkBhwe08k-hnypr5Ol_jmPzOAo4c1x3tYEVb_-Op33K0m0wzD72S2iUylad9ypggWUFDSx-RheL413P0Rped1iXYqU7WRvjX80uhzZx-ldleSUtag-B1F8l0-oZMfax9uZ5Bbzv-h-nap0IVgs_Ry3FdbRfYj631OwaX61F_UmltkbnRSa_SVhS73mh9-vOIsO3ya26voW0Y-ujMuxjty-Q3Ji3rQFQFkrW5Zm0WutVa9_knbrw7uksts9QFwiknsRy-laVyubg-q0UW2im3OemQrn7cSmXVyRkwUymYZiclMO0u7oqlzampXen6M7ZFi9tah6Zu6_tc-QqdOw6c5Qgv9Xmt3hhmRpeY-gbbj6fsvZdpXMfQa2-uxtrbrJyBp116jS6mlulfVvlhSjth7aa0423ZZ-sU9nWuMml55dl3JY0ZU9eQ3a1ejfsbn0lwQ16RauiygbYr7vdZbuZYkOW3MgzBgvlU7-mur58_J-odjViJqooql9rJpwvZ4hFioUZStdpmhx_t2Xvr2b3W9iVd7IfpmU3_dle00oIfS3-VmYf8jbxF_qheJcuZngBFBySi_2wbOr2cuJh2B6gF-sOYVdzsYow2rk47uquWMi-d4nUu_ppBIRQfR9mua9a8nhXQYfm_ZelMZ3B1V547JsIa86yYkMbdFuxjsQxW38gXb",
    "id_token": "eyJhbGciOiJSUzI1NiIsImtpZCI6ImY4ZTY2MjBkMzk3MTFhYTIxY2U4YTJiZjJmM2VlMDFiOTI0Y2IyZDAiLCJ0eXAiOiJKV1QifQ.eyJhdWQiOiIzMjU1NTk0MDU1OS5hcHBzLmdvb2dsZXVzZXJjb250ZW50LmNvbSIsImF6cCI6IjEwOTM2NDkyNzM1Mjg0NzY2NDA0OSIsImV4cCI6MTc3ODgwMzQzOCwiaWF0IjoxNzc4Nzk5ODM4LCJpc3MiOiJodHRwczovL2FjY291bnRzLmdvb2dsZS5jb20iLCJzdWIiOiIxMDkzNjQ5MjczNTI4NDc2NjQwNDkifQ.BcYdtWetIn1msu9xoGHJwoSpv_pZ8FxtftxBVyw9O5h95fJNB2MCvYsDFSsh_IUmGgoS6uo6xiZ70We51lIlXRDyiw-Y7JMg9NHNGGTHlKUOe14EoB-JhRuI7gLftYV7GnFq2Aay7lcNso63SwnjEg5mSwubuCqWp7zvG3ej0FS4V-PM2LPdUIztyzLzWFscvI3-BtIuDeG7Ap3b38HF2MglS1AADMVod4eD32mWnrPMN2MjZ1iq7Ev7QkUXApO3mDKf1pfQ54qeS7mE7sJwbaxUZSReh_OL4swkSRTGywDTN3wraqL5OO9cmXkOaJ_b-3vWi2xDj-O_MUOPJ0_p3g",
    "token_expiry": "2026-05-14T23:33:32Z"
  },
  "sentinels": {
    "config_sentinel": "/home/jupyter/.config/gcloud/config_sentinel"
  }
}
2026-05-14 23:03:58,441 INFO     ___FILE_ONLY___ 

2026-05-14 23:03:58,451 DEBUG    root            SDK update checks are disabled.
