2026-05-14 23:26:15,889 DEBUG    root            Loaded Command Group: ['gcloud', 'config']
2026-05-14 23:26:15,916 DEBUG    root            Loaded Command Group: ['gcloud', 'config', 'config_helper']
2026-05-14 23:26:15,919 DEBUG    root            Running [gcloud.config.config-helper] with arguments: [--format: "json", --min-expiry: "1800"]
2026-05-14 23:26:15,920 DEBUG    root            On GCE from disk cache: True
2026-05-14 23:26:15,932 DEBUG    root            On GCE from memory cache: True
2026-05-14 23:26:15,946 DEBUG    root            On GCE from memory cache: True
2026-05-14 23:26:15,957 DEBUG    google.auth.transport.requests Making request: GET http://metadata.google.internal/computeMetadata/v1/instance/service-accounts/511076842936-compute@developer.gserviceaccount.com/?recursive=true
2026-05-14 23:26:15,959 DEBUG    urllib3.connectionpool Starting new HTTP connection (1): metadata.google.internal:80
2026-05-14 23:26:15,961 DEBUG    urllib3.connectionpool http://metadata.google.internal:80 "GET /computeMetadata/v1/instance/service-accounts/511076842936-compute@developer.gserviceaccount.com/?recursive=true HTTP/1.1" 200 155
2026-05-14 23:26:15,962 DEBUG    google.auth.transport.requests Making request: GET http://metadata.google.internal/computeMetadata/v1/instance/service-accounts/511076842936-compute@developer.gserviceaccount.com/token
2026-05-14 23:26:15,964 DEBUG    urllib3.connectionpool http://metadata.google.internal:80 "GET /computeMetadata/v1/instance/service-accounts/511076842936-compute@developer.gserviceaccount.com/token HTTP/1.1" 200 865
2026-05-14 23:26:16,002 DEBUG    root            Chosen display Format:default json
2026-05-14 23:26:16,003 INFO     root            Display format: "default json"
2026-05-14 23:26:16,063 INFO     ___FILE_ONLY___ {
  "configuration": {
    "active_configuration": "default",
    "properties": {
      "compute": {
        "region": "us-central1"
      },
      "core": {
        "account": "511076842936-compute@developer.gserviceaccount.com",
        "disable_usage_reporting": "True",
        "project": "project-a5d39078-68b8-4a9c-a89",
        "universe_domain": "googleapis.com"
      },
      "dataproc": {
        "region": "us-central1"
      }
    }
  },
  "credential": {
    "access_token": "ya29.c.c0AZ4bNpYnhJgJUoD5sij9HdRKNidWwK9G6e3ow1wBBfH9uqs2P01iPGgpgmCFBgVuh34-b7qyOzhp_mcs4DaE1Cmm3CMCqnY0sqfZeZ8hscLx-xdk7bXdbYPN6RxuN8SMv3mMWErFy-zCmOIPKUKqJq0wLSrNp_rGa0Fq4Wmp-neJpm3mOzVk2Hmg_1D_Yd0hm4Z7ujNR3UY-T3ezCON1nuyPg8EbN2nceXENdBgEuytBb3im19Gn7J8s2V4zgRlnMMaLo0ww5unekN8YLI-ZAy5kr9Q1oZou8Pg6m1UjpwzKPdxwhHAMCD6uMgfMZRfwBMmiHK9NBUWkBhwe08k-hnypr5Ol_jmPzOAo4c1x3tYEVb_-Op33K0m0wzD72S2iUylad9ypggWUFDSx-RheL413P0Rped1iXYqU7WRvjX80uhzZx-ldleSUtag-B1F8l0-oZMfax9uZ5Bbzv-h-nap0IVgs_Ry3FdbRfYj631OwaX61F_UmltkbnRSa_SVhS73mh9-vOIsO3ya26voW0Y-ujMuxjty-Q3Ji3rQFQFkrW5Zm0WutVa9_knbrw7uksts9QFwiknsRy-laVyubg-q0UW2im3OemQrn7cSmXVyRkwUymYZiclMO0u7oqlzampXen6M7ZFi9tah6Zu6_tc-QqdOw6c5Qgv9Xmt3hhmRpeY-gbbj6fsvZdpXMfQa2-uxtrbrJyBp116jS6mlulfVvlhSjth7aa0423ZZ-sU9nWuMml55dl3JY0ZU9eQ3a1ejfsbn0lwQ16RauiygbYr7vdZbuZYkOW3MgzBgvlU7-mur58_J-odjViJqooql9rJpwvZ4hFioUZStdpmhx_t2Xvr2b3W9iVd7IfpmU3_dle00oIfS3-VmYf8jbxF_qheJcuZngBFBySi_2wbOr2cuJh2B6gF-sOYVdzsYow2rk47uquWMi-d4nUu_ppBIRQfR9mua9a8nhXQYfm_ZelMZ3B1V547JsIa86yYkMbdFuxjsQxW38gXb",
    "id_token": "eyJhbGciOiJSUzI1NiIsImtpZCI6ImY4ZTY2MjBkMzk3MTFhYTIxY2U4YTJiZjJmM2VlMDFiOTI0Y2IyZDAiLCJ0eXAiOiJKV1QifQ.eyJhdWQiOiIzMjU1NTk0MDU1OS5hcHBzLmdvb2dsZXVzZXJjb250ZW50LmNvbSIsImF6cCI6IjEwOTM2NDkyNzM1Mjg0NzY2NDA0OSIsImV4cCI6MTc3ODgwNDc3NSwiaWF0IjoxNzc4ODAxMTc1LCJpc3MiOiJodHRwczovL2FjY291bnRzLmdvb2dsZS5jb20iLCJzdWIiOiIxMDkzNjQ5MjczNTI4NDc2NjQwNDkifQ.pTN2d7ki1K_NH_f_zgZOaBLFSo6gz_wr9reI8F1oTebFreIfpuE6KYJU7Tk6NZ79Fb27nVYB17AyMnPaXyYxYBCjiqgzCXy-b6NeuJSQ3NyEGKaew3sV8q1Q_oW4VWoYHJInegd0oInERZWuFOFph8gCZ5SzGNK6vR9Famc9ReznQiCN90bPTo5euF8QtMc-2cPMEPvlD7rd8XaPcPRwL2LdGksP4t1trqOKzd5VIxrrrRGfc2dHxrbJIzFMKSZrNDDtuJg9OFT8KErLNeU-ULY-OEs8LiOqAtQ_G7uftvub9s9GuXZagB9T0m8Vl6SeyXt5dq8DDpqZK7Kelt4Zqw",
    "token_expiry": "2026-05-14T23:33:32Z"
  },
  "sentinels": {
    "config_sentinel": "/home/jupyter/.config/gcloud/config_sentinel"
  }
}
2026-05-14 23:26:16,063 INFO     ___FILE_ONLY___ 

2026-05-14 23:26:16,074 DEBUG    root            SDK update checks are disabled.
