2026-05-19 18:21:35,281 DEBUG    root            Loaded Command Group: ['gcloud', 'config']
2026-05-19 18:21:35,306 DEBUG    root            Loaded Command Group: ['gcloud', 'config', 'config_helper']
2026-05-19 18:21:35,308 DEBUG    root            Running [gcloud.config.config-helper] with arguments: [--format: "json", --min-expiry: "1800"]
2026-05-19 18:21:35,308 DEBUG    root            On GCE from disk cache: True
2026-05-19 18:21:35,320 DEBUG    root            On GCE from memory cache: True
2026-05-19 18:21:35,332 DEBUG    root            On GCE from memory cache: True
2026-05-19 18:21:35,350 DEBUG    google.auth.transport.requests Making request: GET http://metadata.google.internal/computeMetadata/v1/instance/service-accounts/511076842936-compute@developer.gserviceaccount.com/?recursive=true
2026-05-19 18:21:35,352 DEBUG    urllib3.connectionpool Starting new HTTP connection (1): metadata.google.internal:80
2026-05-19 18:21:35,353 DEBUG    urllib3.connectionpool http://metadata.google.internal:80 "GET /computeMetadata/v1/instance/service-accounts/511076842936-compute@developer.gserviceaccount.com/?recursive=true HTTP/1.1" 200 155
2026-05-19 18:21:35,354 DEBUG    google.auth.transport.requests Making request: GET http://metadata.google.internal/computeMetadata/v1/instance/service-accounts/511076842936-compute@developer.gserviceaccount.com/token
2026-05-19 18:21:35,356 DEBUG    urllib3.connectionpool http://metadata.google.internal:80 "GET /computeMetadata/v1/instance/service-accounts/511076842936-compute@developer.gserviceaccount.com/token HTTP/1.1" 200 866
2026-05-19 18:21:35,383 DEBUG    root            Chosen display Format:default json
2026-05-19 18:21:35,383 INFO     root            Display format: "default json"
2026-05-19 18:21:35,433 INFO     ___FILE_ONLY___ {
  "configuration": {
    "active_configuration": "default",
    "properties": {
      "compute": {
        "region": "us-central1"
      },
      "core": {
        "account": "511076842936-compute@developer.gserviceaccount.com",
        "disable_usage_reporting": "True",
        "project": "project-a5d39078-68b8-4a9c-a89",
        "universe_domain": "googleapis.com"
      },
      "dataproc": {
        "region": "us-central1"
      }
    }
  },
  "credential": {
    "access_token": "ya29.c.c0AZ4bNpYMd8dGA5V9qbVAAYHow6c1ajtOgu6CjAIQpaiej6k_S38cl4OC_Xr-ch-rjsfjHvXfJUKK1yL289OFNqwgwehCXAez10HRvpkM7S7BQi2iv9kjhftauG1RaEYk_r5x39_8eQ8s95KIWk2vcuGgu-6qwGyq8nrH0k1irBcc9EMaEl4E8vq9ma7e1WIIp18MsK6ChNx-YGeb2lN1BrQRgk5NiNsc8bgw24QzPQtLeer5H_IKiYi52QyBDw-08HcWTHIEhyP4aWKU8QqixioEewrQunivGlwspTU1Cdt6nwtAWEc59h3D8aAzkvi9Ac4SlwHK3V9vXAolU43OIBsM1PCpb_MEOhb-g76ubeauIN1-COuTs8fR70_TQqqJ6pMKeT8kEFSj_J7mgWMmnAL415C5v4_mj58FZa0RhhWeYkp01je_vZv66i7lvnk6fkiYX4_uMahmZBhYZyQt0urtBSlmy9MImxl3h6lk9dz8q01Q_8nx5imRsd57a6h8UIsr3bZyFJugV3bQ-j4tQ43MrpnfW2lZFX5QXOX7QjZ31YydO02bQUSjqb8Jy6-uVjf2i1-BO9Qdbv69QkkWRrlFpzB5Mfa0-MU0o-Qji-1MsBb3MqtYgs3SrU2BkQrgMr9g8kkbZjjiYsyFsrvzyzoQovSmrO4BFrSBrlVJ1keeexJU2QUp9mMfUdhSS8yQcrSX7ZeInr459BbI259-zrBayWFV33YoUXpmkcnaQa6QXv4adoS6QibUaFVQhFslbOo1sRy-fgcujir3zdbxXszW-jyayXZo2X-3XlF4Wf6ZJOw-7Y_75v6VU6QaiFjaSVSMOdIpdOyXg7nkFFh9voFvx3jkOiJQh2VdFv9Ic0og6ceB03YYr5zXjwphXb7FfemV5iv09SVoOY35aSgIfdqcJgBrtVg0Qwy3rZeVmIj1nucgXjcVRBcB1mY6s1riRnMbJuX2FWznXlUjl31zh35Z15kRtsk6qk0cwj4ouw9ylU6m7QzFZWb",
    "id_token": "eyJhbGciOiJSUzI1NiIsImtpZCI6ImY4ZTY2MjBkMzk3MTFhYTIxY2U4YTJiZjJmM2VlMDFiOTI0Y2IyZDAiLCJ0eXAiOiJKV1QifQ.eyJhdWQiOiIzMjU1NTk0MDU1OS5hcHBzLmdvb2dsZXVzZXJjb250ZW50LmNvbSIsImF6cCI6IjEwOTM2NDkyNzM1Mjg0NzY2NDA0OSIsImV4cCI6MTc3OTIxODQ5NSwiaWF0IjoxNzc5MjE0ODk1LCJpc3MiOiJodHRwczovL2FjY291bnRzLmdvb2dsZS5jb20iLCJzdWIiOiIxMDkzNjQ5MjczNTI4NDc2NjQwNDkifQ.ohPhZd04jdcaRex3h3KhaIvOr4NPmSSJG6dN4ubpQBVU_mwBQd-S4rAj3GLtkHbMm_WvsWEUxymwNL5kYRvPYz6gPhs92sLiNxARCr_BeiQEP5a4jSypv66HhK2fT6Ex1U-Co2m11mdWCT7HpWzlMmQE6s5C3MaUp0psiPNWXVunMciqn8wxmyA2r5TfTt2ZVKK8O7EO4M155RbYVXY6Tul451_uuffiAUQT0-ridC7zrQUW6nyb8vLdyUrUGPewdkLwKUGrBeU44Q85bGizD5n7B9edTpKZo4x1bk3jkoZHnjMD8IaD5Ew3F8ahdpTF2CZCxRfNw8fvvAlzCsVJHw",
    "token_expiry": "2026-05-19T18:49:53Z"
  },
  "sentinels": {
    "config_sentinel": "/home/jupyter/.config/gcloud/config_sentinel"
  }
}
2026-05-19 18:21:35,434 INFO     ___FILE_ONLY___ 

2026-05-19 18:21:35,443 DEBUG    root            SDK update checks are disabled.
