2026-05-19 19:02:54,366 DEBUG    root            Loaded Command Group: ['gcloud', 'config']
2026-05-19 19:02:54,391 DEBUG    root            Loaded Command Group: ['gcloud', 'config', 'config_helper']
2026-05-19 19:02:54,393 DEBUG    root            Running [gcloud.config.config-helper] with arguments: [--format: "json", --min-expiry: "1800"]
2026-05-19 19:02:54,394 DEBUG    root            On GCE from disk cache: True
2026-05-19 19:02:54,414 DEBUG    root            Chosen display Format:default json
2026-05-19 19:02:54,415 INFO     root            Display format: "default json"
2026-05-19 19:02:54,465 INFO     ___FILE_ONLY___ {
  "configuration": {
    "active_configuration": "default",
    "properties": {
      "compute": {
        "region": "us-central1"
      },
      "core": {
        "account": "511076842936-compute@developer.gserviceaccount.com",
        "disable_usage_reporting": "True",
        "project": "project-a5d39078-68b8-4a9c-a89",
        "universe_domain": "googleapis.com"
      },
      "dataproc": {
        "region": "us-central1"
      }
    }
  },
  "credential": {
    "access_token": "ya29.c.c0AZ4bNpa0Uza5UnkcUlhVdfKXfMEyFL6cLFBXB5RX4_GEoGHyph7oeZpTxXEZozoXLXMzy6-Xkf0Xl-T95Fd-jqu71Y3owposSS3B04e6r0WrZO8IGgahs7htD8E0UxCFzunlMRlkhWWMY_sUD_cMmkzgq_1hVeTj2g2b409ATesXZ9Hqqd6LM6k3GPNvN78JO68360J7wuuT_gppSuxPIxxwtSvO2jsVV4d5UK2XWtbrakWUzrCRL70wnA1qmxieHnkTkqxT3DClSCBUYo_he0kwhR6hyLJgYU1cDZQ5oROEhiBBZzsTFP2-ZVi6PFzWMgl9Ll1uOlkJBDr0pycWEhjhgXRT8Xe1nvIt1ivvhi5Hex9TElUrHVqnBGpLa6b_Z5cRtj38FkjBPNTs6yFcXdwN416PkbOevkI8JRo6gIY-h15YoiIOjbjQb1qOi0zf1-lvU8IuWviveucm90jOddSZwwhZ_WgQ77WWZ0Mk8Wrkb_UpMX_Z04WmOsvpJXskfnU8iFYVFylWV4f7Xb5IxXVQxM93ggd2Bn7d17O9W8p3dZcrmI5_Z2sO6Yux6QJ2_kQ8BleB900qzZXzquQ_9zply8oXwpk4quMyBYdX5z_omQqg17kyJ3qYoSQo_llrQ5Yymac1Mh4itRiWXV1SbYQzMs3unR0tfpl9RX3Ja9g1RBhJv-s9mvi4v7B6f-8yrOV8a977JXvUeZjMY_Y9ZUV7W7mFukM9U1F1rtmVYj9WcsUf0x1nkQpOs0SiMb4z0aYs-348xb9m8R321oqWpwFpe13wY5IwuYZgrouiaW_Ol2-5vjtdzt2vFQbz-0y33e0RxmdkzR8O3MgrsOfaxVMplp7XXoh_JO-76B8a2v6h5hlnb757S90038W2vS_f3kQ0nyFrlI5e6mhIga7sdVb4mWhebvIikF7MQ6YXmIsuM8qMsiY01VmiXVVczkIXXUFRsBIvI2RcS3be2ehqhzg6h1d9ZMU9ta2Orc7MijoFYrqz8gJh90F",
    "id_token": "eyJhbGciOiJSUzI1NiIsImtpZCI6ImY4ZTY2MjBkMzk3MTFhYTIxY2U4YTJiZjJmM2VlMDFiOTI0Y2IyZDAiLCJ0eXAiOiJKV1QifQ.eyJhdWQiOiIzMjU1NTk0MDU1OS5hcHBzLmdvb2dsZXVzZXJjb250ZW50LmNvbSIsImF6cCI6IjEwOTM2NDkyNzM1Mjg0NzY2NDA0OSIsImV4cCI6MTc3OTIyMDAyMCwiaWF0IjoxNzc5MjE2NDIwLCJpc3MiOiJodHRwczovL2FjY291bnRzLmdvb2dsZS5jb20iLCJzdWIiOiIxMDkzNjQ5MjczNTI4NDc2NjQwNDkifQ.HNr09I3-0JleUiKjeXpBOz88cfZOeQXyEaWw31V5DkUv4TI1bAOCxkh9WUw_SNN4zpGlV7qnwhTWwbjmIFKRW1QVFebu1FDWrBQKAc93oaKlFL_C9uqlw6d-5Krh9V4c9IFx3G9gtDrS6uM04TTjCj6DiP8Ay8KKw9HA76GPb0OW-di6Dr5LtnlSHwUTG9RokzMLxMoSeB_uJtXDMRhI-8fbEEeV3yBn59_xAlpPVsEwaiqCDtyrPFnfGTNdfkiBuUJSUUAlvkI3w4EHUfsqszNvJX7JNH9IZf17q-8_x-oeme11ZqPoaQt8FJTe2E9-PE3Qtb7OjtvW9dkNoxOLcg",
    "token_expiry": "2026-05-19T19:45:06Z"
  },
  "sentinels": {
    "config_sentinel": "/home/jupyter/.config/gcloud/config_sentinel"
  }
}
2026-05-19 19:02:54,465 INFO     ___FILE_ONLY___ 

2026-05-19 19:02:54,474 DEBUG    root            SDK update checks are disabled.
