2026-05-19 20:48:29,688 DEBUG    root            Loaded Command Group: ['gcloud', 'config']
2026-05-19 20:48:29,714 DEBUG    root            Loaded Command Group: ['gcloud', 'config', 'config_helper']
2026-05-19 20:48:29,716 DEBUG    root            Running [gcloud.config.config-helper] with arguments: [--format: "json", --min-expiry: "1800"]
2026-05-19 20:48:29,717 DEBUG    root            On GCE from disk cache: True
2026-05-19 20:48:29,737 DEBUG    root            Chosen display Format:default json
2026-05-19 20:48:29,738 INFO     root            Display format: "default json"
2026-05-19 20:48:29,785 INFO     ___FILE_ONLY___ {
  "configuration": {
    "active_configuration": "default",
    "properties": {
      "compute": {
        "region": "us-central1"
      },
      "core": {
        "account": "511076842936-compute@developer.gserviceaccount.com",
        "disable_usage_reporting": "True",
        "project": "project-a5d39078-68b8-4a9c-a89",
        "universe_domain": "googleapis.com"
      },
      "dataproc": {
        "region": "us-central1"
      }
    }
  },
  "credential": {
    "access_token": "ya29.c.c0AZ4bNpaMaFTjGpeEFQz-JhCAF_qsTq8XC11NKvFpdBiiEcCOXBuJMmFJf-1uiVMICg3OK4Oiozq8jPaI_xRGofYspM2BqQ4oQjC_WS4itpdgZTt5lZCCuk2qWc1cuk6O5Y8mlhbW1f8NkffHrsVBTC6vTPrQt_Ffqg06xB8nFqxAq94EkcFHIMj0XsOjCm16fKYPGiqcaRN2J4vDom766_SLej6s1b7Qn9In3GBmSgm1nmoYlH_qrGH7iJZXggvjHGBIxCLOvO6u-CueD6taPOXXZws6eyfZJbdGBEbWVVQ7suiWWNwZ4I2LhZWrhkbniCdIkpMBERz_EMgf7iD7q3jadzNCusmk0mwPO0n8hicqCVaVAfrnLIGjlSZefMAcMchbkdy9ALxM_FRb8GV8rAH415CXw8Zl-IIYVfSXxFdZYkZ96eeuwvQs6bbQiBYwFer6fn4fW31-nUYhvkalzmt73g8wR-SgWfe-j-5yf8ntj798yapb3a3dFe6fa-uBvbdZhMnjJqMoxq_m8gp_Zmda4y9ajV0QqZ514OQzleIQjtvtBjgd87Jwjv5IyosYM_0Mg9ilf-VtRj-dsxBUl7g15pp55q_JiQ_mn-pgI7dj32_ex-rI97dcj36q3ShaVnlQ-7g4wS6WxdbpwYYBhueOZIq2-z15k0v_szUUb4h3I-WwW1Sa3Jn-bdlW-wZeQ_6Udt1mlufuSqSRuudY_qikVd9dcld4IfqnIcvQIZaIyJuhi5puMFgZcn3I6w5IBwxr6gboYxfsShhfhgBnMygirQ9ziIpY9rcUVf9qWf6a8uhk-VFc01U17-tQ5bF3eRvgBXydbRnxOFX13Qupte1i5eFXcbbzvpWJt4URohBdh--j-4y_4spauVBJW7IpQBremMOcow9Z47zJSMa0bW0-_jBRs-n_zJS5l50XoM3OhU9-apdZchk24zq8eJhs4pb9-bvwaXfejSwBJ5d9YrinhfvYMY-1Vvudb2acpV8yYjzbvFcVmrW",
    "id_token": "eyJhbGciOiJSUzI1NiIsImtpZCI6ImY4ZTY2MjBkMzk3MTFhYTIxY2U4YTJiZjJmM2VlMDFiOTI0Y2IyZDAiLCJ0eXAiOiJKV1QifQ.eyJhdWQiOiIzMjU1NTk0MDU1OS5hcHBzLmdvb2dsZXVzZXJjb250ZW50LmNvbSIsImF6cCI6IjEwOTM2NDkyNzM1Mjg0NzY2NDA0OSIsImV4cCI6MTc3OTIyNjcwNiwiaWF0IjoxNzc5MjIzMTA2LCJpc3MiOiJodHRwczovL2FjY291bnRzLmdvb2dsZS5jb20iLCJzdWIiOiIxMDkzNjQ5MjczNTI4NDc2NjQwNDkifQ.jH9W78w9M3d_TCOq820G3C6r2ZCgo-GJCQTi21xPvZ9hMEbH5fO4aJEMUgkTyeGgU1mp9XwmdIm5Hto7ugl3nAE0sS4QQAn4u1Dc342rdt_nwYHhPiHuocNN8E_ghPE2NfeHRMnWwXEs-CAa8-aPFpW9nfluzynbs2yGPUIkGOrVA0INJTyykisKt_Jfof2JCb-U3o7LsXJZSZdMkNyCxTvXGrqBiDDn84KdfnvCtVwoQURIzqqTf0D5fF1zUWmNYL00lYs3l4SHDi_10Eyf507X0OBf18cV42N60QKUzTIbOPc3HzhKdJdN6J-jK1X2zhkX41PuaJQxzXrseROfzw",
    "token_expiry": "2026-05-19T21:35:28Z"
  },
  "sentinels": {
    "config_sentinel": "/home/jupyter/.config/gcloud/config_sentinel"
  }
}
2026-05-19 20:48:29,785 INFO     ___FILE_ONLY___ 

2026-05-19 20:48:29,794 DEBUG    root            SDK update checks are disabled.
