2026-05-19 21:30:18,474 DEBUG    root            Loaded Command Group: ['gcloud', 'config']
2026-05-19 21:30:18,497 DEBUG    root            Loaded Command Group: ['gcloud', 'config', 'config_helper']
2026-05-19 21:30:18,500 DEBUG    root            Running [gcloud.config.config-helper] with arguments: [--format: "json", --min-expiry: "1800"]
2026-05-19 21:30:18,500 DEBUG    root            On GCE from disk cache: True
2026-05-19 21:30:18,510 DEBUG    root            On GCE from memory cache: True
2026-05-19 21:30:18,522 DEBUG    root            On GCE from memory cache: True
2026-05-19 21:30:18,532 DEBUG    google.auth.transport.requests Making request: GET http://metadata.google.internal/computeMetadata/v1/instance/service-accounts/511076842936-compute@developer.gserviceaccount.com/?recursive=true
2026-05-19 21:30:18,534 DEBUG    urllib3.connectionpool Starting new HTTP connection (1): metadata.google.internal:80
2026-05-19 21:30:18,536 DEBUG    urllib3.connectionpool http://metadata.google.internal:80 "GET /computeMetadata/v1/instance/service-accounts/511076842936-compute@developer.gserviceaccount.com/?recursive=true HTTP/1.1" 200 155
2026-05-19 21:30:18,536 DEBUG    google.auth.transport.requests Making request: GET http://metadata.google.internal/computeMetadata/v1/instance/service-accounts/511076842936-compute@developer.gserviceaccount.com/token
2026-05-19 21:30:18,538 DEBUG    urllib3.connectionpool http://metadata.google.internal:80 "GET /computeMetadata/v1/instance/service-accounts/511076842936-compute@developer.gserviceaccount.com/token HTTP/1.1" 200 868
2026-05-19 21:30:18,562 DEBUG    root            Chosen display Format:default json
2026-05-19 21:30:18,563 INFO     root            Display format: "default json"
2026-05-19 21:30:18,612 INFO     ___FILE_ONLY___ {
  "configuration": {
    "active_configuration": "default",
    "properties": {
      "compute": {
        "region": "us-central1"
      },
      "core": {
        "account": "511076842936-compute@developer.gserviceaccount.com",
        "disable_usage_reporting": "True",
        "project": "project-a5d39078-68b8-4a9c-a89",
        "universe_domain": "googleapis.com"
      },
      "dataproc": {
        "region": "us-central1"
      }
    }
  },
  "credential": {
    "access_token": "ya29.c.c0AZ4bNpaMaFTjGpeEFQz-JhCAF_qsTq8XC11NKvFpdBiiEcCOXBuJMmFJf-1uiVMICg3OK4Oiozq8jPaI_xRGofYspM2BqQ4oQjC_WS4itpdgZTt5lZCCuk2qWc1cuk6O5Y8mlhbW1f8NkffHrsVBTC6vTPrQt_Ffqg06xB8nFqxAq94EkcFHIMj0XsOjCm16fKYPGiqcaRN2J4vDom766_SLej6s1b7Qn9In3GBmSgm1nmoYlH_qrGH7iJZXggvjHGBIxCLOvO6u-CueD6taPOXXZws6eyfZJbdGBEbWVVQ7suiWWNwZ4I2LhZWrhkbniCdIkpMBERz_EMgf7iD7q3jadzNCusmk0mwPO0n8hicqCVaVAfrnLIGjlSZefMAcMchbkdy9ALxM_FRb8GV8rAH415CXw8Zl-IIYVfSXxFdZYkZ96eeuwvQs6bbQiBYwFer6fn4fW31-nUYhvkalzmt73g8wR-SgWfe-j-5yf8ntj798yapb3a3dFe6fa-uBvbdZhMnjJqMoxq_m8gp_Zmda4y9ajV0QqZ514OQzleIQjtvtBjgd87Jwjv5IyosYM_0Mg9ilf-VtRj-dsxBUl7g15pp55q_JiQ_mn-pgI7dj32_ex-rI97dcj36q3ShaVnlQ-7g4wS6WxdbpwYYBhueOZIq2-z15k0v_szUUb4h3I-WwW1Sa3Jn-bdlW-wZeQ_6Udt1mlufuSqSRuudY_qikVd9dcld4IfqnIcvQIZaIyJuhi5puMFgZcn3I6w5IBwxr6gboYxfsShhfhgBnMygirQ9ziIpY9rcUVf9qWf6a8uhk-VFc01U17-tQ5bF3eRvgBXydbRnxOFX13Qupte1i5eFXcbbzvpWJt4URohBdh--j-4y_4spauVBJW7IpQBremMOcow9Z47zJSMa0bW0-_jBRs-n_zJS5l50XoM3OhU9-apdZchk24zq8eJhs4pb9-bvwaXfejSwBJ5d9YrinhfvYMY-1Vvudb2acpV8yYjzbvFcVmrW",
    "id_token": "eyJhbGciOiJSUzI1NiIsImtpZCI6ImY4ZTY2MjBkMzk3MTFhYTIxY2U4YTJiZjJmM2VlMDFiOTI0Y2IyZDAiLCJ0eXAiOiJKV1QifQ.eyJhdWQiOiIzMjU1NTk0MDU1OS5hcHBzLmdvb2dsZXVzZXJjb250ZW50LmNvbSIsImF6cCI6IjEwOTM2NDkyNzM1Mjg0NzY2NDA0OSIsImV4cCI6MTc3OTIyOTgxOCwiaWF0IjoxNzc5MjI2MjE4LCJpc3MiOiJodHRwczovL2FjY291bnRzLmdvb2dsZS5jb20iLCJzdWIiOiIxMDkzNjQ5MjczNTI4NDc2NjQwNDkifQ.T8cwXv-QrO2Ce0YMhmIsn9twJfd7utjPE8zcmSRR1NCmapWT9cKj_K1lfmABSaGmdo70wbuNDzYLUbNJBktGL2NpUfsLuC2j4LvBrn5-jP2-Qg_VpMFZusvuMxKPh04L4YcbknU308_I6cQZ5TQ-mvCQbM6htJIFqLSSyg4ZQOocoWKu-vVYmx4EUtCLkg5s_Lu9zFMgkGUiXeiwQWiWY3W53vp8-8iIe-zDKFlUhNRIJcDqGGaJfHhC2onA0Pws8l0l_aWHftmxkrO4sqotw_uE5fNLd19NJN-1gr3OtGSdHIcHMAPhJqus7fShOc_C-Nf85xeeigVZCjCuf34xUw",
    "token_expiry": "2026-05-19T21:35:28Z"
  },
  "sentinels": {
    "config_sentinel": "/home/jupyter/.config/gcloud/config_sentinel"
  }
}
2026-05-19 21:30:18,612 INFO     ___FILE_ONLY___ 

2026-05-19 21:30:18,621 DEBUG    root            SDK update checks are disabled.
