2026-05-22 22:00:19,706 DEBUG    root            Loaded Command Group: ['gcloud', 'config']
2026-05-22 22:00:19,731 DEBUG    root            Loaded Command Group: ['gcloud', 'config', 'config_helper']
2026-05-22 22:00:19,734 DEBUG    root            Running [gcloud.config.config-helper] with arguments: [--format: "json", --min-expiry: "1800"]
2026-05-22 22:00:19,742 DEBUG    root            On GCE from server: True
2026-05-22 22:00:19,773 DEBUG    root            Chosen display Format:default json
2026-05-22 22:00:19,773 INFO     root            Display format: "default json"
2026-05-22 22:00:19,817 INFO     ___FILE_ONLY___ {
  "configuration": {
    "active_configuration": "default",
    "properties": {
      "compute": {
        "region": "us-central1"
      },
      "core": {
        "account": "mauricioyorman@gmail.com",
        "disable_usage_reporting": "True",
        "project": "project-a5d39078-68b8-4a9c-a89",
        "universe_domain": "googleapis.com"
      },
      "dataproc": {
        "region": "us-central1"
      }
    }
  },
  "credential": {
    "access_token": "ya29.a0AQvPyIMeWx809nJ_Nic4eTP-yilSu7vn8o7_k82tSro6bkAjxuXkAyVgFMi5oWQxlKk-QaNrWlxK3lJsjEvqbAFjdo7PPgY03waocCXYRUZ17rUvXj_Hldxl-18-Uf6kJIx8kV_29xn1X_IsIF2dub2vWxYBP9i2KSIb5Pnaii5tEJB9pLR2cXY-6OKUQBdwc86WAn7rLdbLrgaCgYKAWASARUSFQHGX2Miqk42AhdviZAaU8Y90ox1XQ0213",
    "id_token": "eyJhbGciOiJSUzI1NiIsImtpZCI6IjQxYjJlMTFmZjljYTI2ZTc4YzAyNWE5ZDRhNDI5Y2IwNjAxMzk1NmUiLCJ0eXAiOiJKV1QifQ.eyJpc3MiOiJodHRwczovL2FjY291bnRzLmdvb2dsZS5jb20iLCJhenAiOiIzMjU1NTk0MDU1OS5hcHBzLmdvb2dsZXVzZXJjb250ZW50LmNvbSIsImF1ZCI6IjMyNTU1OTQwNTU5LmFwcHMuZ29vZ2xldXNlcmNvbnRlbnQuY29tIiwic3ViIjoiMTA3MzI3NDM3NzM4NTEyMDk0MTkzIiwiZW1haWwiOiJtYXVyaWNpb3lvcm1hbkBnbWFpbC5jb20iLCJlbWFpbF92ZXJpZmllZCI6dHJ1ZSwiYXRfaGFzaCI6IlpnX2VkX2RDUklrS3JEZldoZk1kNVEiLCJpYXQiOjE3Nzk0ODU5MjcsImV4cCI6MTc3OTQ4OTUyN30.rZ3skZjzgZzqwMg2FLs3N_ZJf3g6vz9sDKf-DQbACNpox9ZS1O0iqm7DB5i_qmL2nRpMlB1u4eymHtDFMrS7Ydi2e8R4MsNeDVvK6bMwrvaY5zVdJrQZjbQxklir_OaBTy4Q8M7sEm_QKzZORpPIs-tRAOnIlhfRNjRhIvgO4VVyfyZbbpCCAK4jHDV6OaRlEVB-mw3T2xuvhcVBgFXb8pdnaof8Kft8GK99ZK5L_wZC8V6KCQcyPXAGiByGNzsgcUPOqtKdIAPCo2Gs1DrXm9xS2GwTT0PZJ8Y4Up7HRhgrEHgq5azFGDp68CPTd8zAuAv-fiKP4PNnFXHBB9Zw-g",
    "token_expiry": "2026-05-22T22:38:46Z"
  },
  "sentinels": {
    "config_sentinel": "/home/jupyter/.config/gcloud/config_sentinel"
  }
}
2026-05-22 22:00:19,817 INFO     ___FILE_ONLY___ 

2026-05-22 22:00:19,826 DEBUG    root            SDK update checks are disabled.
