2026-05-15 02:35:26,328 DEBUG    root            Loaded Command Group: ['gcloud', 'config']
2026-05-15 02:35:26,352 DEBUG    root            Loaded Command Group: ['gcloud', 'config', 'config_helper']
2026-05-15 02:35:26,355 DEBUG    root            Running [gcloud.config.config-helper] with arguments: [--format: "json", --min-expiry: "1800"]
2026-05-15 02:35:26,358 DEBUG    root            On GCE from server: True
2026-05-15 02:35:26,377 DEBUG    root            Chosen display Format:default json
2026-05-15 02:35:26,378 INFO     root            Display format: "default json"
2026-05-15 02:35:26,431 INFO     ___FILE_ONLY___ {
  "configuration": {
    "active_configuration": "default",
    "properties": {
      "compute": {
        "region": "us-central1"
      },
      "core": {
        "account": "511076842936-compute@developer.gserviceaccount.com",
        "disable_usage_reporting": "True",
        "project": "project-a5d39078-68b8-4a9c-a89",
        "universe_domain": "googleapis.com"
      },
      "dataproc": {
        "region": "us-central1"
      }
    }
  },
  "credential": {
    "access_token": "ya29.c.c0AZ4bNpbTjirNZ_KzRdMjx-AHV0swnVMpZU7oUA70UIkfiOYEQaj_cGwaP94CvTCw1IKRSfZaLokc4FKZmizztjBQZEBbYhNWnnoqC8CGdfq9gCoaEGj-HtLVhVKQxCkJTkVe4WO85CHzKvkGvZ3LQiL4Phm7_A0Sav2fk4RQTriUHr54349FmA5XjHXq8no8ApdVqmy2OCf_RGdrnFJL-xMulD6tXMclN_J5VUep_rKHRvMOu15dbmbKn-ics5ReUnFizB4IQR-7J0p56g3D9LAVYTf9ZlCX6m4EP77TnIdosIZZDKMAJRBgENqJar3_k-_FFCT4QODbfYdjxQmstdX5XA9bJ6X3qtm6JAwST51SOhcQlg4RfcRfIsla4wo98N4Io0XPTY6s4iEKg55A5BUG416PISMJXMoXVctRpaziWBvxW4zkojsavr9JVtI80XSM789qbfiJm686_XUjVe5hfpO4ckixjB9d02tbumqzl7sZ3bX7ByJiRverfJ10dXp4pkOXliJ0rBOjwcqm9MylgQ2yyUR2VImceFaO1Zdl9-y6dRfyu3yp2IV5mgzus0j_jal3X7Fw9rz4583xQb0i_Bh2-pZUcWR_097syXXZd1i8nB3piecUlJyvixMzR98459waJaWooejzs7wM5B0zmvYOlw70Oj_g5ftfIycj6BUvr2Xc_QxYa7t4mzvjbdcrBSmzba09r7QOFQkdYi3h8tBMm1O7bXuVRp8IfUUWfQ8wU9BM514ftQQ6jrrsvnQWrmJUia-xpJ9Iwd6uBsS45YscmOoMuIWkYwMBgF1vRmX7rz1shV6anrupWUuMesiSnXFMxtmVXOO8yly1pWiZqOZmotQq4Qko8g0oYR4RU5Zkcha_zOXycfmm1qZoyQ5skWO7RBVOSpmVd2M2nyr5RmyOph0u75r3BJZBM9VQze3RsjU80S0VXyoIJ4VlhU-kbz4gtu1qYVy68X49-vhmVcOuyu06J4dvJjvgSrnqF4MXnldq4h9",
    "id_token": "eyJhbGciOiJSUzI1NiIsImtpZCI6ImY4ZTY2MjBkMzk3MTFhYTIxY2U4YTJiZjJmM2VlMDFiOTI0Y2IyZDAiLCJ0eXAiOiJKV1QifQ.eyJhdWQiOiIzMjU1NTk0MDU1OS5hcHBzLmdvb2dsZXVzZXJjb250ZW50LmNvbSIsImF6cCI6IjEwOTM2NDkyNzM1Mjg0NzY2NDA0OSIsImV4cCI6MTc3ODgxNDkxMywiaWF0IjoxNzc4ODExMzEzLCJpc3MiOiJodHRwczovL2FjY291bnRzLmdvb2dsZS5jb20iLCJzdWIiOiIxMDkzNjQ5MjczNTI4NDc2NjQwNDkifQ.C5ECMWVlI9uA-EUsRk-VNf3kfOrlSFr5wwpTGWypl_bv6KwiHRG2aYAmdy8vgnyhWU-QLojYM6rofThEzg2Fdd6mCezfLoNMuRqkwk-330PzpKqN-WFzcTUdOCvL583-DdUk7Cc65RHLBmhHZOYAjTIOlAckap3pCZZ0DKQIz635zKYlB0FuxFwWWUedb45Pva7jtORNs0pI3N_y19SQrnr3DpdAbZsf0yMQujbInZkRreQKxAGj3VZmFXjTgGCKf0jQG2cGWjn_1CpiasGNfKXvN2xEr1Uj3WMhIs7u2bneeq1SY1FlkaNZxc4yV3Tl90nhttGe4TuxTYZiLrS93A",
    "token_expiry": "2026-05-15T03:12:37Z"
  },
  "sentinels": {
    "config_sentinel": "/home/jupyter/.config/gcloud/config_sentinel"
  }
}
2026-05-15 02:35:26,431 INFO     ___FILE_ONLY___ 

2026-05-15 02:35:26,440 DEBUG    root            SDK update checks are disabled.
