2026-05-15 03:42:05,099 DEBUG    root            Loaded Command Group: ['gcloud', 'config']
2026-05-15 03:42:05,122 DEBUG    root            Loaded Command Group: ['gcloud', 'config', 'config_helper']
2026-05-15 03:42:05,125 DEBUG    root            Running [gcloud.config.config-helper] with arguments: [--format: "json", --min-expiry: "1800"]
2026-05-15 03:42:05,125 DEBUG    root            On GCE from disk cache: True
2026-05-15 03:42:05,136 DEBUG    root            On GCE from memory cache: True
2026-05-15 03:42:05,147 DEBUG    root            On GCE from memory cache: True
2026-05-15 03:42:05,159 DEBUG    google.auth.transport.requests Making request: GET http://metadata.google.internal/computeMetadata/v1/instance/service-accounts/511076842936-compute@developer.gserviceaccount.com/?recursive=true
2026-05-15 03:42:05,161 DEBUG    urllib3.connectionpool Starting new HTTP connection (1): metadata.google.internal:80
2026-05-15 03:42:05,162 DEBUG    urllib3.connectionpool http://metadata.google.internal:80 "GET /computeMetadata/v1/instance/service-accounts/511076842936-compute@developer.gserviceaccount.com/?recursive=true HTTP/1.1" 200 155
2026-05-15 03:42:05,163 DEBUG    google.auth.transport.requests Making request: GET http://metadata.google.internal/computeMetadata/v1/instance/service-accounts/511076842936-compute@developer.gserviceaccount.com/token
2026-05-15 03:42:05,165 DEBUG    urllib3.connectionpool http://metadata.google.internal:80 "GET /computeMetadata/v1/instance/service-accounts/511076842936-compute@developer.gserviceaccount.com/token HTTP/1.1" 200 871
2026-05-15 03:42:05,189 DEBUG    root            Chosen display Format:default json
2026-05-15 03:42:05,190 INFO     root            Display format: "default json"
2026-05-15 03:42:05,242 INFO     ___FILE_ONLY___ {
  "configuration": {
    "active_configuration": "default",
    "properties": {
      "compute": {
        "region": "us-central1"
      },
      "core": {
        "account": "511076842936-compute@developer.gserviceaccount.com",
        "disable_usage_reporting": "True",
        "project": "project-a5d39078-68b8-4a9c-a89",
        "universe_domain": "googleapis.com"
      },
      "dataproc": {
        "region": "us-central1"
      }
    }
  },
  "credential": {
    "access_token": "ya29.c.c0AZ4bNpbTq27qdnDvS8ADgwK4DXQY9UNQi83jD4qdUUQFCI5-3v4n0LO9UDBYSXiehaiN3sJVQ32-KQwURNpYp1sDYFQufivALjldvm1xWARDceGnltdPxyD0GGMZgoWv26zTJsf3iQzGsAv35lfpT0TdYXzUGTWVebbPTL52S9N0S3MYM2gPmZNNlzxVP4mmOAWbUKmaqxg-DCCEFBjBWqDuC45FwLuqMxQlSFnn8ux41FbOoTMhXRL1NpA3bUtw3HFACZIRDRNXb801XMTSmuU1rRg73YkwV9QO1A66XHouVU9GUePrcqh-7rcOZ-LQicugg4Z31EwoVwIQ5ws6Vmz3h-YKfzwhbfZt6APVo4LcFC2EJaWxSk6KTA_JnBBKPnV74ZFP5l-RrjfwfJ2vp_RHL417PcWsF4vuzZthu-ymbv-oMm17MhIFJBU1BcivSwfR3kZnsU5ZiWsUWtV04UpZ3iS6eyFlud38ej7WhpQB7fkMBBOW9Jl683RpzjgfFdjUkX90iV8axxJ0RukqtvveO49mZo2hIye1zMUyftY0cFcxRrhB3ip0RW00F_37ZaZrkJwVrJoOO-trnzQc4hic_ZFJpZ0elSOBZWX3f-XdyjkVzuditjuvjg92V4lkwuzUid1vkalnk6ynsf6_dgxiS_woSul3mdeVRJvc1hw0kt9ZVltnwgJl4dzIlUwXxzldFhVgnFkZfsJeq9aMh733lFhmlYJefSy-UZvbwmw6sZbm5eU0_Mo4YSn3nih7dO2hM_n1FU9UJdSUz5JVSXFMmSyhtgmd4JJhmcong7crnsXi-0VisbqF8XB8kdRYOd07pkSVIW-xhdUv48kpsIFrSa7aw7fZjlJtShIM0dIq9vgkx4zguZw0BhxdmgRVQbX91drycUF1qVqF49zmlFhp1pRZMRX1ZXagXYQ-SdQ3o9OSf4oWv917-zva-u29-dcjgIUz94_BQ3zBhvY-7gfpZ038zYzW8aRQno5u2fU1kfmco8oZgq4",
    "id_token": "eyJhbGciOiJSUzI1NiIsImtpZCI6ImY4ZTY2MjBkMzk3MTFhYTIxY2U4YTJiZjJmM2VlMDFiOTI0Y2IyZDAiLCJ0eXAiOiJKV1QifQ.eyJhdWQiOiIzMjU1NTk0MDU1OS5hcHBzLmdvb2dsZXVzZXJjb250ZW50LmNvbSIsImF6cCI6IjEwOTM2NDkyNzM1Mjg0NzY2NDA0OSIsImV4cCI6MTc3ODgyMDEyNSwiaWF0IjoxNzc4ODE2NTI1LCJpc3MiOiJodHRwczovL2FjY291bnRzLmdvb2dsZS5jb20iLCJzdWIiOiIxMDkzNjQ5MjczNTI4NDc2NjQwNDkifQ.I57HgKiw9uivDHFPgVk3MGhhK3y4LpgZM-0fKNg45y5r9sRDYB_qKoJcdijn99_JzNDHCIunTy6WY38oUEhEnpX9E589HMua5TKz8Ht5g5KOLBNsU_-fHOCPn63oXsUMEQdjimmQRlGE6QgFyeu6_LR8z02qja3FFvW4vYREJ_DMJwoINV9SZfSyshzyx3LrXX9zqaDZk5K1BMNMfz7KK_-TXYOOOjcl-NTRwWox8q9fTMLEPjyOgUWAmVWIPRhDNpcbBshsVe3S9wE92oAXeFgf4IGQX_jiuynWGFtqofsSC4QqbtdeiMjXdA1jiHS6cbqTTvjjinRqep5-F3miEw",
    "token_expiry": "2026-05-15T03:51:17Z"
  },
  "sentinels": {
    "config_sentinel": "/home/jupyter/.config/gcloud/config_sentinel"
  }
}
2026-05-15 03:42:05,243 INFO     ___FILE_ONLY___ 

2026-05-15 03:42:05,252 DEBUG    root            SDK update checks are disabled.
