2026-05-15 21:48:56,288 DEBUG    root            Loaded Command Group: ['gcloud', 'config']
2026-05-15 21:48:56,307 DEBUG    root            Loaded Command Group: ['gcloud', 'config', 'config_helper']
2026-05-15 21:48:56,309 DEBUG    root            Running [gcloud.config.config-helper] with arguments: [--format: "json", --min-expiry: "1800"]
2026-05-15 21:48:56,313 DEBUG    root            On GCE from server: True
2026-05-15 21:48:56,329 DEBUG    root            Chosen display Format:default json
2026-05-15 21:48:56,329 INFO     root            Display format: "default json"
2026-05-15 21:48:56,371 INFO     ___FILE_ONLY___ {
  "configuration": {
    "active_configuration": "default",
    "properties": {
      "compute": {
        "region": "us-central1"
      },
      "core": {
        "account": "511076842936-compute@developer.gserviceaccount.com",
        "disable_usage_reporting": "True",
        "project": "project-a5d39078-68b8-4a9c-a89",
        "universe_domain": "googleapis.com"
      },
      "dataproc": {
        "region": "us-central1"
      }
    }
  },
  "credential": {
    "access_token": "ya29.c.c0AZ4bNpZev9JRCKiD1djqzMBoMorZZ_6rNHCvBWSi_4znZzAnpE0OCQV27z1ahtOO1sSFfurlHui54LcMmiE4elnL4bPBKZlybqxqQRwBNYmx3uhjaZxob5_VpYcsNOU1f3mVJLbtBr1fMal7PGloGldRlqzyDwhhrSSPEIk5mg0iGjXdmcnfbhq2zv7ldu9XLoLhR13NmOZJclC1bSIKgAERpY9Ajd9B0XsgOb-sXBjZ0S852PswLJZs7airpICogZQamxguxs3FAu__cKqLXgZ_v3gmVCRootHhLk-57-b_MOn2lkSacDsBZPD0MgZaZeeZ8vIRPsM3Oykz58L1GwDqwv4xjutvJy2eTtw10709t5azQEgRgzYRxKhjpAHuPiiOQJZ1pj--uR52tMIgaqQN416KIS9hYj-WQe2qXq0RcJMjQfypI3BQb47fJXe2cjxem_Infi68idiSWxbn7Vu-JJt_FjBwmxrpb8OW0VdbmbJRyYf9UfZv0qRIQZ1fO_yhJk0Jq4tZ7m0iZcpydJe522IUvBtdm10Sk3bambBmdsp0_3ZSr4Me5lFf9JfJ_6QeisBWX7MBSM-63ayte-c_wqv3_V9xUBp3Xbik6tSxv94nrO-Rzlij6qpxrjnQzQkX8hi3w3aImt87gJO_1Qk4lzRMcbdVp26I0xxvokgRp_5azaB9qtapsqMjgr35Zy531avptZuo_i6ahWa4vrR9V4Rt8R1wz463R9StS--8bMt_cZeSU58oURozhydwfMjWF7dvYzQfdfkiV-dIizMOzgrRRgUihvI8hyrxibf7O4jw8xiloiuM52br49qRqngJw8k13yj91m5b-rJg3eZ2-86RoS-od58FyWJo-vXQ2F68j425MrQJ6paka_-2otFOWR-ghSmbo91VnQf2O5wcU_hVSzQhs1kuawUeFsSbZ4umZ_0wQzlM5nZnowheZFSkhhbyp9z6vM2a6fdOqrX_WbqBQYnddngw2Vke6Q6RwqSsbnWd1v7",
    "id_token": "eyJhbGciOiJSUzI1NiIsImtpZCI6ImY4ZTY2MjBkMzk3MTFhYTIxY2U4YTJiZjJmM2VlMDFiOTI0Y2IyZDAiLCJ0eXAiOiJKV1QifQ.eyJhdWQiOiIzMjU1NTk0MDU1OS5hcHBzLmdvb2dsZXVzZXJjb250ZW50LmNvbSIsImF6cCI6IjEwOTM2NDkyNzM1Mjg0NzY2NDA0OSIsImV4cCI6MTc3ODg4NDczMywiaWF0IjoxNzc4ODgxMTMzLCJpc3MiOiJodHRwczovL2FjY291bnRzLmdvb2dsZS5jb20iLCJzdWIiOiIxMDkzNjQ5MjczNTI4NDc2NjQwNDkifQ.HGF5M3XobOFYrBNryOg93bJ5-geK9ubcNEgi0_yNaEYcMsVVdTAqAhXV4pHP_Izv0UUZQ4Gq7uvnBElaYf7eNx1A2_pB8iGC7OVzy0IdENe4z9zO8fYITgkZlOiirZo8_1UU06u2pyIdg9Jrx9s4mQJCGe5InC08O-qcVgUmrFlSqmxt1z2NL7OGnz4HTIIHag6SbyL_8xuewUGXm5IcmOBbxntsIgbDVWVporZ8_W7-Se1gq0Yj0eXSbI66UHzjntF3ncyXzU2NObAZqFF-mQumLclriTxS6opDsePOOyQjdaHfSNAOOHsBHNppP-NjY9_ZYUbg4KjWKcAZ3RJv7g",
    "token_expiry": "2026-05-15T22:37:41Z"
  },
  "sentinels": {
    "config_sentinel": "/home/jupyter/.config/gcloud/config_sentinel"
  }
}
2026-05-15 21:48:56,371 INFO     ___FILE_ONLY___ 

2026-05-15 21:48:56,379 DEBUG    root            SDK update checks are disabled.
