2026-05-12 01:24:03,853 DEBUG    root            Loaded Command Group: ['gcloud', 'config']
2026-05-12 01:24:03,875 DEBUG    root            Loaded Command Group: ['gcloud', 'config', 'config_helper']
2026-05-12 01:24:03,877 DEBUG    root            Running [gcloud.config.config-helper] with arguments: [--format: "json", --min-expiry: "1800"]
2026-05-12 01:24:03,881 DEBUG    root            On GCE from server: True
2026-05-12 01:24:03,898 DEBUG    root            Chosen display Format:default json
2026-05-12 01:24:03,899 INFO     root            Display format: "default json"
2026-05-12 01:24:03,953 INFO     ___FILE_ONLY___ {
  "configuration": {
    "active_configuration": "default",
    "properties": {
      "compute": {
        "region": "us-central1"
      },
      "core": {
        "account": "511076842936-compute@developer.gserviceaccount.com",
        "disable_usage_reporting": "True",
        "project": "project-a5d39078-68b8-4a9c-a89",
        "universe_domain": "googleapis.com"
      },
      "dataproc": {
        "region": "us-central1"
      }
    }
  },
  "credential": {
    "access_token": "ya29.c.c0AZ4bNpazaH4ZSBFbCjiPRTAIiX2rPwulxnt3iWsub-cBWp3xAoz_fmhCOMFfCHwGcvf4JgVWCyDUJ0esRl02Q-4CyLqII-AgFxobbClGBvre0zyjSZ-flLF6u_zxrYuvqcocj1QVOol8sZxpYD2O26hAml0asj2Kz8g6bMEf-n_bjcEyyV5GXYJV6qfC32R2py2mZm7mYqqHaA9c_enMbJt6cPDowctQV-6DQGdBjoMAcFjb9reksBSbTLdpsL3bstycJ-YoXIvAV1cFNRgJhtfdZUiQeawME3hVzRRxdrrVFR_rNf-58nGGr25s-trVwLZq0edjhCUnlsHbPH8BnzXoBVqEA3zW4c5Zr07Khvp70Gc2R94JIVHEJkucYO2S-j6my3hVJFlI8BQL3ounhgT415D0hxqofr9c-ut7s3ou9t5aJah6cVna4vlWbbfJcvcqwf2W4ZXkOtBhmS3tnycB65O4ii96MpruRejcS0F-BFI3dfzrc7Ft-JXOa7ZJu9xnFIkvylj3eUzfbvwcogvmo5Uf3tQv5O8ZVz7ybWWZZ5sMryg8hwBgjMq_dpY-OZRO--MbdlpWyYXUOmskX3zRVW1FmarJWRQeV9QVsass8FM0QQ6eFr3-niS7e-v9IeQY0xmQRvt3Ixfycy9mf_mgjyIJv-xv7af_6Us-o5gIOqXt2XQv5pjpIU8Qf9spZ0_oQrwIYS3zkn22bI7S2coSkzf2_6SI3_qu-me9OR0mQo5a_ZMiu6rF57FreBjlpfFbltpg7QZ96lM3FQIknoiYp29701nxU5zwro6eo607iRUzh77l8kbUOloX08u5m58SJ6Ws2X0yInSUZl7RWVRs_QQMVMcOm6Z_nrrUMRcZkjSyUVv_oUspYF9JiRdw5z9derj_Okr2e2QcOUot-gw89RgUa6Mribqo7sVUi2YexZiqJISsOneMmgM-WeOw0kgMXi7SVJgwi1W69oIYnSs9MMuz_4rcVJ-MW8gY12tWvW3kJ8poQYp",
    "id_token": "eyJhbGciOiJSUzI1NiIsImtpZCI6IjgwNzZkZGJhYjQxNTU1NmUxNjkxNTRjNmE0YTBiZGJkNDQ2OWI3OWMiLCJ0eXAiOiJKV1QifQ.eyJhdWQiOiIzMjU1NTk0MDU1OS5hcHBzLmdvb2dsZXVzZXJjb250ZW50LmNvbSIsImF6cCI6IjEwOTM2NDkyNzM1Mjg0NzY2NDA0OSIsImV4cCI6MTc3ODU1MjAyOSwiaWF0IjoxNzc4NTQ4NDI5LCJpc3MiOiJodHRwczovL2FjY291bnRzLmdvb2dsZS5jb20iLCJzdWIiOiIxMDkzNjQ5MjczNTI4NDc2NjQwNDkifQ.lVQEwGxJ5abKyvPd99wTi91i4vnHMS96oXdyYEC-UruIED6oYnx6zNp_DA3YayKOnHFs1e7iUwmhTX2lehGUcb_efizFTWvI_uqivk_vJzE6Kyo_sYQAZ9yKT5QqvfoaYVrO86qJhDf8EJ-XVlwLgbar3knoQguRL1UzpUEUzQDh3hcjAULS0Vqn0aXvSkjpbfcKYLCu56jY40her9CB3n_rum13ak8ULAykG439jD3QEt2fctAwCHW-6TpvSwVkYUS3xXf3c-t9G-7ESvYPGGCNaO5_Wie2jzUELa6rxzMHh-WUDWfxcd2yAoRQgcR_oOPsTVevca2Dg37D_xaqAQ",
    "token_expiry": "2026-05-12T02:10:11Z"
  },
  "sentinels": {
    "config_sentinel": "/home/jupyter/.config/gcloud/config_sentinel"
  }
}
2026-05-12 01:24:03,953 INFO     ___FILE_ONLY___ 

2026-05-12 01:24:03,962 DEBUG    root            SDK update checks are disabled.
