2026-05-21 01:22:53,260 DEBUG    root            Loaded Command Group: ['gcloud', 'config']
2026-05-21 01:22:53,290 DEBUG    root            Loaded Command Group: ['gcloud', 'config', 'config_helper']
2026-05-21 01:22:53,292 DEBUG    root            Running [gcloud.config.config-helper] with arguments: [--format: "json", --min-expiry: "1800"]
2026-05-21 01:22:53,297 DEBUG    root            On GCE from server: True
2026-05-21 01:22:53,312 DEBUG    root            On GCE from memory cache: True
2026-05-21 01:22:53,325 DEBUG    root            On GCE from memory cache: True
2026-05-21 01:22:53,336 DEBUG    google.auth.transport.requests Making request: GET http://metadata.google.internal/computeMetadata/v1/instance/service-accounts/511076842936-compute@developer.gserviceaccount.com/?recursive=true
2026-05-21 01:22:53,339 DEBUG    urllib3.connectionpool Starting new HTTP connection (1): metadata.google.internal:80
2026-05-21 01:22:53,341 DEBUG    urllib3.connectionpool http://metadata.google.internal:80 "GET /computeMetadata/v1/instance/service-accounts/511076842936-compute@developer.gserviceaccount.com/?recursive=true HTTP/1.1" 200 155
2026-05-21 01:22:53,342 DEBUG    google.auth.transport.requests Making request: GET http://metadata.google.internal/computeMetadata/v1/instance/service-accounts/511076842936-compute@developer.gserviceaccount.com/token
2026-05-21 01:22:53,344 DEBUG    urllib3.connectionpool http://metadata.google.internal:80 "GET /computeMetadata/v1/instance/service-accounts/511076842936-compute@developer.gserviceaccount.com/token HTTP/1.1" 200 870
2026-05-21 01:22:53,397 DEBUG    root            On GCE from memory cache: True
2026-05-21 01:22:53,401 DEBUG    root            On GCE from memory cache: True
2026-05-21 01:22:53,404 DEBUG    google.auth.transport.requests Making request: GET http://metadata.google.internal/computeMetadata/v1/instance/service-accounts/511076842936-compute@developer.gserviceaccount.com/?recursive=true
2026-05-21 01:22:53,405 DEBUG    urllib3.connectionpool Starting new HTTP connection (1): metadata.google.internal:80
2026-05-21 01:22:53,408 DEBUG    urllib3.connectionpool http://metadata.google.internal:80 "GET /computeMetadata/v1/instance/service-accounts/511076842936-compute@developer.gserviceaccount.com/?recursive=true HTTP/1.1" 200 155
2026-05-21 01:22:53,408 DEBUG    google.auth.transport.requests Making request: GET http://metadata.google.internal/computeMetadata/v1/instance/service-accounts/511076842936-compute@developer.gserviceaccount.com/token?scopes=https%3A%2F%2Fwww.googleapis.com%2Fauth%2Fcloud-platform%2Chttps%3A%2F%2Fwww.googleapis.com%2Fauth%2Fuserinfo.email
2026-05-21 01:22:53,411 DEBUG    urllib3.connectionpool http://metadata.google.internal:80 "GET /computeMetadata/v1/instance/service-accounts/511076842936-compute@developer.gserviceaccount.com/token?scopes=https%3A%2F%2Fwww.googleapis.com%2Fauth%2Fcloud-platform%2Chttps%3A%2F%2Fwww.googleapis.com%2Fauth%2Fuserinfo.email HTTP/1.1" 200 870
2026-05-21 01:22:53,445 DEBUG    root            Chosen display Format:default json
2026-05-21 01:22:53,446 INFO     root            Display format: "default json"
2026-05-21 01:22:53,501 INFO     ___FILE_ONLY___ {
  "configuration": {
    "active_configuration": "default",
    "properties": {
      "compute": {
        "region": "us-central1"
      },
      "core": {
        "account": "511076842936-compute@developer.gserviceaccount.com",
        "disable_usage_reporting": "True",
        "project": "project-a5d39078-68b8-4a9c-a89",
        "universe_domain": "googleapis.com"
      },
      "dataproc": {
        "region": "us-central1"
      }
    }
  },
  "credential": {
    "access_token": "ya29.c.c0AZ4bNpbu4Kzs0EmtuOmh_RBhDLZQ4hldIQL32OUcz9R19b1BOdo_WqmEueWUboTQEn2ze7eKIDvw1FsKgaShqZJhcomv-orVsaUd866RxNAKX0DY_wFDHMiXPG_iffpbaOeIlc3YgsBY2sIqlRiCE7WUFnLe8LEmAzCBMUdpSISB2T0HWvoIr-RppgcV5vS1RO6gTbsoKl_iAo6TXCkMZwZgdjZ6DIawQ__h9sflgIoIxyFcZe8Su01nI-ZXynB0yFgNp1Ek-GosOkdoNkaEpgJXCSYXvCoDYGUGgPTVadLVj9kYxxuEmmTzJVRxjJpDw3d4_ZcsEUpAFBlB_f5NUXS7p3nL1PELWY38SMcgf-psdgerU3KUgCI4S2eLaQ1tRjI2iXDWuVJlqTlz_mIc-QT415CUz13Oc8IpB8JYvnRp5fYwFJV2XjkqqfUs-OvwQaF03fQdf3sYbtmS1m0kFaqQfewx4viwleozfh2B3tjBpBrrggJsz_FurWudcJxRM0UOto-ierngdu6vnq467-RVuI45ROb59UrokpyWJen13t--gMqYzM6B03YR_cUntMQzpt0x08-O6ug93aoa6wMXjwMqQll68gb_gYQk1-wyZyVj4_lQiUpvz81435fu9Qh31vR7OUcj_89lfZ0wv1Xi-QtV9Bw5WkOMIoru9WmWz_26BFJtUMOlpYnk9UxOwWc79zjl--9hOqtyYwluJVkfMOVnw4QU1faifXY6s0vrkahrUo6nVlzmoBu4J20zk6voZwfr6sR4xs4WrYc0kMWihack0j2t7QolsmrijtYoQ48ejzqlSfUna0zw8iudfWhfthsFYg1fFcJVwvkBg7J0mrzoufUblg_bz6YsJbb856p6lknrzkt9_OxeSl_JvOhgsojBY_B_iqOShVppJtiiM76FIQIS3c1ceM4nmyOaju6oZnU0vso82qsQd-e8t5adwmM0UyMvlSweuyIFR_RQJhZ-Mum1eb6ic5iczt82lbUVpMYlBqR",
    "id_token": "eyJhbGciOiJSUzI1NiIsImtpZCI6ImY4ZTY2MjBkMzk3MTFhYTIxY2U4YTJiZjJmM2VlMDFiOTI0Y2IyZDAiLCJ0eXAiOiJKV1QifQ.eyJhdWQiOiIzMjU1NTk0MDU1OS5hcHBzLmdvb2dsZXVzZXJjb250ZW50LmNvbSIsImF6cCI6IjEwOTM2NDkyNzM1Mjg0NzY2NDA0OSIsImV4cCI6MTc3OTMzMDE3MywiaWF0IjoxNzc5MzI2NTczLCJpc3MiOiJodHRwczovL2FjY291bnRzLmdvb2dsZS5jb20iLCJzdWIiOiIxMDkzNjQ5MjczNTI4NDc2NjQwNDkifQ.DrKMW887-6GGLuoh40SOJtjj1kVnpjjAJA7Cv65SpO8wq6XDZ93jT7gy2hIf6tHDNys_NQClyiryBE1uudNOZDJT11dA0p8drUIMLHsuC73NuDN2da_GiLC9kbvCeJj7jUTe-TwhlNTXhymcFfGptn_KZQqNVf8jnEc-F8lUgtMz13pzA6xiWFy8-qIYgNDawHdLMa6vgOLGMKhV_4YPdsdLzztAAlC2WM3Nry6m8l8f-sGPIFyosCHmQ-qJrvq1qPm5GAtp0MJ6Poywn19fV2o9U5rPKgKFHnDnF-ez3nFlornxX4uaT9WplnmBUFuWNFujB10vA2ndfwr768TN1A",
    "token_expiry": "2026-05-21T01:41:10Z"
  },
  "sentinels": {
    "config_sentinel": "/home/jupyter/.config/gcloud/config_sentinel"
  }
}
2026-05-21 01:22:53,501 INFO     ___FILE_ONLY___ 

2026-05-21 01:22:53,510 DEBUG    root            SDK update checks are disabled.
