2026-05-21 02:08:48,970 DEBUG    root            Loaded Command Group: ['gcloud', 'config']
2026-05-21 02:08:48,995 DEBUG    root            Loaded Command Group: ['gcloud', 'config', 'config_helper']
2026-05-21 02:08:48,998 DEBUG    root            Running [gcloud.config.config-helper] with arguments: [--format: "json", --min-expiry: "1800"]
2026-05-21 02:08:48,999 DEBUG    root            On GCE from disk cache: True
2026-05-21 02:08:49,011 DEBUG    root            On GCE from memory cache: True
2026-05-21 02:08:49,023 DEBUG    root            On GCE from memory cache: True
2026-05-21 02:08:49,035 DEBUG    google.auth.transport.requests Making request: GET http://metadata.google.internal/computeMetadata/v1/instance/service-accounts/511076842936-compute@developer.gserviceaccount.com/?recursive=true
2026-05-21 02:08:49,037 DEBUG    urllib3.connectionpool Starting new HTTP connection (1): metadata.google.internal:80
2026-05-21 02:08:49,039 DEBUG    urllib3.connectionpool http://metadata.google.internal:80 "GET /computeMetadata/v1/instance/service-accounts/511076842936-compute@developer.gserviceaccount.com/?recursive=true HTTP/1.1" 200 155
2026-05-21 02:08:49,040 DEBUG    google.auth.transport.requests Making request: GET http://metadata.google.internal/computeMetadata/v1/instance/service-accounts/511076842936-compute@developer.gserviceaccount.com/token
2026-05-21 02:08:49,042 DEBUG    urllib3.connectionpool http://metadata.google.internal:80 "GET /computeMetadata/v1/instance/service-accounts/511076842936-compute@developer.gserviceaccount.com/token HTTP/1.1" 200 869
2026-05-21 02:08:49,073 DEBUG    root            Chosen display Format:default json
2026-05-21 02:08:49,074 INFO     root            Display format: "default json"
2026-05-21 02:08:49,154 INFO     ___FILE_ONLY___ {
  "configuration": {
    "active_configuration": "default",
    "properties": {
      "compute": {
        "region": "us-central1"
      },
      "core": {
        "account": "511076842936-compute@developer.gserviceaccount.com",
        "disable_usage_reporting": "True",
        "project": "project-a5d39078-68b8-4a9c-a89",
        "universe_domain": "googleapis.com"
      },
      "dataproc": {
        "region": "us-central1"
      }
    }
  },
  "credential": {
    "access_token": "ya29.c.c0AZ4bNpZnqpzDkKV2ZgZKm5yjMuGY-tq3jYxsH-2EY65ZuAMwv1rTfmI0JmsjouU9soc_bcIhzYNfkCgBJQCnZOomw8C-jL3vlMb9vRyQk0BNmh8gFCJ_VAOIIyLm3srBKrsLzydxyb_hV8QbTQsoeYz2Gp2gOCXS0HUfD2NzwQPNQGXUEeK48MdZ3JngmT1Jih29B_G5VeTEqVTo-jOwmW7CQqOxhCSRyvT7grx07OBCphdgAmK7eXRKCmZ6cFCmqXdQrKZywVp7G8CG6hi5n5l7sOLHjN4TJFomk2WxFe-9Ufu-DZv34KVAFJ39bSkG-e8j_cydJojkBtsSBa4RgGXTe_wt2sA09LOACGgK6slpSzQpJ_9aUxCNCiEKg-zpwZGvuopIwkyZjGUzXDDQ7AE415A9Vm3SlvO2ki9ahJwhhl2h9vaS0_aZ__rmqpvlBcjj4_zjYnr-ahOXbqiJfgoMtI0owoFieFgwWbSx-Su6g9VyMQp7RMjfeBtvvXyfW5MYzfpmcnOs_tmSq3ecQpjBIgf4b8vUU7ZaVJFaejYd28vofgVqtkiZZ50UYMwincxsb72ohoi8mfgsFSgsdm5R_o330JJuJzs-tyV3OMnR1nY0d5B85p01xsQZ3_thyyOJci20v0sm7aeixWf6rMMIcMpS_WnnQkI0zxn4Ocaptt78mZmrheisgqnQ323sSrb88UrhMgQVeWgs7UWoYMrs8p3ganMr3ru3RnOtF7yXu45idja09oaM2B1-_1zS5Yb9kzsQ6rf9QJ4h1aMn2XW0hBcrdObmpB6aWV5yb8wzzViaok8c6Sft76V0q1ZFJBjVx3QnSUF7Bpu9ssho5ZfflWjwtcpvQ8cRZaunvy1ho63RvgcFrnBxOSOmFm8_I6_YzcoJF5lJbt8t-vn34j3em1n9Y9cZsuxybxuc32aafMmz_x2-Qa5hyV-yaXRsjpXpZt5sq3wZit9bqYBBMU_yQW29Vn6Y3W_0FuW9w67rQbj1n031IYR",
    "id_token": "eyJhbGciOiJSUzI1NiIsImtpZCI6ImY4ZTY2MjBkMzk3MTFhYTIxY2U4YTJiZjJmM2VlMDFiOTI0Y2IyZDAiLCJ0eXAiOiJKV1QifQ.eyJhdWQiOiIzMjU1NTk0MDU1OS5hcHBzLmdvb2dsZXVzZXJjb250ZW50LmNvbSIsImF6cCI6IjEwOTM2NDkyNzM1Mjg0NzY2NDA0OSIsImV4cCI6MTc3OTMzMjkyOSwiaWF0IjoxNzc5MzI5MzI5LCJpc3MiOiJodHRwczovL2FjY291bnRzLmdvb2dsZS5jb20iLCJzdWIiOiIxMDkzNjQ5MjczNTI4NDc2NjQwNDkifQ.KtK1ViIW7yOPhYe3ViJ1xTU6op3wON28USl8Vo69UDPkDOHzaX-PGFEZl4NHk19Hf7KMoL5nBfu-hV7t8BRwYVx6J-GdFzdQMQWiQbkNzmXDPDnVfGB_4HVPxS49SUR0Ohv17lGewrq5PTkASmTuTANbT8m5totS2IhB7hob7kPFvK3Vvi5X6Jq3JvA7FQQK1bYlAdCo-EZRul4AOWf2iOGN3VSWY_GeuGUp_xwdWil0NwuGZ63jpFa-69gBIwGdNhkooCkLOr6bfFDrdtlEYDPxWhXYJRgJ__jHhcQGaASiRkZHnb_6nXfhn5HnB757VACkLMb9Zp0RkHO7Rjrjvg",
    "token_expiry": "2026-05-21T02:36:22Z"
  },
  "sentinels": {
    "config_sentinel": "/home/jupyter/.config/gcloud/config_sentinel"
  }
}
2026-05-21 02:08:49,155 INFO     ___FILE_ONLY___ 

2026-05-21 02:08:49,164 DEBUG    root            SDK update checks are disabled.
