2026-05-21 02:25:57,560 DEBUG    root            Loaded Command Group: ['gcloud', 'projects']
2026-05-21 02:25:57,566 DEBUG    root            Loaded Command Group: ['gcloud', 'projects', 'describe']
2026-05-21 02:25:57,568 DEBUG    root            Running [gcloud.projects.describe] with arguments: [--format: "value(projectNumber)", PROJECT_ID_OR_NUMBER: "project-a5d39078-68b8-4a9c-a89"]
2026-05-21 02:25:57,569 DEBUG    root            On GCE from disk cache: True
2026-05-21 02:25:57,579 DEBUG    root            On GCE from memory cache: True
2026-05-21 02:25:57,606 DEBUG    urllib3.connectionpool Starting new HTTPS connection (1): cloudresourcemanager.googleapis.com:443
2026-05-21 02:25:57,634 DEBUG    urllib3.connectionpool https://cloudresourcemanager.googleapis.com:443 "GET /v1/projects/project-a5d39078-68b8-4a9c-a89?alt=json HTTP/1.1" 403 None
2026-05-21 02:25:57,640 DEBUG    root            Chosen display Format:value(message.list(separator="
"))
2026-05-21 02:25:57,688 DEBUG    root            Chosen display Format:value(links.flatten(show="values",separator="
"))
2026-05-21 02:25:57,688 DEBUG    root            Chosen display Format:default
2026-05-21 02:25:57,692 DEBUG    root            Chosen display Format:value(message.list(separator="
"))
2026-05-21 02:25:57,692 DEBUG    root            Chosen display Format:value(links.flatten(show="values",separator="
"))
2026-05-21 02:25:57,692 DEBUG    root            Chosen display Format:default
2026-05-21 02:25:57,694 DEBUG    root            Chosen display Format:value(message.list(separator="
"))
2026-05-21 02:25:57,694 DEBUG    root            Chosen display Format:value(links.flatten(show="values",separator="
"))
2026-05-21 02:25:57,695 DEBUG    root            Chosen display Format:default
2026-05-21 02:25:57,699 DEBUG    root            Chosen display Format:value(message.list(separator="
"))
2026-05-21 02:25:57,699 DEBUG    root            Chosen display Format:value(links.flatten(show="values",separator="
"))
2026-05-21 02:25:57,700 DEBUG    root            Chosen display Format:default
2026-05-21 02:25:57,696 DEBUG    root            (gcloud.projects.describe) [511076842936-compute@developer.gserviceaccount.com] does not have permission to access projects instance [project-a5d39078-68b8-4a9c-a89] (or it may not exist): Cloud Resource Manager API has not been used in project 511076842936 before or it is disabled. Enable it by visiting https://console.developers.google.com/apis/api/cloudresourcemanager.googleapis.com/overview?project=511076842936 then retry. If you enabled this API recently, wait a few minutes for the action to propagate to our systems and retry. This command is authenticated as 511076842936-compute@developer.gserviceaccount.com which is the active account specified by the [core/account] property.
Cloud Resource Manager API has not been used in project 511076842936 before or it is disabled. Enable it by visiting https://console.developers.google.com/apis/api/cloudresourcemanager.googleapis.com/overview?project=511076842936 then retry. If you enabled this API recently, wait a few minutes for the action to propagate to our systems and retry.
Google developers console API activation
https://console.developers.google.com/apis/api/cloudresourcemanager.googleapis.com/overview?project=511076842936
- '@type': type.googleapis.com/google.rpc.ErrorInfo
  domain: googleapis.com
  metadata:
    activationUrl: https://console.developers.google.com/apis/api/cloudresourcemanager.googleapis.com/overview?project=511076842936
    consumer: projects/511076842936
    containerInfo: '511076842936'
    service: cloudresourcemanager.googleapis.com
    serviceTitle: Cloud Resource Manager API
  reason: SERVICE_DISABLED
Traceback (most recent call last):
  File "/usr/bin/../lib/google-cloud-sdk/lib/googlecloudsdk/calliope/cli.py", line 941, in Execute
    resources = calliope_command.Run(cli=self, args=args)
  File "/usr/bin/../lib/google-cloud-sdk/lib/googlecloudsdk/calliope/backend.py", line 968, in Run
    resources = command_instance.Run(args)
  File "/usr/bin/../lib/google-cloud-sdk/lib/surface/projects/describe.py", line 48, in Run
    return projects_api.Get(project_ref)
           ~~~~~~~~~~~~~~~~^^^^^^^^^^^^^
  File "/usr/bin/../lib/google-cloud-sdk/lib/googlecloudsdk/api_lib/cloudresourcemanager/projects_api.py", line 126, in Get
    return client.projects.Get(
           ~~~~~~~~~~~~~~~~~~~^
        client.MESSAGES_MODULE.CloudresourcemanagerProjectsGetRequest(
        ^^^^^^^^^^^^^^^^^^^^^^^^^^^^^^^^^^^^^^^^^^^^^^^^^^^^^^^^^^^^^^
            projectId=project_ref.projectId))
            ^^^^^^^^^^^^^^^^^^^^^^^^^^^^^^^^^
  File "/usr/bin/../lib/google-cloud-sdk/lib/googlecloudsdk/generated_clients/apis/cloudresourcemanager/v1/cloudresourcemanager_v1_client.py", line 756, in Get
    return self._RunMethod(
           ~~~~~~~~~~~~~~~^
        config, request, global_params=global_params)
        ^^^^^^^^^^^^^^^^^^^^^^^^^^^^^^^^^^^^^^^^^^^^^
  File "/usr/bin/../lib/google-cloud-sdk/lib/third_party/apitools/base/py/base_api.py", line 744, in _RunMethod
    http_response = http_wrapper.MakeRequest(
        http, http_request, **opts)
  File "/usr/bin/../lib/google-cloud-sdk/lib/third_party/apitools/base/py/http_wrapper.py", line 359, in MakeRequest
    retry_func(ExceptionRetryArgs(http, http_request, e, retry,
    ~~~~~~~~~~^^^^^^^^^^^^^^^^^^^^^^^^^^^^^^^^^^^^^^^^^^^^^^^^^
                                  max_retry_wait, total_wait_sec))
                                  ^^^^^^^^^^^^^^^^^^^^^^^^^^^^^^^^
  File "/usr/bin/../lib/google-cloud-sdk/lib/third_party/apitools/base/py/http_wrapper.py", line 304, in HandleExceptionsAndRebuildHttpConnections
    raise retry_args.exc
  File "/usr/bin/../lib/google-cloud-sdk/lib/third_party/apitools/base/py/http_wrapper.py", line 348, in MakeRequest
    return _MakeRequestNoRetry(
        http, http_request, redirections=redirections,
        check_response_func=check_response_func)
  File "/usr/bin/../lib/google-cloud-sdk/lib/third_party/apitools/base/py/http_wrapper.py", line 406, in _MakeRequestNoRetry
    check_response_func(response)
    ~~~~~~~~~~~~~~~~~~~^^^^^^^^^^
  File "/usr/bin/../lib/google-cloud-sdk/lib/googlecloudsdk/api_lib/util/apis.py", line 237, in _CheckResponse
    _CheckForApiEnablementError(response_as_error)
    ~~~~~~~~~~~~~~~~~~~~~~~~~~~^^^^^^^^^^^^^^^^^^^
  File "/usr/bin/../lib/google-cloud-sdk/lib/googlecloudsdk/api_lib/util/apis.py", line 196, in _CheckForApiEnablementError
    PromptToEnableApi(*enablement_info)
    ~~~~~~~~~~~~~~~~~^^^^^^^^^^^^^^^^^^
  File "/usr/bin/../lib/google-cloud-sdk/lib/googlecloudsdk/api_lib/util/apis.py", line 179, in PromptToEnableApi
    raise exception
googlecloudsdk.api_lib.util.exceptions.HttpException: [511076842936-compute@developer.gserviceaccount.com] does not have permission to access projects instance [project-a5d39078-68b8-4a9c-a89] (or it may not exist): Cloud Resource Manager API has not been used in project 511076842936 before or it is disabled. Enable it by visiting https://console.developers.google.com/apis/api/cloudresourcemanager.googleapis.com/overview?project=511076842936 then retry. If you enabled this API recently, wait a few minutes for the action to propagate to our systems and retry. This command is authenticated as 511076842936-compute@developer.gserviceaccount.com which is the active account specified by the [core/account] property.
Cloud Resource Manager API has not been used in project 511076842936 before or it is disabled. Enable it by visiting https://console.developers.google.com/apis/api/cloudresourcemanager.googleapis.com/overview?project=511076842936 then retry. If you enabled this API recently, wait a few minutes for the action to propagate to our systems and retry.
Google developers console API activation
https://console.developers.google.com/apis/api/cloudresourcemanager.googleapis.com/overview?project=511076842936
- '@type': type.googleapis.com/google.rpc.ErrorInfo
  domain: googleapis.com
  metadata:
    activationUrl: https://console.developers.google.com/apis/api/cloudresourcemanager.googleapis.com/overview?project=511076842936
    consumer: projects/511076842936
    containerInfo: '511076842936'
    service: cloudresourcemanager.googleapis.com
    serviceTitle: Cloud Resource Manager API
  reason: SERVICE_DISABLED
2026-05-21 02:25:57,703 ERROR    root            (gcloud.projects.describe) [511076842936-compute@developer.gserviceaccount.com] does not have permission to access projects instance [project-a5d39078-68b8-4a9c-a89] (or it may not exist): Cloud Resource Manager API has not been used in project 511076842936 before or it is disabled. Enable it by visiting https://console.developers.google.com/apis/api/cloudresourcemanager.googleapis.com/overview?project=511076842936 then retry. If you enabled this API recently, wait a few minutes for the action to propagate to our systems and retry. This command is authenticated as 511076842936-compute@developer.gserviceaccount.com which is the active account specified by the [core/account] property.
Cloud Resource Manager API has not been used in project 511076842936 before or it is disabled. Enable it by visiting https://console.developers.google.com/apis/api/cloudresourcemanager.googleapis.com/overview?project=511076842936 then retry. If you enabled this API recently, wait a few minutes for the action to propagate to our systems and retry.
Google developers console API activation
https://console.developers.google.com/apis/api/cloudresourcemanager.googleapis.com/overview?project=511076842936
- '@type': type.googleapis.com/google.rpc.ErrorInfo
  domain: googleapis.com
  metadata:
    activationUrl: https://console.developers.google.com/apis/api/cloudresourcemanager.googleapis.com/overview?project=511076842936
    consumer: projects/511076842936
    containerInfo: '511076842936'
    service: cloudresourcemanager.googleapis.com
    serviceTitle: Cloud Resource Manager API
  reason: SERVICE_DISABLED
