2026-05-21 03:06:01,840 DEBUG    root            Loaded Command Group: ['gcloud', 'config']
2026-05-21 03:06:01,866 DEBUG    root            Loaded Command Group: ['gcloud', 'config', 'config_helper']
2026-05-21 03:06:01,869 DEBUG    root            Running [gcloud.config.config-helper] with arguments: [--format: "json", --min-expiry: "1800"]
2026-05-21 03:06:01,869 DEBUG    root            On GCE from disk cache: True
2026-05-21 03:06:01,891 DEBUG    root            Chosen display Format:default json
2026-05-21 03:06:01,892 INFO     root            Display format: "default json"
2026-05-21 03:06:01,950 INFO     ___FILE_ONLY___ {
  "configuration": {
    "active_configuration": "default",
    "properties": {
      "compute": {
        "region": "us-central1"
      },
      "core": {
        "account": "511076842936-compute@developer.gserviceaccount.com",
        "disable_usage_reporting": "True",
        "project": "project-a5d39078-68b8-4a9c-a89",
        "universe_domain": "googleapis.com"
      },
      "dataproc": {
        "region": "us-central1"
      }
    }
  },
  "credential": {
    "access_token": "ya29.c.c0AZ4bNpZmUhN9hfugeEfxXFPDeAOmfo6cS1oo-9sTMiOaFLB2TZDf5cxEszzME6TAbg7YhmGTiU97XyCo4l3d_1qgfgx5nNilcj22h7i2YexovGAGu8_rwdNrmPBw0vmHq8S5Km1GcwBCS-3qznY9T6xel5Gjbkh_cwjs27WZ5P6k41qfGPd_TCKzc_e1bo00vPB8arqs6sVM51puVMOjxyiT8qtlSjNg3uIgTAU1L2p2KL0wwHLUAA6x87fli8VL93RYt7y4rX9_sQmAuOO4Yd-viFRbk9dfxISNXAw6Ql8UxsQs0g6xLIYcj96gHgLSMbJuUtRVgHBKzjeUE0YRo_jnR2YLfaFv49oXI3nsBa7GIN6SWbyvLbBQVlJR5uvjnOeHuN5l14GdiggtlneSE413DmnQUmwh_zmSr0y2UhgQmZO3U3xk_vgFZMwBdS5dlOri_-B-f5VilIRquMvpo11Qkqm9-S2MUBOItx120or2V3cFIOZZBn4q87n5Xi9-zZ3BRq8Ihids1oXexrhZ2X6I28F9umIBtkrs2rZy2rmBlez4JjSeuj2Q786Vcfer9QvO2Fq4XvmzrxajM0ja3Zif1utz75_kff7vp-h9ndoQm-kJnZB0M1Ww0eXR--FQB0yiigRecoynrd7zBw0nJ553udSuv49OYbJqglbIXg7pW7nW2tbVlujldaxYI3lXzxZO7rFX0Jio3rvyqX2XBIcFs7m88m_VhXUbwBOxSfByOYn7IZyMx0g1YMg5udceflj18oV0kcb-_R2XnwYSvM4IJU5q82uorQRZ9n6wl0Ovggi6a41f90hn8YXB4iaIqkWMx-jzYktqdofi63ZjiJ50aot3p_Ymb29Xc_Y_yjd34O4VBO4FjyIoaIYJ_Rk3goXap5rRpO-S1Z0kBftl9RroFQ1xpVnUmUnt5cxfpdxaBF9IMxkJSOfXqsi-MhS7pdR2Mlp07ytasi5tw8Xgpclyo-cOY5Fjc_Rx5bhanu9gOtkJgyg0FqS",
    "id_token": "eyJhbGciOiJSUzI1NiIsImtpZCI6ImY4ZTY2MjBkMzk3MTFhYTIxY2U4YTJiZjJmM2VlMDFiOTI0Y2IyZDAiLCJ0eXAiOiJKV1QifQ.eyJhdWQiOiIzMjU1NTk0MDU1OS5hcHBzLmdvb2dsZXVzZXJjb250ZW50LmNvbSIsImF6cCI6IjEwOTM2NDkyNzM1Mjg0NzY2NDA0OSIsImV4cCI6MTc3OTMzNDg2NCwiaWF0IjoxNzc5MzMxMjY0LCJpc3MiOiJodHRwczovL2FjY291bnRzLmdvb2dsZS5jb20iLCJzdWIiOiIxMDkzNjQ5MjczNTI4NDc2NjQwNDkifQ.bNYIv2H5r8OyGCu3crpGr7DNT398TnC2-2pEt0i8avG89UZRJqrqbEomA_hcrYuVG7lZDB_zBrJaEMSdK3jPwQzV_9L9b01_0pDiyugW9x3pl4U3mYHDrjHHlUusCfFfTL23OG3sAqd1pi47p9tNwvmjkQZl2Y2m_o0hIuhT5v2PE4aG3W7WALm92uT44tJGK6f_QBF1kE7OAGKedqHOpAZJy70004w_57wfUBJZHtjtWl40k1AHmKiZBLIDXlloqfQ-3ZqUrurntVy1hKVbKAaotFLoYBARuXMH40rgejRaAqkI7A6Ak3NCLIwQ9LohsW_lKLA1jhm0eAc8QdjdSg",
    "token_expiry": "2026-05-21T03:38:06Z"
  },
  "sentinels": {
    "config_sentinel": "/home/jupyter/.config/gcloud/config_sentinel"
  }
}
2026-05-21 03:06:01,950 INFO     ___FILE_ONLY___ 

2026-05-21 03:06:01,960 DEBUG    root            SDK update checks are disabled.
