2026-05-21 14:15:10,653 DEBUG    root            Loaded Command Group: ['gcloud', 'config']
2026-05-21 14:15:10,744 DEBUG    root            Loaded Command Group: ['gcloud', 'config', 'config_helper']
2026-05-21 14:15:10,747 DEBUG    root            Running [gcloud.config.config-helper] with arguments: [--format: "json", --min-expiry: "1800"]
2026-05-21 14:15:10,747 DEBUG    root            On GCE from disk cache: True
2026-05-21 14:15:10,783 DEBUG    root            On GCE from memory cache: True
2026-05-21 14:15:10,809 DEBUG    root            On GCE from memory cache: True
2026-05-21 14:15:10,818 DEBUG    google.auth.transport.requests Making request: GET http://metadata.google.internal/computeMetadata/v1/instance/service-accounts/511076842936-compute@developer.gserviceaccount.com/?recursive=true
2026-05-21 14:15:10,826 DEBUG    urllib3.connectionpool Starting new HTTP connection (1): metadata.google.internal:80
2026-05-21 14:15:10,828 DEBUG    urllib3.connectionpool http://metadata.google.internal:80 "GET /computeMetadata/v1/instance/service-accounts/511076842936-compute@developer.gserviceaccount.com/?recursive=true HTTP/1.1" 200 155
2026-05-21 14:15:10,831 DEBUG    google.auth.transport.requests Making request: GET http://metadata.google.internal/computeMetadata/v1/instance/service-accounts/511076842936-compute@developer.gserviceaccount.com/token
2026-05-21 14:15:10,833 DEBUG    urllib3.connectionpool http://metadata.google.internal:80 "GET /computeMetadata/v1/instance/service-accounts/511076842936-compute@developer.gserviceaccount.com/token HTTP/1.1" 200 871
2026-05-21 14:15:10,858 DEBUG    root            Chosen display Format:default json
2026-05-21 14:15:10,859 INFO     root            Display format: "default json"
2026-05-21 14:15:10,914 INFO     ___FILE_ONLY___ {
  "configuration": {
    "active_configuration": "default",
    "properties": {
      "compute": {
        "region": "us-central1"
      },
      "core": {
        "account": "511076842936-compute@developer.gserviceaccount.com",
        "disable_usage_reporting": "True",
        "project": "project-a5d39078-68b8-4a9c-a89",
        "universe_domain": "googleapis.com"
      },
      "dataproc": {
        "region": "us-central1"
      }
    }
  },
  "credential": {
    "access_token": "ya29.c.c0AZ4bNpZqoA1pP1jJTSfnQx0VJCXJLqcWs9TKFgRijkfynt4-9skeXxqzkwgeKnr3k0amzuNx5zppRkjSLT3u5WA7gtSlMuf-ITXYW5C_Lj7ws4qeRqZN7kZzN0kw8Uco-Da_Ous0Exj7l_OMnrFaKaLTGEc6XJb37U-Zd40bQRAE4tzGfqw0VwzqKRU5tFYhZMEvnfRogp-tQzXyFi-sDfY5-zCDPu96OEa5QtD7tV-R02EHj7bOPA4yWymtgEWehxaafJkYUVchKHhm2R7qpla5U_LtvrTEAOOpUolklSJM3GZcnNOFZaAPFvPvNKanrL29N48Uzy9A6DLDBRFUUMtwytdLkvYkRriAzJLX1jkwes3xBpeUZCHpcShtynb61xKbQOIu0F1oAQB9Kv8u7rIE416Cz81qu2c68zea-Zhhnwd2RpuoZe4omrY9uh54YW2r1qJQUxbu9Oy-v_hsfuWzbrR5zj20Rih07sh2fQeV5OsOgXqsoxJesO-IhBmXmovM_e-uurj4fzfnfFVVsvZFR6ZO4RWIukSIRbbSaOr7oyM-Xb8eFhQjOq_tac_Rq3haru7UjFitut3_FdZMvn0ep2vV5jM8bir5JFYVraBR_ljFhBkri29pIpsWb36JY5d0--m1yaJ27jOOrFUSyfh5k0yjZU66rloX7-wRkbQFSp9ayp90dJBYZZ0-o-Q4h74msax1miUWgkuFvShg_ved5xwhl7udXpnJq_OWi9x66BJZl9B_0nSBuiwlxdO8V3n7WnmqpFm088-4WzUanmpb7ofYrYUpBQxf6pIuUyrIXmscw56ZnF-iucFo_0sqyZ7xj75UpyW5qlzyt9bloXI0rv_t6XvqJ48BbJw2v6Ml0-Vm4-jtR5blVolStWkavuZWjVstwaY6Ooi6X87aJSb4qQSxF3YZ2a8teB141tmlwJ1Rogh7c7wvXm013dsI0R3XoqQQfqjrXc9ab04dpqyaR-8x7ht6gxkjvVj0_zjYzcbBw5xbXsw",
    "id_token": "eyJhbGciOiJSUzI1NiIsImtpZCI6ImY4ZTY2MjBkMzk3MTFhYTIxY2U4YTJiZjJmM2VlMDFiOTI0Y2IyZDAiLCJ0eXAiOiJKV1QifQ.eyJhdWQiOiIzMjU1NTk0MDU1OS5hcHBzLmdvb2dsZXVzZXJjb250ZW50LmNvbSIsImF6cCI6IjEwOTM2NDkyNzM1Mjg0NzY2NDA0OSIsImV4cCI6MTc3OTM3NjUxMCwiaWF0IjoxNzc5MzcyOTEwLCJpc3MiOiJodHRwczovL2FjY291bnRzLmdvb2dsZS5jb20iLCJzdWIiOiIxMDkzNjQ5MjczNTI4NDc2NjQwNDkifQ.fxrq8Mt2A47bVeLrvI7j7e-CprCkzku3CqvKN7rq3Tc2laAny4Y16O--s-rDpeghAeJxSBaLemRHcYWYigVuauDLu-4P3gvhbec8_tZagmZLwIkS1vCfCyC5j_3bW-vPaXPWhQ--cu7-N161xVJkSOpEW_AjlDHRtxPCEjtgEXmBp4A3uaMXGzM8TSI37-2OP-xaJJPiKaYC3BQMPUgHDG9kk9TkFx4ztNuP285B85_yzLVx8Q3uC5a36a9HVm-75-IJ7zfxhPxIcEoiDhLKRJUZNDcVmrKD5_vc1Ww7eOi_Ik9xCn-WvkCRvEZ6YnUAnPUDRu7pdhf8rbf1dFJkzA",
    "token_expiry": "2026-05-21T15:09:16Z"
  },
  "sentinels": {
    "config_sentinel": "/home/jupyter/.config/gcloud/config_sentinel"
  }
}
2026-05-21 14:15:10,914 INFO     ___FILE_ONLY___ 

2026-05-21 14:15:10,923 DEBUG    root            SDK update checks are disabled.
