2026-05-21 15:15:38,703 DEBUG    root            Loaded Command Group: ['gcloud', 'config']
2026-05-21 15:15:38,726 DEBUG    root            Loaded Command Group: ['gcloud', 'config', 'config_helper']
2026-05-21 15:15:38,728 DEBUG    root            Running [gcloud.config.config-helper] with arguments: [--format: "json", --min-expiry: "1800"]
2026-05-21 15:15:38,728 DEBUG    root            On GCE from disk cache: True
2026-05-21 15:15:38,746 DEBUG    root            Chosen display Format:default json
2026-05-21 15:15:38,746 INFO     root            Display format: "default json"
2026-05-21 15:15:38,792 INFO     ___FILE_ONLY___ {
  "configuration": {
    "active_configuration": "default",
    "properties": {
      "compute": {
        "region": "us-central1"
      },
      "core": {
        "account": "511076842936-compute@developer.gserviceaccount.com",
        "disable_usage_reporting": "True",
        "project": "project-a5d39078-68b8-4a9c-a89",
        "universe_domain": "googleapis.com"
      },
      "dataproc": {
        "region": "us-central1"
      }
    }
  },
  "credential": {
    "access_token": "ya29.c.c0AZ4bNpYEqvgs3c5Yd_eqUGkPI26amKFmbLIkKVpvMLNQxD7pNwINv4OL6bOOGsV1CbAvcZlkssWPJHt4UJchK7fmpotM92WpsQeQq7Qamaim0XvdPVQsDJJxlaoywH5hd4N2Wn-DfeUEHWl6XqqCCCS0KHKeDnmeYDWAqreD4SK-S17ewT-owqvzoiHzPCMA-vLNgN_FJli3g_IxaLMH6eQEs7SPs6PVZdE6oJHnHKrC--5EbAVeCw1BrAfM1aaIBCgxr33RureSoy5VMj-A_UBGo1bFOFE4saaqlMlZDSglH6310ZeGPngYFWKour1Y__7D0S0iHpKtwuSJNgc04L0MElpvUXzBGoF0v-tuQknS9wMPPWvp2S-zq_cbXBubg5X9t9gVSmT7wzx2TK5BlwH415KYpUJF4wWYIlSf56iRIvlj2snkuo-Yk3yk9yv4WtObMrUlf1-RsS6_bpM6SjwnqY51rubkF1shsMXZra922qpzXgvfIXo99nchBfWUrg--0xVyj1uiRqkmvW81ir_1nUzeRw2dyURs0gO-yjzl4VJXd57XxV60MXOBRYzOQ-Isy9Zxg9pvSbkd8MyznS3kvj1I_YZX8Sy5V1h0kd_dpa1Y_kjzoZ4paffy5Mw5SZ4qw9R0RJXBX5tnXOByIM0Sae_c-Ru4YY6bebdIvllzRX7BVlnmMxWS53fMlBOld3XMh6qzrgtxjOcQcYob63MXxXh_e_xa7pZpUc9f152JbMgz6Vhm4n4F7RwhktR069eVVr1QtJR0sI3YrR2S80ue6Opagjx_c5wxm9JIsxcMsOiIx3j_ib-BF-YqobdVhixVtojc8OzWV4jpoIJ9Z_pJtQz3JYFUkapl8o2xkB7_3tty8Of0bfxB_nVzRttU-jUWOb4g7w98UWFlt4rjUBZJorSn79tZ2WfsS55hmj5O47qXYtdiZvlkv9xdcuaUejUYbw6rfB09_chdhu-e-VrSdY4I-VXhnqcmMWSfBgslZuvrbF166Mi",
    "id_token": "eyJhbGciOiJSUzI1NiIsImtpZCI6IjQxYjJlMTFmZjljYTI2ZTc4YzAyNWE5ZDRhNDI5Y2IwNjAxMzk1NmUiLCJ0eXAiOiJKV1QifQ.eyJhdWQiOiIzMjU1NTk0MDU1OS5hcHBzLmdvb2dsZXVzZXJjb250ZW50LmNvbSIsImF6cCI6IjEwOTM2NDkyNzM1Mjg0NzY2NDA0OSIsImV4cCI6MTc3OTM3OTUzNSwiaWF0IjoxNzc5Mzc1OTM1LCJpc3MiOiJodHRwczovL2FjY291bnRzLmdvb2dsZS5jb20iLCJzdWIiOiIxMDkzNjQ5MjczNTI4NDc2NjQwNDkifQ.OQYv7XUOt1JTAl8HxZ6ZHN-9jVfe6zdv3jgAsErxU5q4B1672fg5etNqXw2S5YvF95p_LyEJx-bYgAb6fLiyEduiaeCgO2d-zjnQGKES6Z3yw45WwK3FolZHyPC4XzZLoHwlNSSucDDvSwdvxgCh6EXNP8FAwOhqirXwKWd5O2ZcqCc8EnVVKLb-5tLvFUdtYsIRH9ZhAWqhvJcNp8kxnzqr6vNUETEeJfZeEw5llqlVw8z9i1BysPRTe6fDiGGcoJUeD7h5hlVlgjLVLvWrY2nRbVMmWp6YaiT3o6WzXIYZJzn-kDLaHAcDqBS7mqyKb8wcOaOywNEI50rbZKsOYA",
    "token_expiry": "2026-05-21T16:04:46Z"
  },
  "sentinels": {
    "config_sentinel": "/home/jupyter/.config/gcloud/config_sentinel"
  }
}
2026-05-21 15:15:38,792 INFO     ___FILE_ONLY___ 

2026-05-21 15:15:38,800 DEBUG    root            SDK update checks are disabled.
