2026-05-21 15:40:27,790 DEBUG    root            Loaded Command Group: ['gcloud', 'config']
2026-05-21 15:40:27,814 DEBUG    root            Loaded Command Group: ['gcloud', 'config', 'config_helper']
2026-05-21 15:40:27,816 DEBUG    root            Running [gcloud.config.config-helper] with arguments: [--format: "json", --min-expiry: "1800"]
2026-05-21 15:40:27,817 DEBUG    root            On GCE from disk cache: True
2026-05-21 15:40:27,828 DEBUG    root            On GCE from memory cache: True
2026-05-21 15:40:27,840 DEBUG    root            On GCE from memory cache: True
2026-05-21 15:40:27,857 DEBUG    google.auth.transport.requests Making request: GET http://metadata.google.internal/computeMetadata/v1/instance/service-accounts/511076842936-compute@developer.gserviceaccount.com/?recursive=true
2026-05-21 15:40:27,859 DEBUG    urllib3.connectionpool Starting new HTTP connection (1): metadata.google.internal:80
2026-05-21 15:40:27,860 DEBUG    urllib3.connectionpool http://metadata.google.internal:80 "GET /computeMetadata/v1/instance/service-accounts/511076842936-compute@developer.gserviceaccount.com/?recursive=true HTTP/1.1" 200 155
2026-05-21 15:40:27,861 DEBUG    google.auth.transport.requests Making request: GET http://metadata.google.internal/computeMetadata/v1/instance/service-accounts/511076842936-compute@developer.gserviceaccount.com/token
2026-05-21 15:40:27,863 DEBUG    urllib3.connectionpool http://metadata.google.internal:80 "GET /computeMetadata/v1/instance/service-accounts/511076842936-compute@developer.gserviceaccount.com/token HTTP/1.1" 200 870
2026-05-21 15:40:27,886 DEBUG    root            Chosen display Format:default json
2026-05-21 15:40:27,886 INFO     root            Display format: "default json"
2026-05-21 15:40:27,936 INFO     ___FILE_ONLY___ {
  "configuration": {
    "active_configuration": "default",
    "properties": {
      "compute": {
        "region": "us-central1"
      },
      "core": {
        "account": "511076842936-compute@developer.gserviceaccount.com",
        "disable_usage_reporting": "True",
        "project": "project-a5d39078-68b8-4a9c-a89",
        "universe_domain": "googleapis.com"
      },
      "dataproc": {
        "region": "us-central1"
      }
    }
  },
  "credential": {
    "access_token": "ya29.c.c0AZ4bNpYEqvgs3c5Yd_eqUGkPI26amKFmbLIkKVpvMLNQxD7pNwINv4OL6bOOGsV1CbAvcZlkssWPJHt4UJchK7fmpotM92WpsQeQq7Qamaim0XvdPVQsDJJxlaoywH5hd4N2Wn-DfeUEHWl6XqqCCCS0KHKeDnmeYDWAqreD4SK-S17ewT-owqvzoiHzPCMA-vLNgN_FJli3g_IxaLMH6eQEs7SPs6PVZdE6oJHnHKrC--5EbAVeCw1BrAfM1aaIBCgxr33RureSoy5VMj-A_UBGo1bFOFE4saaqlMlZDSglH6310ZeGPngYFWKour1Y__7D0S0iHpKtwuSJNgc04L0MElpvUXzBGoF0v-tuQknS9wMPPWvp2S-zq_cbXBubg5X9t9gVSmT7wzx2TK5BlwH415KYpUJF4wWYIlSf56iRIvlj2snkuo-Yk3yk9yv4WtObMrUlf1-RsS6_bpM6SjwnqY51rubkF1shsMXZra922qpzXgvfIXo99nchBfWUrg--0xVyj1uiRqkmvW81ir_1nUzeRw2dyURs0gO-yjzl4VJXd57XxV60MXOBRYzOQ-Isy9Zxg9pvSbkd8MyznS3kvj1I_YZX8Sy5V1h0kd_dpa1Y_kjzoZ4paffy5Mw5SZ4qw9R0RJXBX5tnXOByIM0Sae_c-Ru4YY6bebdIvllzRX7BVlnmMxWS53fMlBOld3XMh6qzrgtxjOcQcYob63MXxXh_e_xa7pZpUc9f152JbMgz6Vhm4n4F7RwhktR069eVVr1QtJR0sI3YrR2S80ue6Opagjx_c5wxm9JIsxcMsOiIx3j_ib-BF-YqobdVhixVtojc8OzWV4jpoIJ9Z_pJtQz3JYFUkapl8o2xkB7_3tty8Of0bfxB_nVzRttU-jUWOb4g7w98UWFlt4rjUBZJorSn79tZ2WfsS55hmj5O47qXYtdiZvlkv9xdcuaUejUYbw6rfB09_chdhu-e-VrSdY4I-VXhnqcmMWSfBgslZuvrbF166Mi",
    "id_token": "eyJhbGciOiJSUzI1NiIsImtpZCI6IjQxYjJlMTFmZjljYTI2ZTc4YzAyNWE5ZDRhNDI5Y2IwNjAxMzk1NmUiLCJ0eXAiOiJKV1QifQ.eyJhdWQiOiIzMjU1NTk0MDU1OS5hcHBzLmdvb2dsZXVzZXJjb250ZW50LmNvbSIsImF6cCI6IjEwOTM2NDkyNzM1Mjg0NzY2NDA0OSIsImV4cCI6MTc3OTM4MTYyNywiaWF0IjoxNzc5Mzc4MDI3LCJpc3MiOiJodHRwczovL2FjY291bnRzLmdvb2dsZS5jb20iLCJzdWIiOiIxMDkzNjQ5MjczNTI4NDc2NjQwNDkifQ.at76QWmclqwesKo5Rkxj64VViHtoivzyue_HuGElC8xUODfPHDZvdXUYAiKVYO9xhPMR_G-slA2jog8LCc4iF2WvY23tCya1c_8i_SrCytRSwlM45QyWib9Tw-iIi_Ge3C4XAmlERT8O25ufd2-8K9GMZOa22XhCuEgZ4CuGcWrSHvUs8mGHovGSXGkqbKthpNQQq7WZEtzT1CL4xbpQOD82ZB1qM_sQ-B2X8Jsdv-kywglIxFGCOuP10neap-oXMuM3wtflcROh1N-KsRVkwe04hFt3hCR_ANCDQRzFZLWB-vppToLfQ-GSiBf94bOLGqSaMvJGSttyxW2-Eesznw",
    "token_expiry": "2026-05-21T16:04:46Z"
  },
  "sentinels": {
    "config_sentinel": "/home/jupyter/.config/gcloud/config_sentinel"
  }
}
2026-05-21 15:40:27,936 INFO     ___FILE_ONLY___ 

2026-05-21 15:40:27,944 DEBUG    root            SDK update checks are disabled.
