2026-05-21 16:45:40,558 DEBUG    root            Loaded Command Group: ['gcloud', 'config']
2026-05-21 16:45:40,582 DEBUG    root            Loaded Command Group: ['gcloud', 'config', 'config_helper']
2026-05-21 16:45:40,585 DEBUG    root            Running [gcloud.config.config-helper] with arguments: [--format: "json", --min-expiry: "1800"]
2026-05-21 16:45:40,585 DEBUG    root            On GCE from disk cache: True
2026-05-21 16:45:40,597 DEBUG    root            On GCE from memory cache: True
2026-05-21 16:45:40,609 DEBUG    root            On GCE from memory cache: True
2026-05-21 16:45:40,622 DEBUG    google.auth.transport.requests Making request: GET http://metadata.google.internal/computeMetadata/v1/instance/service-accounts/511076842936-compute@developer.gserviceaccount.com/?recursive=true
2026-05-21 16:45:40,624 DEBUG    urllib3.connectionpool Starting new HTTP connection (1): metadata.google.internal:80
2026-05-21 16:45:40,625 DEBUG    urllib3.connectionpool http://metadata.google.internal:80 "GET /computeMetadata/v1/instance/service-accounts/511076842936-compute@developer.gserviceaccount.com/?recursive=true HTTP/1.1" 200 155
2026-05-21 16:45:40,626 DEBUG    google.auth.transport.requests Making request: GET http://metadata.google.internal/computeMetadata/v1/instance/service-accounts/511076842936-compute@developer.gserviceaccount.com/token
2026-05-21 16:45:40,628 DEBUG    urllib3.connectionpool http://metadata.google.internal:80 "GET /computeMetadata/v1/instance/service-accounts/511076842936-compute@developer.gserviceaccount.com/token HTTP/1.1" 200 868
2026-05-21 16:45:40,653 DEBUG    root            Chosen display Format:default json
2026-05-21 16:45:40,653 INFO     root            Display format: "default json"
2026-05-21 16:45:40,704 INFO     ___FILE_ONLY___ {
  "configuration": {
    "active_configuration": "default",
    "properties": {
      "compute": {
        "region": "us-central1"
      },
      "core": {
        "account": "511076842936-compute@developer.gserviceaccount.com",
        "disable_usage_reporting": "True",
        "project": "project-a5d39078-68b8-4a9c-a89",
        "universe_domain": "googleapis.com"
      },
      "dataproc": {
        "region": "us-central1"
      }
    }
  },
  "credential": {
    "access_token": "ya29.c.c0AZ4bNpbY34cMoANpdLuhfvcvyCMgCjWtHDdIKywgNKKd1o33Isx9RMpC7ZPH_QQPurpqwIsgpbk8skFktIDQ-mPKRwAxXIzoALfG3rWNNGDZ7CJ3-BD3-SkCQGXl87o66NVTz_pAAMQXSMkUkV6BLvujx0W4qZ_EpITD6uDJ9kORxQPhQQ4t1cCX9MfxKvONj0csWWFjTwS1EPosxtgWlDPvoGPGCjnR_Vps_puLrMBzLUbH-k2YQ5ke2InJZctaexu2Vz0pta1jEIaF1DSktlQKRrP58k3FiWXhQ7DO4xEwwMI_uJQZDSEdmXSGxvPIMDlxwM74apLKIo8DnlHWDhO-siz6yPQLymnO1QqMtjJpmuTf5VLLK97gytsyBAyyTdF0lnU59MGKnPmklTnRGwN415KsiccZd4_t0lXnyeFQB1VBYsdWcShg7Faukx41Ie3jkmb6dSMz_Z7xQw1WfSSFqRVuS7nxW3MnZQW8R6Z3ycF2ZSrql6mQzXarj_gwkXVrVtwiSzWRkR0hro-ndBWWU1h9FWb7VWz0vRvfwnzqafoynz7V-twmOgnQQUhigUn5a_agg31qgz2IYqq8fQ1QMnso1Mbavv-vB1X1hYiuQMBv21plrhYtp9I3rU2ggpt0Jl_ikcRgj1Rxz3momd7nZzFj84WkRl1zcknjdemy1Brk90F7w08xrd7jIvO9uI3gt_8Up5gMZB92ieIII-MZOO0i1Rnsqr7rU8hQilbVhJ0VBsQJUWjlgS7plysuIj0VBgvq0Z9X-oIR8uhhJyvnkf1zwiZqladg6srOy7ZxVXXn9kzwj2-0Z_6Bi9t291JwQd8bv8MdxrwcFY4XFpVpO-IIS0xmtJ2wWwcVgQtorJ0SkJM3f80t4MMVWmXJqsuY0YcZswB9c_QkjkhZX9B_q4Rx1skZo90QB3kBlnga3dk7BrI5Jzp654dIlvO5401qhhZztrvy1Yhkhdhei3Zwqv8nn5zYvJW1-gfgIbdnoJqQyhRoe4t",
    "id_token": "eyJhbGciOiJSUzI1NiIsImtpZCI6IjQxYjJlMTFmZjljYTI2ZTc4YzAyNWE5ZDRhNDI5Y2IwNjAxMzk1NmUiLCJ0eXAiOiJKV1QifQ.eyJhdWQiOiIzMjU1NTk0MDU1OS5hcHBzLmdvb2dsZXVzZXJjb250ZW50LmNvbSIsImF6cCI6IjEwOTM2NDkyNzM1Mjg0NzY2NDA0OSIsImV4cCI6MTc3OTM4NTU0MCwiaWF0IjoxNzc5MzgxOTQwLCJpc3MiOiJodHRwczovL2FjY291bnRzLmdvb2dsZS5jb20iLCJzdWIiOiIxMDkzNjQ5MjczNTI4NDc2NjQwNDkifQ.qdkrhzaqNHOiQzmUBGPK4wPfGyx8a-0VZEI5c3ZpJ-Yz2-paZpjkDNkhpXQBrAO2sCdGR6YYDwUHkFhhNYZhEw88--m7eF0pplSp7KifXhdzlCYhp71GcuN10QCr2E1vSGKDNkRMHeA7uv2KztvppV5SaDtjZIQsS9RVOar_Rs7NNdPRWa2ycVE0pAs_C1bPiQMuJUyJ8TVzWH_svnXNFaA5qP039MsOD5JGkXqMo_qzAsFPloXCfnO-1C69_6Kmdptw4kCF4md3LgSWZdzpFx713zH4RxSd3jkhIpc7NNbZuKz-ZULwp_Bcjf6F7AecGIhr-o3VUDMX4c_2KWe1Rg",
    "token_expiry": "2026-05-21T16:59:56Z"
  },
  "sentinels": {
    "config_sentinel": "/home/jupyter/.config/gcloud/config_sentinel"
  }
}
2026-05-21 16:45:40,704 INFO     ___FILE_ONLY___ 

2026-05-21 16:45:40,713 DEBUG    root            SDK update checks are disabled.
