2026-05-21 17:09:38,959 DEBUG    root            Loaded Command Group: ['gcloud', 'config']
2026-05-21 17:09:38,989 DEBUG    root            Loaded Command Group: ['gcloud', 'config', 'config_helper']
2026-05-21 17:09:38,992 DEBUG    root            Running [gcloud.config.config-helper] with arguments: [--format: "json", --min-expiry: "1800"]
2026-05-21 17:09:38,992 DEBUG    root            On GCE from disk cache: True
2026-05-21 17:09:39,012 DEBUG    root            Chosen display Format:default json
2026-05-21 17:09:39,013 INFO     root            Display format: "default json"
2026-05-21 17:09:39,061 INFO     ___FILE_ONLY___ {
  "configuration": {
    "active_configuration": "default",
    "properties": {
      "compute": {
        "region": "us-central1"
      },
      "core": {
        "account": "511076842936-compute@developer.gserviceaccount.com",
        "disable_usage_reporting": "True",
        "project": "project-a5d39078-68b8-4a9c-a89",
        "universe_domain": "googleapis.com"
      },
      "dataproc": {
        "region": "us-central1"
      }
    }
  },
  "credential": {
    "access_token": "ya29.c.c0AZ4bNpY1BlYqg4sAR6O05PLjQuj4gqYrfUknQXYwuhIg2DtVAYtowZxAfuQX0o-jFlI0aTgKcwQc3xnoOsSgzTP9GOZrWA-Pj6hgPOkR4eSdSbxflpceTH-dAzG2y6e4BQlHVbZv19apxarMLL29XCmHIw22P6xcAzGFOJQ65563hyAqZmGT52ZzGuhtHlOnbQgAzs-mDuTyOkDke-z2Ti6uZxOsuBVHEYLUEBHeywvgNdxrEy5k7swma6TwzpTxHoqVy-oES7xQRN_YPYhOSRxoi73pWluPP7uaC1Pd4039px4KMwZYYps4mbbFUyJHTA3sZ1FZMkgbaZAyvLVbOuDlllCzXFsTpXB5cRqqJQjNF7MBdDX6-0y1QlRLCD-VtoFsddsICykT0wtdx1TTMwG415CjYYBOxjytgZgiUUQqVtJu4aSufwzWa6i1hptRYd4dvzj0yWWFhczbcFd3bJctul_Xss98W5beSmj3x_0gldoBx2wB5kl989wq4i8oaaUzf0udzr0YzFmcJsVIdbROzam5YBxr67o-8n8nOanVu-XUfm7Y2z4pn_ru3XbZVQBqjqsohzVMsgxYsUhRB56JgIZswe8O3fW0fJJ_trsVaalJ1hr0ZqxO1unFckol0yk1fo69VI2zu0fh4qOkzRVo20o7YkSg41iVb6dRM5pzw2g4eZtQ9u0Fr4jS_l00sy3O1xvIXRRrOnjv8rvxJcc-QxFRWfyyYFWjV65lm8VpVaFBp4vszm1VWiFQi60-p1cM8XkOfjcs2OW6sRmi9BfaaX5n1ei4X08c5Sut5aQvlVlOrBoatpkhr7cwUyWyOvaZ7dOhir0XBaVcz5RUhQdJFZfifnJqzb244fUqkiRnBwX8Rq2hXvSsz4bJqSW-s133nwupJ8menhd_eefOYvlj5SikJj1yBZRsSI-vkBJ3QgX_FYzRWJl_MRut5vc5i6YcvgMsdSBwV33y4sasQ8W9pO7-987_Rvlsl701X3YV2eStRUSZkYi",
    "id_token": "eyJhbGciOiJSUzI1NiIsImtpZCI6IjQxYjJlMTFmZjljYTI2ZTc4YzAyNWE5ZDRhNDI5Y2IwNjAxMzk1NmUiLCJ0eXAiOiJKV1QifQ.eyJhdWQiOiIzMjU1NTk0MDU1OS5hcHBzLmdvb2dsZXVzZXJjb250ZW50LmNvbSIsImF6cCI6IjEwOTM2NDkyNzM1Mjg0NzY2NDA0OSIsImV4cCI6MTc3OTM4NjMzNSwiaWF0IjoxNzc5MzgyNzM1LCJpc3MiOiJodHRwczovL2FjY291bnRzLmdvb2dsZS5jb20iLCJzdWIiOiIxMDkzNjQ5MjczNTI4NDc2NjQwNDkifQ.nSe5qSFsAufsu4a5_G4W_c9Ub_3Yrf6XMftx5otzrUVGkzIHHTNuta3OzJtPadxddNQQbxNllA91pRB85BIP9QIKwAgTGstnIkmam595A7Hp2QvRFysREUevPBVH67q6jG2Hp9MJgPyqMzsTAhkRgyRBwgPMi0E1VQaGjAXQpKJ9Kn0De5iQTTsDte6AHUoKRGq6WCaXIqtTwwiTLAMjm17C4yl7MjlVNLcFAHgUaXUKOxtmEEspS4mDpETXflCLLT-nR_y3gFoETSXAS2Ozqopd5lfK4wNDYkOJE9OT5Yg2ZOCGptNLxVyyt7LpHBIOC4h9aTtePo_dL39-14rprg",
    "token_expiry": "2026-05-21T17:55:08Z"
  },
  "sentinels": {
    "config_sentinel": "/home/jupyter/.config/gcloud/config_sentinel"
  }
}
2026-05-21 17:09:39,061 INFO     ___FILE_ONLY___ 

2026-05-21 17:09:39,070 DEBUG    root            SDK update checks are disabled.
