2026-05-21 17:29:46,437 DEBUG    root            Loaded Command Group: ['gcloud', 'config']
2026-05-21 17:29:46,466 DEBUG    root            Loaded Command Group: ['gcloud', 'config', 'config_helper']
2026-05-21 17:29:46,469 DEBUG    root            Running [gcloud.config.config-helper] with arguments: [--format: "json", --min-expiry: "1800"]
2026-05-21 17:29:46,469 DEBUG    root            On GCE from disk cache: True
2026-05-21 17:29:46,481 DEBUG    root            On GCE from memory cache: True
2026-05-21 17:29:46,495 DEBUG    root            On GCE from memory cache: True
2026-05-21 17:29:46,506 DEBUG    google.auth.transport.requests Making request: GET http://metadata.google.internal/computeMetadata/v1/instance/service-accounts/511076842936-compute@developer.gserviceaccount.com/?recursive=true
2026-05-21 17:29:46,508 DEBUG    urllib3.connectionpool Starting new HTTP connection (1): metadata.google.internal:80
2026-05-21 17:29:46,510 DEBUG    urllib3.connectionpool http://metadata.google.internal:80 "GET /computeMetadata/v1/instance/service-accounts/511076842936-compute@developer.gserviceaccount.com/?recursive=true HTTP/1.1" 200 155
2026-05-21 17:29:46,511 DEBUG    google.auth.transport.requests Making request: GET http://metadata.google.internal/computeMetadata/v1/instance/service-accounts/511076842936-compute@developer.gserviceaccount.com/token
2026-05-21 17:29:46,513 DEBUG    urllib3.connectionpool http://metadata.google.internal:80 "GET /computeMetadata/v1/instance/service-accounts/511076842936-compute@developer.gserviceaccount.com/token HTTP/1.1" 200 868
2026-05-21 17:29:46,539 DEBUG    root            Chosen display Format:default json
2026-05-21 17:29:46,539 INFO     root            Display format: "default json"
2026-05-21 17:29:46,588 INFO     ___FILE_ONLY___ {
  "configuration": {
    "active_configuration": "default",
    "properties": {
      "compute": {
        "region": "us-central1"
      },
      "core": {
        "account": "511076842936-compute@developer.gserviceaccount.com",
        "disable_usage_reporting": "True",
        "project": "project-a5d39078-68b8-4a9c-a89",
        "universe_domain": "googleapis.com"
      },
      "dataproc": {
        "region": "us-central1"
      }
    }
  },
  "credential": {
    "access_token": "ya29.c.c0AZ4bNpY1BlYqg4sAR6O05PLjQuj4gqYrfUknQXYwuhIg2DtVAYtowZxAfuQX0o-jFlI0aTgKcwQc3xnoOsSgzTP9GOZrWA-Pj6hgPOkR4eSdSbxflpceTH-dAzG2y6e4BQlHVbZv19apxarMLL29XCmHIw22P6xcAzGFOJQ65563hyAqZmGT52ZzGuhtHlOnbQgAzs-mDuTyOkDke-z2Ti6uZxOsuBVHEYLUEBHeywvgNdxrEy5k7swma6TwzpTxHoqVy-oES7xQRN_YPYhOSRxoi73pWluPP7uaC1Pd4039px4KMwZYYps4mbbFUyJHTA3sZ1FZMkgbaZAyvLVbOuDlllCzXFsTpXB5cRqqJQjNF7MBdDX6-0y1QlRLCD-VtoFsddsICykT0wtdx1TTMwG415CjYYBOxjytgZgiUUQqVtJu4aSufwzWa6i1hptRYd4dvzj0yWWFhczbcFd3bJctul_Xss98W5beSmj3x_0gldoBx2wB5kl989wq4i8oaaUzf0udzr0YzFmcJsVIdbROzam5YBxr67o-8n8nOanVu-XUfm7Y2z4pn_ru3XbZVQBqjqsohzVMsgxYsUhRB56JgIZswe8O3fW0fJJ_trsVaalJ1hr0ZqxO1unFckol0yk1fo69VI2zu0fh4qOkzRVo20o7YkSg41iVb6dRM5pzw2g4eZtQ9u0Fr4jS_l00sy3O1xvIXRRrOnjv8rvxJcc-QxFRWfyyYFWjV65lm8VpVaFBp4vszm1VWiFQi60-p1cM8XkOfjcs2OW6sRmi9BfaaX5n1ei4X08c5Sut5aQvlVlOrBoatpkhr7cwUyWyOvaZ7dOhir0XBaVcz5RUhQdJFZfifnJqzb244fUqkiRnBwX8Rq2hXvSsz4bJqSW-s133nwupJ8menhd_eefOYvlj5SikJj1yBZRsSI-vkBJ3QgX_FYzRWJl_MRut5vc5i6YcvgMsdSBwV33y4sasQ8W9pO7-987_Rvlsl701X3YV2eStRUSZkYi",
    "id_token": "eyJhbGciOiJSUzI1NiIsImtpZCI6IjQxYjJlMTFmZjljYTI2ZTc4YzAyNWE5ZDRhNDI5Y2IwNjAxMzk1NmUiLCJ0eXAiOiJKV1QifQ.eyJhdWQiOiIzMjU1NTk0MDU1OS5hcHBzLmdvb2dsZXVzZXJjb250ZW50LmNvbSIsImF6cCI6IjEwOTM2NDkyNzM1Mjg0NzY2NDA0OSIsImV4cCI6MTc3OTM4ODE4NiwiaWF0IjoxNzc5Mzg0NTg2LCJpc3MiOiJodHRwczovL2FjY291bnRzLmdvb2dsZS5jb20iLCJzdWIiOiIxMDkzNjQ5MjczNTI4NDc2NjQwNDkifQ.SkcGv51lGLShe-Hlm-aEIbu_8vZT0U-pP08inm4a4XrX1jV1HX8Hl4MqcsotJ9xrq5_NPogryjolcnJTso9stdijhO8QovAWYwMUDLQv6E7qHqyOgDbtoXxkoPp22DxRgfk-ximcu66Wx_lOsT4DrWoRyeE8FAIMl6f_zNBDljT0WmqQFToniSIC4estT0VrLjJgOh10lCsm68CeDUSGHE39IKbxA65_XKZSVJ4SavaxLxz8412CiI3Y8nWFFgS2QiSYrlQp_J6RFF38eMrDpV0YeAcjSDkpUFZutUDaArnPy4S54-jTICOKJ9bwNu41h63F0E0m5gYNfyMftEr9Bg",
    "token_expiry": "2026-05-21T17:55:08Z"
  },
  "sentinels": {
    "config_sentinel": "/home/jupyter/.config/gcloud/config_sentinel"
  }
}
2026-05-21 17:29:46,588 INFO     ___FILE_ONLY___ 

2026-05-21 17:29:46,597 DEBUG    root            SDK update checks are disabled.
