2026-05-21 17:51:46,693 DEBUG    root            Loaded Command Group: ['gcloud', 'config']
2026-05-21 17:51:46,716 DEBUG    root            Loaded Command Group: ['gcloud', 'config', 'config_helper']
2026-05-21 17:51:46,719 DEBUG    root            Running [gcloud.config.config-helper] with arguments: [--format: "json", --min-expiry: "1800"]
2026-05-21 17:51:46,719 DEBUG    root            On GCE from disk cache: True
2026-05-21 17:51:46,729 DEBUG    root            On GCE from memory cache: True
2026-05-21 17:51:46,741 DEBUG    root            On GCE from memory cache: True
2026-05-21 17:51:46,756 DEBUG    google.auth.transport.requests Making request: GET http://metadata.google.internal/computeMetadata/v1/instance/service-accounts/511076842936-compute@developer.gserviceaccount.com/?recursive=true
2026-05-21 17:51:46,758 DEBUG    urllib3.connectionpool Starting new HTTP connection (1): metadata.google.internal:80
2026-05-21 17:51:46,760 DEBUG    urllib3.connectionpool http://metadata.google.internal:80 "GET /computeMetadata/v1/instance/service-accounts/511076842936-compute@developer.gserviceaccount.com/?recursive=true HTTP/1.1" 200 155
2026-05-21 17:51:46,760 DEBUG    google.auth.transport.requests Making request: GET http://metadata.google.internal/computeMetadata/v1/instance/service-accounts/511076842936-compute@developer.gserviceaccount.com/token
2026-05-21 17:51:46,762 DEBUG    urllib3.connectionpool http://metadata.google.internal:80 "GET /computeMetadata/v1/instance/service-accounts/511076842936-compute@developer.gserviceaccount.com/token HTTP/1.1" 200 869
2026-05-21 17:51:46,786 DEBUG    root            Chosen display Format:default json
2026-05-21 17:51:46,786 INFO     root            Display format: "default json"
2026-05-21 17:51:46,835 INFO     ___FILE_ONLY___ {
  "configuration": {
    "active_configuration": "default",
    "properties": {
      "compute": {
        "region": "us-central1"
      },
      "core": {
        "account": "511076842936-compute@developer.gserviceaccount.com",
        "disable_usage_reporting": "True",
        "project": "project-a5d39078-68b8-4a9c-a89",
        "universe_domain": "googleapis.com"
      },
      "dataproc": {
        "region": "us-central1"
      }
    }
  },
  "credential": {
    "access_token": "ya29.c.c0AZ4bNpY-svFsa6mzjoDNI_zlDCLfgvD6EUP_bqMrhC1yRDPvuNneqvhsPL4bmTeLQ8awPqfxwiipl4Ju7mxjlun-W6kiwwKmPm5KTQUccPIY4YLYkuW6HPjcVLGMUliyC1NpJz7PQz16uVbQVDklrwA2VW8giCjNvJMIXuxmrufUUfWRSQSw3OcqVdfJI9muWMFl5esuGT4DhK-jcLjojzNVpIIon8qhGQXuuCr4Zf4dVrwe87zFaz5vF99DEXekQ5yfnr5P4RYMHQ7PyU4761uToMdkX7UAqAoo8_smUvXuIl9-1Y93GjGLkW_OyDQ5Qr_GZ2LHWne8Jy5oAbV14X8wXd2xfv2QszDDU3EN8ODKIz4wyx-8gSiUWpl4vrlPwfu4vA62MjXH4zVt258Pgo4G416AdqB6zIrM2eI9O-y207UzkgXd4Zjg9zlc0c91yRIzd6043c7foawsJrvZZsp7huWWiyxYgRtfBelne9ldW7j5o_BYM9Xqwxn9a8_kYyiW1cmQkw2gmjgrQZjelJxxpfMO1QFm-kyt6--rclQ6Bc47SVeO9Ff1zqmpmrJuRSZQk-OfIU_mk747n6tcOdMVBopz2Z-XetzretXFhaueiZijjzi__b4WSWd1guO13Zt0sU4Qn2bX-Os-nh3rJOB10vuUSltizy71BbwapiecMZx47fmczFWi2vzkVUY5z63ih5e8aasqU4cq-kJq68_UrOkU7y0rkn5xaUIsZzmax1lyZzmbxlalyjitMedjWlyp7qZl3chibwIUQobSZOJcJM1UM49QX0c_IcY1YzqZv37YR7j7lgfmrpMtevk-juJrUdZzJ4b15uxqW_apedrnd-2lV91cSdBFUcft3gSRUoitWgse_tR7OQx6g1O0x_1i9Q1IgafFxVbR8Rr_x_t8soXam9l4m3s396rfB1uxRkg9grhQwbxnpb6fsi7YrUX39fo763aJ2juhlhu774zi5vI193rZa7SRyhz_XdiVYMxoRg650lX",
    "id_token": "eyJhbGciOiJSUzI1NiIsImtpZCI6IjQxYjJlMTFmZjljYTI2ZTc4YzAyNWE5ZDRhNDI5Y2IwNjAxMzk1NmUiLCJ0eXAiOiJKV1QifQ.eyJhdWQiOiIzMjU1NTk0MDU1OS5hcHBzLmdvb2dsZXVzZXJjb250ZW50LmNvbSIsImF6cCI6IjEwOTM2NDkyNzM1Mjg0NzY2NDA0OSIsImV4cCI6MTc3OTM4OTUwNiwiaWF0IjoxNzc5Mzg1OTA2LCJpc3MiOiJodHRwczovL2FjY291bnRzLmdvb2dsZS5jb20iLCJzdWIiOiIxMDkzNjQ5MjczNTI4NDc2NjQwNDkifQ.NLsQpIBOwGeYqWE-l_SwL1zzbKNwcxPgUTCZOMPYd1gvtY7fT594O1cCgIW42_kkbpdvV60LfSYErXZjcuzAWCRTaSGINF_GZYKNg3Lm5PHH5cVFvz_0weKCeV-Fd_LYE9FRxPDq8PsMT8w9Ieta0SIo5UuHmHutLbdWczzmm2b_kyYjR3vz_X95lLNpcL5RdgdA1eLlMkgTWXQnOneOzfs7UG6on1mswSYk-1TTc0A-CRJyZxaDb3oKbSHpOYVWHPOsKka4DuwvPF9Hi0DISEbCIp3PNZGzfk7BGNxvnUZMIajIAMYTommWB554mIusYkd5vtQW5nWL99prJ-ApaA",
    "token_expiry": "2026-05-21T18:50:20Z"
  },
  "sentinels": {
    "config_sentinel": "/home/jupyter/.config/gcloud/config_sentinel"
  }
}
2026-05-21 17:51:46,835 INFO     ___FILE_ONLY___ 

2026-05-21 17:51:46,844 DEBUG    root            SDK update checks are disabled.
