2026-05-21 18:43:35,815 DEBUG    root            Loaded Command Group: ['gcloud', 'config']
2026-05-21 18:43:35,841 DEBUG    root            Loaded Command Group: ['gcloud', 'config', 'config_helper']
2026-05-21 18:43:35,844 DEBUG    root            Running [gcloud.config.config-helper] with arguments: [--format: "json", --min-expiry: "1800"]
2026-05-21 18:43:35,848 DEBUG    root            On GCE from server: True
2026-05-21 18:43:35,861 DEBUG    root            On GCE from memory cache: True
2026-05-21 18:43:35,873 DEBUG    root            On GCE from memory cache: True
2026-05-21 18:43:35,884 DEBUG    google.auth.transport.requests Making request: GET http://metadata.google.internal/computeMetadata/v1/instance/service-accounts/511076842936-compute@developer.gserviceaccount.com/?recursive=true
2026-05-21 18:43:35,886 DEBUG    urllib3.connectionpool Starting new HTTP connection (1): metadata.google.internal:80
2026-05-21 18:43:35,888 DEBUG    urllib3.connectionpool http://metadata.google.internal:80 "GET /computeMetadata/v1/instance/service-accounts/511076842936-compute@developer.gserviceaccount.com/?recursive=true HTTP/1.1" 200 155
2026-05-21 18:43:35,889 DEBUG    google.auth.transport.requests Making request: GET http://metadata.google.internal/computeMetadata/v1/instance/service-accounts/511076842936-compute@developer.gserviceaccount.com/token
2026-05-21 18:43:35,891 DEBUG    urllib3.connectionpool http://metadata.google.internal:80 "GET /computeMetadata/v1/instance/service-accounts/511076842936-compute@developer.gserviceaccount.com/token HTTP/1.1" 200 868
2026-05-21 18:43:35,922 DEBUG    root            Chosen display Format:default json
2026-05-21 18:43:35,922 INFO     root            Display format: "default json"
2026-05-21 18:43:35,972 INFO     ___FILE_ONLY___ {
  "configuration": {
    "active_configuration": "default",
    "properties": {
      "compute": {
        "region": "us-central1"
      },
      "core": {
        "account": "511076842936-compute@developer.gserviceaccount.com",
        "disable_usage_reporting": "True",
        "project": "project-a5d39078-68b8-4a9c-a89",
        "universe_domain": "googleapis.com"
      },
      "dataproc": {
        "region": "us-central1"
      }
    }
  },
  "credential": {
    "access_token": "ya29.c.c0AZ4bNpY-svFsa6mzjoDNI_zlDCLfgvD6EUP_bqMrhC1yRDPvuNneqvhsPL4bmTeLQ8awPqfxwiipl4Ju7mxjlun-W6kiwwKmPm5KTQUccPIY4YLYkuW6HPjcVLGMUliyC1NpJz7PQz16uVbQVDklrwA2VW8giCjNvJMIXuxmrufUUfWRSQSw3OcqVdfJI9muWMFl5esuGT4DhK-jcLjojzNVpIIon8qhGQXuuCr4Zf4dVrwe87zFaz5vF99DEXekQ5yfnr5P4RYMHQ7PyU4761uToMdkX7UAqAoo8_smUvXuIl9-1Y93GjGLkW_OyDQ5Qr_GZ2LHWne8Jy5oAbV14X8wXd2xfv2QszDDU3EN8ODKIz4wyx-8gSiUWpl4vrlPwfu4vA62MjXH4zVt258Pgo4G416AdqB6zIrM2eI9O-y207UzkgXd4Zjg9zlc0c91yRIzd6043c7foawsJrvZZsp7huWWiyxYgRtfBelne9ldW7j5o_BYM9Xqwxn9a8_kYyiW1cmQkw2gmjgrQZjelJxxpfMO1QFm-kyt6--rclQ6Bc47SVeO9Ff1zqmpmrJuRSZQk-OfIU_mk747n6tcOdMVBopz2Z-XetzretXFhaueiZijjzi__b4WSWd1guO13Zt0sU4Qn2bX-Os-nh3rJOB10vuUSltizy71BbwapiecMZx47fmczFWi2vzkVUY5z63ih5e8aasqU4cq-kJq68_UrOkU7y0rkn5xaUIsZzmax1lyZzmbxlalyjitMedjWlyp7qZl3chibwIUQobSZOJcJM1UM49QX0c_IcY1YzqZv37YR7j7lgfmrpMtevk-juJrUdZzJ4b15uxqW_apedrnd-2lV91cSdBFUcft3gSRUoitWgse_tR7OQx6g1O0x_1i9Q1IgafFxVbR8Rr_x_t8soXam9l4m3s396rfB1uxRkg9grhQwbxnpb6fsi7YrUX39fo763aJ2juhlhu774zi5vI193rZa7SRyhz_XdiVYMxoRg650lX",
    "id_token": "eyJhbGciOiJSUzI1NiIsImtpZCI6IjQxYjJlMTFmZjljYTI2ZTc4YzAyNWE5ZDRhNDI5Y2IwNjAxMzk1NmUiLCJ0eXAiOiJKV1QifQ.eyJhdWQiOiIzMjU1NTk0MDU1OS5hcHBzLmdvb2dsZXVzZXJjb250ZW50LmNvbSIsImF6cCI6IjEwOTM2NDkyNzM1Mjg0NzY2NDA0OSIsImV4cCI6MTc3OTM5MjYxNSwiaWF0IjoxNzc5Mzg5MDE1LCJpc3MiOiJodHRwczovL2FjY291bnRzLmdvb2dsZS5jb20iLCJzdWIiOiIxMDkzNjQ5MjczNTI4NDc2NjQwNDkifQ.c0rytYDZ_IsjCHYYg30uB9ha88_di2UBpdyHW7QOk-8eeVWy1B8z7hJz2hbQFgr5pj9keyEimKNYRWOxxDzCFHzZHa0RQMjwC6OaArv8Z0rw3_HsdBTwSTEGjWx3M7RJYLTVarO4aNPIcWMIfdiv5DLZpfLBuZCZBwqPvrZYv66K__-UeTcPktwY6tIsJTcs_vC8iPjFRsmSbDVmPDJIFCXfcwBuGMMpnjm2zJF7LBoVSyGHRK1v8ocnzZSq4FtzecYEcoiZ3prZ93jl4XBmeoOy9yVAvJbsbaY0jln88zPjd1Jr5_-cRCgIIE9G5t8TeJ6dIbQvxWi1vRNRmRWzXw",
    "token_expiry": "2026-05-21T18:50:20Z"
  },
  "sentinels": {
    "config_sentinel": "/home/jupyter/.config/gcloud/config_sentinel"
  }
}
2026-05-21 18:43:35,972 INFO     ___FILE_ONLY___ 

2026-05-21 18:43:35,981 DEBUG    root            SDK update checks are disabled.
