2026-05-21 19:23:50,179 DEBUG    root            Loaded Command Group: ['gcloud', 'config']
2026-05-21 19:23:50,208 DEBUG    root            Loaded Command Group: ['gcloud', 'config', 'config_helper']
2026-05-21 19:23:50,210 DEBUG    root            Running [gcloud.config.config-helper] with arguments: [--format: "json", --min-expiry: "1800"]
2026-05-21 19:23:50,215 DEBUG    root            On GCE from server: True
2026-05-21 19:23:50,230 DEBUG    root            On GCE from memory cache: True
2026-05-21 19:23:50,244 DEBUG    root            On GCE from memory cache: True
2026-05-21 19:23:50,254 DEBUG    google.auth.transport.requests Making request: GET http://metadata.google.internal/computeMetadata/v1/instance/service-accounts/511076842936-compute@developer.gserviceaccount.com/?recursive=true
2026-05-21 19:23:50,257 DEBUG    urllib3.connectionpool Starting new HTTP connection (1): metadata.google.internal:80
2026-05-21 19:23:50,259 DEBUG    urllib3.connectionpool http://metadata.google.internal:80 "GET /computeMetadata/v1/instance/service-accounts/511076842936-compute@developer.gserviceaccount.com/?recursive=true HTTP/1.1" 200 155
2026-05-21 19:23:50,260 DEBUG    google.auth.transport.requests Making request: GET http://metadata.google.internal/computeMetadata/v1/instance/service-accounts/511076842936-compute@developer.gserviceaccount.com/token
2026-05-21 19:23:50,261 DEBUG    urllib3.connectionpool http://metadata.google.internal:80 "GET /computeMetadata/v1/instance/service-accounts/511076842936-compute@developer.gserviceaccount.com/token HTTP/1.1" 200 873
2026-05-21 19:23:50,287 DEBUG    root            Chosen display Format:default json
2026-05-21 19:23:50,287 INFO     root            Display format: "default json"
2026-05-21 19:23:50,342 INFO     ___FILE_ONLY___ {
  "configuration": {
    "active_configuration": "default",
    "properties": {
      "compute": {
        "region": "us-central1"
      },
      "core": {
        "account": "511076842936-compute@developer.gserviceaccount.com",
        "disable_usage_reporting": "True",
        "project": "project-a5d39078-68b8-4a9c-a89",
        "universe_domain": "googleapis.com"
      },
      "dataproc": {
        "region": "us-central1"
      }
    }
  },
  "credential": {
    "access_token": "ya29.c.c0AZ4bNpYQ112nI_Oq6_2AeP-CR1NSZYk1g8tBpuB12ruzhSTFIr2fxaBZb2EkfqdcisG3XsAwAJNTcL1ZVLpgZI3Jxttf0CsyqRkw7XFnSkmxVoTHbGVXmB3ZqUTrRfoHYE4yHgAgtPxUmaUggAwckQJbSWDv2HU1-O3gDwju00ymMYOTUcIAgLFDru1dlh63WjjMk3yjuz5tOMMmhPNL6B9Ee5bbfWkAxEIKoLdWOF_GTPp4ydO1BVGCVAc5NfGO5hRPNot6Jha9KGeO32SkNApo0t8b8i9tCklRAUat59qP7yFBCJScop16oFj_-SlS6FVauVSY1GOs0LcedPnCzzmXi5oEndh5Th7LGNZoynAVT_LEBMlsZiv21HXooEHg8l-bfV5YqeKlW4Jq43lbdrsT416PjQZRukU44gdwl2wspapFXt9ciqYh9nrZseJ90dBdbc0gVr7i3hXZIonWtM4u-gBWU0dOB9sIMwMpZpb-x1vYBlsrxVxek-FsjrfqrnRlj_QQaBwakWyybQflfFhBjQg-4W244BxrBFak7_wmBmotJyurF_o3tujyixrBJ4_-bkYy97J-pXibi4Vm6XrSlhVybpqevsuXy67WOUMhVvuJg40mim4pqFsa0t7q2mjUtzWlb8af_9zZiwwzQsBo5Ry-X0bhBJX8YQwfhqZuSZqRo3b__eWrhvJ_2qQju-z84S7S7h_Sttwoim22awal14fFhw6SkmIff1ykdnvMmx0Zw80hc4FxIRai7kUr3ZkeYFl9-mZlo7Zcb3UuuoFRz_a94nWl-Yxf2Ov_v6jlo5bjhXYm8eJi5Qtf-2mZs7ipYUe3eUIsUYcMnOo3veIpRU4Y9ws-ntlw4UpFY0990JU66rU4UJz8ZOo0gfkZXqOqzkqb0QwMs4IFuel5rBzq-MX21oYviSof550t2SzfOJ77JJOyje0dFFbvhy-BM043jRc6ebhdj_e3B0vVcnf3ay5_w6irUeJtUogr2WFnsymZXeg8obR",
    "id_token": "eyJhbGciOiJSUzI1NiIsImtpZCI6IjQxYjJlMTFmZjljYTI2ZTc4YzAyNWE5ZDRhNDI5Y2IwNjAxMzk1NmUiLCJ0eXAiOiJKV1QifQ.eyJhdWQiOiIzMjU1NTk0MDU1OS5hcHBzLmdvb2dsZXVzZXJjb250ZW50LmNvbSIsImF6cCI6IjEwOTM2NDkyNzM1Mjg0NzY2NDA0OSIsImV4cCI6MTc3OTM5NTAzMCwiaWF0IjoxNzc5MzkxNDMwLCJpc3MiOiJodHRwczovL2FjY291bnRzLmdvb2dsZS5jb20iLCJzdWIiOiIxMDkzNjQ5MjczNTI4NDc2NjQwNDkifQ.kHKu9kuz2bFmR7Uou6Ea9QuYjGy71PgvVvHyuR1Fw-bg_lB9ynQSOra0iHbgpsNykTMHLgttD6_yfzz0xlFQH6xCXCYvQklzpDIahonpcoU2QezQmqt5axBW_p3Si17938iaqINTUkMOgCyCdLBgA0INFCynRh3RHG3xw6hS8Kts7fljDwvpI3y-UwUh_AbIlo7UqA6JZuPVl4Rnk5s0QFoxCi54so53wTmN8zSuJmYxPwwEBG1-fRENPRNFoQ1jwMcrbDbiy5CsJYl8bMs2c7ypDBlQ2ML1xK4lfEzuSdT_VC8VEY3nFtUcNEDNBx61fUGRCr791JWjZ8TJ4a-Yjg",
    "token_expiry": "2026-05-21T19:45:32Z"
  },
  "sentinels": {
    "config_sentinel": "/home/jupyter/.config/gcloud/config_sentinel"
  }
}
2026-05-21 19:23:50,342 INFO     ___FILE_ONLY___ 

2026-05-21 19:23:50,353 DEBUG    root            SDK update checks are disabled.
