2026-05-21 19:31:58,065 DEBUG    root            Loaded Command Group: ['gcloud', 'auth']
2026-05-21 19:31:58,129 DEBUG    root            Loaded Command Group: ['gcloud', 'auth', 'login']
2026-05-21 19:31:58,132 DEBUG    root            Running [gcloud.auth.login] with arguments: []
2026-05-21 19:31:58,132 DEBUG    root            On GCE from disk cache: True
2026-05-21 19:32:00,833 DEBUG    root            On GCE from memory cache: True
2026-05-21 19:32:00,835 DEBUG    requests_oauthlib.oauth2_session Generated new state lTCyqireV6tqEI59luRWjkJSKWWEgP.
2026-05-21 19:32:00,836 INFO     ___FILE_ONLY___ Go to the following link in your browser, and complete the sign-in prompts:

    https://accounts.google.com/o/oauth2/auth?response_type=code&client_id=32555940559.apps.googleusercontent.com&redirect_uri=https%3A%2F%2Fsdk.cloud.google.com%2Fauthcode.html&scope=openid+https%3A%2F%2Fwww.googleapis.com%2Fauth%2Fuserinfo.email+https%3A%2F%2Fwww.googleapis.com%2Fauth%2Fcloud-platform+https%3A%2F%2Fwww.googleapis.com%2Fauth%2Fappengine.admin+https%3A%2F%2Fwww.googleapis.com%2Fauth%2Fsqlservice.login+https%3A%2F%2Fwww.googleapis.com%2Fauth%2Fcompute+https%3A%2F%2Fwww.googleapis.com%2Fauth%2Faccounts.reauth&state=lTCyqireV6tqEI59luRWjkJSKWWEgP&prompt=consent&token_usage=remote&access_type=offline&code_challenge=DQxCxEyKIRhhAd-2kndHCuLYfo23ZeY2i3EmnsbClfI&code_challenge_method=S256


2026-05-21 19:33:52,876 DEBUG    requests_oauthlib.oauth2_session Requesting url https://oauth2.googleapis.com/token using method POST.
2026-05-21 19:33:52,877 DEBUG    requests_oauthlib.oauth2_session Supplying headers {b'Accept': b'application/json', b'Content-Type': b'application/x-www-form-urlencoded;charset=UTF-8', b'user-agent': b'google-cloud-sdk gcloud/567.0.0 command/gcloud.auth.login invocation-id/7c7192aebc5e4395be757b4d604a41e0 environment/GCE environment-version/None client-os/LINUX client-os-ver/6.1.0 client-pltf-arch/x86_64 interactive/True from-script/False python/3.13.11 term/xterm-256color  (Linux 6.1.0-48-cloud-amd64)'} and data {'grant_type': 'authorization_code', 'client_id': '32555940559.apps.googleusercontent.com', 'client_secret': 'ZmssLNjJy2998hD4CTg2ejr2', 'code': '4/0AeoWuM_x9mQj7TunN44CSt9Sic17aXcWp89izHuAoGF6dmPKRmaAW2D_a5PKRIORowMpdA', 'redirect_uri': 'https://sdk.cloud.google.com/authcode.html', 'code_verifier': 'QPARLRe4PCLjEypLbwIkq2eY-J~cOA0Bvi2yhTnhQWEUze7JRjGwrDXUKLx3460nZRMkNEq2k_eCU7hf7ry3MjYrQ~3WL_nIwSAYO~f9Ika6OK_a5dlM.J.SmrhuyuXr'}
2026-05-21 19:33:52,877 DEBUG    requests_oauthlib.oauth2_session Passing through key word arguments {'json': None, 'timeout': None, 'auth': None, 'verify': None, 'proxies': None}.
2026-05-21 19:33:52,881 DEBUG    urllib3.connectionpool Starting new HTTPS connection (1): oauth2.googleapis.com:443
2026-05-21 19:33:52,954 DEBUG    urllib3.connectionpool https://oauth2.googleapis.com:443 "POST /token HTTP/1.1" 200 None
2026-05-21 19:33:52,956 DEBUG    requests_oauthlib.oauth2_session Prepared fetch token request body grant_type=authorization_code&client_id=32555940559.apps.googleusercontent.com&client_secret=ZmssLNjJy2998hD4CTg2ejr2&code=4%2F0AeoWuM_x9mQj7TunN44CSt9Sic17aXcWp89izHuAoGF6dmPKRmaAW2D_a5PKRIORowMpdA&redirect_uri=https%3A%2F%2Fsdk.cloud.google.com%2Fauthcode.html&code_verifier=QPARLRe4PCLjEypLbwIkq2eY-J~cOA0Bvi2yhTnhQWEUze7JRjGwrDXUKLx3460nZRMkNEq2k_eCU7hf7ry3MjYrQ~3WL_nIwSAYO~f9Ika6OK_a5dlM.J.SmrhuyuXr
2026-05-21 19:33:52,956 DEBUG    requests_oauthlib.oauth2_session Request to fetch token completed with status 200.
2026-05-21 19:33:52,956 DEBUG    requests_oauthlib.oauth2_session Request headers were {'user-agent': b'google-cloud-sdk gcloud/567.0.0 command/gcloud.auth.login invocation-id/7c7192aebc5e4395be757b4d604a41e0 environment/GCE environment-version/None client-os/LINUX client-os-ver/6.1.0 client-pltf-arch/x86_64 interactive/True from-script/False python/3.13.11 term/xterm-256color  (Linux 6.1.0-48-cloud-amd64)', 'Accept-Encoding': 'gzip, deflate', 'Accept': b'application/json', 'Connection': 'keep-alive', 'Content-Type': b'application/x-www-form-urlencoded;charset=UTF-8', 'Content-Length': '405'}
2026-05-21 19:33:52,956 DEBUG    requests_oauthlib.oauth2_session Request body was grant_type=authorization_code&client_id=32555940559.apps.googleusercontent.com&client_secret=ZmssLNjJy2998hD4CTg2ejr2&code=4%2F0AeoWuM_x9mQj7TunN44CSt9Sic17aXcWp89izHuAoGF6dmPKRmaAW2D_a5PKRIORowMpdA&redirect_uri=https%3A%2F%2Fsdk.cloud.google.com%2Fauthcode.html&code_verifier=QPARLRe4PCLjEypLbwIkq2eY-J~cOA0Bvi2yhTnhQWEUze7JRjGwrDXUKLx3460nZRMkNEq2k_eCU7hf7ry3MjYrQ~3WL_nIwSAYO~f9Ika6OK_a5dlM.J.SmrhuyuXr
2026-05-21 19:33:52,956 DEBUG    requests_oauthlib.oauth2_session Response headers were {'Expires': 'Mon, 01 Jan 1990 00:00:00 GMT', 'Date': 'Thu, 21 May 2026 19:33:52 GMT', 'Cache-Control': 'no-cache, no-store, max-age=0, must-revalidate', 'Pragma': 'no-cache', 'Content-Type': 'application/json; charset=utf-8', 'Vary': 'Origin, X-Origin, Referer', 'Content-Encoding': 'gzip', 'Server': 'scaffolding on HTTPServer2', 'X-XSS-Protection': '0', 'X-Frame-Options': 'SAMEORIGIN', 'X-Content-Type-Options': 'nosniff', 'Transfer-Encoding': 'chunked'} and content {
  "access_token": "ya29.a0AQvPyIOIVhQHK8DZ19B5Essa3UwRWdr2PI43rgzRhANfOWgJdaDfFUC7aNV-x811Z0h3-BsIy0uaHP0uUUYviyLD2JRIxkDvYgYBhDK0VGUuC9ZJ_Ai4ccjJTTzzO5wg_ITK-yQrQcn6atz6TTltqOGWjxwLz40TG9pYbYrKkMWGoav0he_cXSlfDjAIVFrHeOu8RbvJQqc5aCgYKAaISARUSFQHGX2Mizy_BjiZTDZHwgGZ-rA5SuA0211",
  "expires_in": 3599,
  "refresh_token": "1//04Nm35azUC275CgYIARAAGAQSNwF-L9Iru0ynOn9f3E26jiRBv69VCvP97z2bQOxp8nRuC6VfhiukUR6OjFTTHv6PR996w5lJZZs",
  "scope": "https://www.googleapis.com/auth/accounts.reauth https://www.googleapis.com/auth/appengine.admin https://www.googleapis.com/auth/cloud-platform https://www.googleapis.com/auth/compute https://www.googleapis.com/auth/userinfo.email openid https://www.googleapis.com/auth/sqlservice.login",
  "token_type": "Bearer",
  "id_token": "eyJhbGciOiJSUzI1NiIsImtpZCI6IjQxYjJlMTFmZjljYTI2ZTc4YzAyNWE5ZDRhNDI5Y2IwNjAxMzk1NmUiLCJ0eXAiOiJKV1QifQ.eyJpc3MiOiJodHRwczovL2FjY291bnRzLmdvb2dsZS5jb20iLCJhenAiOiIzMjU1NTk0MDU1OS5hcHBzLmdvb2dsZXVzZXJjb250ZW50LmNvbSIsImF1ZCI6IjMyNTU1OTQwNTU5LmFwcHMuZ29vZ2xldXNlcmNvbnRlbnQuY29tIiwic3ViIjoiMTA3MzI3NDM3NzM4NTEyMDk0MTkzIiwiZW1haWwiOiJtYXVyaWNpb3lvcm1hbkBnbWFpbC5jb20iLCJlbWFpbF92ZXJpZmllZCI6dHJ1ZSwiYXRfaGFzaCI6ImVRc2Y5TDAwSzNGOWhCMzhXYnc4Y3ciLCJpYXQiOjE3NzkzOTIwMzIsImV4cCI6MTc3OTM5NTYzMn0.l1JKTxgHcTCbJGl2fvG4I24mM1jl9xZPkJ6Ybbkx4aJY7QkJnUDqZR7Ep3b8yNqa8EFZ_Olt1V72HNYLtM6zs65fEd84FU8hVBK5drTcTLlH0cJm8fEh-xgGTpQVvQaqx3gHRQEUOt_Qwn5hgwA6Jyvs_ev1XTluLWQY7cveyw4mHBeABa36mdEQzj3PHTDRkiCG8BJ-bYThK3YxVy1XpeyK_kcbl-C3A4N_xudEhfgtPfgWLBgCuKIlZKPNs8aq6gXRpu9FRGIuPdv3ULsxwBoMmaSko6G3Nq3uN30hGHRtAH_SxtVdybl8IvQVJ5nE__amNJQdWl3MdCkqYVVfHg"
}.
2026-05-21 19:33:52,956 DEBUG    requests_oauthlib.oauth2_session Invoking 0 token response hooks.
2026-05-21 19:33:52,957 DEBUG    requests_oauthlib.oauth2_session Obtained token {'access_token': 'ya29.a0AQvPyIOIVhQHK8DZ19B5Essa3UwRWdr2PI43rgzRhANfOWgJdaDfFUC7aNV-x811Z0h3-BsIy0uaHP0uUUYviyLD2JRIxkDvYgYBhDK0VGUuC9ZJ_Ai4ccjJTTzzO5wg_ITK-yQrQcn6atz6TTltqOGWjxwLz40TG9pYbYrKkMWGoav0he_cXSlfDjAIVFrHeOu8RbvJQqc5aCgYKAaISARUSFQHGX2Mizy_BjiZTDZHwgGZ-rA5SuA0211', 'expires_in': 3599, 'refresh_token': '1//04Nm35azUC275CgYIARAAGAQSNwF-L9Iru0ynOn9f3E26jiRBv69VCvP97z2bQOxp8nRuC6VfhiukUR6OjFTTHv6PR996w5lJZZs', 'scope': ['https://www.googleapis.com/auth/accounts.reauth', 'https://www.googleapis.com/auth/appengine.admin', 'https://www.googleapis.com/auth/cloud-platform', 'https://www.googleapis.com/auth/compute', 'https://www.googleapis.com/auth/userinfo.email', 'openid', 'https://www.googleapis.com/auth/sqlservice.login'], 'token_type': 'Bearer', 'id_token': 'eyJhbGciOiJSUzI1NiIsImtpZCI6IjQxYjJlMTFmZjljYTI2ZTc4YzAyNWE5ZDRhNDI5Y2IwNjAxMzk1NmUiLCJ0eXAiOiJKV1QifQ.eyJpc3MiOiJodHRwczovL2FjY291bnRzLmdvb2dsZS5jb20iLCJhenAiOiIzMjU1NTk0MDU1OS5hcHBzLmdvb2dsZXVzZXJjb250ZW50LmNvbSIsImF1ZCI6IjMyNTU1OTQwNTU5LmFwcHMuZ29vZ2xldXNlcmNvbnRlbnQuY29tIiwic3ViIjoiMTA3MzI3NDM3NzM4NTEyMDk0MTkzIiwiZW1haWwiOiJtYXVyaWNpb3lvcm1hbkBnbWFpbC5jb20iLCJlbWFpbF92ZXJpZmllZCI6dHJ1ZSwiYXRfaGFzaCI6ImVRc2Y5TDAwSzNGOWhCMzhXYnc4Y3ciLCJpYXQiOjE3NzkzOTIwMzIsImV4cCI6MTc3OTM5NTYzMn0.l1JKTxgHcTCbJGl2fvG4I24mM1jl9xZPkJ6Ybbkx4aJY7QkJnUDqZR7Ep3b8yNqa8EFZ_Olt1V72HNYLtM6zs65fEd84FU8hVBK5drTcTLlH0cJm8fEh-xgGTpQVvQaqx3gHRQEUOt_Qwn5hgwA6Jyvs_ev1XTluLWQY7cveyw4mHBeABa36mdEQzj3PHTDRkiCG8BJ-bYThK3YxVy1XpeyK_kcbl-C3A4N_xudEhfgtPfgWLBgCuKIlZKPNs8aq6gXRpu9FRGIuPdv3ULsxwBoMmaSko6G3Nq3uN30hGHRtAH_SxtVdybl8IvQVJ5nE__amNJQdWl3MdCkqYVVfHg', 'expires_at': 1779395631.957109}.
2026-05-21 19:33:53,006 INFO     ___FILE_ONLY___ 
You are now logged in as [mauricioyorman@gmail.com].
Your current project is [project-a5d39078-68b8-4a9c-a89].  You can change this setting by running:
  $ gcloud config set project PROJECT_ID

2026-05-21 19:33:53,008 DEBUG    root            Chosen display Format:none
2026-05-21 19:33:53,009 INFO     root            Display format: "none"
2026-05-21 19:33:53,041 DEBUG    root            SDK update checks are disabled.
