2026-05-21 19:36:45,064 DEBUG    root            Loaded Command Group: ['gcloud', 'auth']
2026-05-21 19:36:45,066 DEBUG    root            Loaded Command Group: ['gcloud', 'auth', 'configure_docker']
2026-05-21 19:36:45,069 DEBUG    root            Running [gcloud.auth.configure-docker] with arguments: [--quiet: "True", REGISTRIES: "us-central1-docker.pkg.dev"]
2026-05-21 19:36:45,108 WARNING  root            Your config file at [/home/jupyter/.docker/config.json] contains these credential helper entries:

{
  "credHelpers": {
    "gcr.io": "gcloud",
    "us.gcr.io": "gcloud",
    "eu.gcr.io": "gcloud",
    "asia.gcr.io": "gcloud",
    "staging-k8s.gcr.io": "gcloud",
    "marketplace.gcr.io": "gcloud",
    "us-central1-docker.pkg.dev": "gcloud"
  }
}
2026-05-21 19:36:45,108 INFO     ___FILE_ONLY___ Adding credentials for: us-central1-docker.pkg.dev

2026-05-21 19:36:45,109 INFO     ___FILE_ONLY___ gcloud credential helpers already registered correctly.

2026-05-21 19:36:45,109 DEBUG    root            Chosen display Format:default
2026-05-21 19:36:45,110 INFO     root            Display format: "default"
2026-05-21 19:36:45,151 DEBUG    root            SDK update checks are disabled.
