2026-05-21 19:43:58,928 DEBUG    root            Loaded Command Group: ['gcloud', 'config']
2026-05-21 19:43:58,960 DEBUG    root            Loaded Command Group: ['gcloud', 'config', 'config_helper']
2026-05-21 19:43:58,963 DEBUG    root            Running [gcloud.config.config-helper] with arguments: [--format: "json", --min-expiry: "1800"]
2026-05-21 19:43:58,972 DEBUG    root            On GCE from server: True
2026-05-21 19:43:58,998 DEBUG    root            Chosen display Format:default json
2026-05-21 19:43:58,998 INFO     root            Display format: "default json"
2026-05-21 19:43:59,051 INFO     ___FILE_ONLY___ {
  "configuration": {
    "active_configuration": "default",
    "properties": {
      "compute": {
        "region": "us-central1"
      },
      "core": {
        "account": "mauricioyorman@gmail.com",
        "disable_usage_reporting": "True",
        "project": "project-a5d39078-68b8-4a9c-a89",
        "universe_domain": "googleapis.com"
      },
      "dataproc": {
        "region": "us-central1"
      }
    }
  },
  "credential": {
    "access_token": "ya29.a0AQvPyIOIVhQHK8DZ19B5Essa3UwRWdr2PI43rgzRhANfOWgJdaDfFUC7aNV-x811Z0h3-BsIy0uaHP0uUUYviyLD2JRIxkDvYgYBhDK0VGUuC9ZJ_Ai4ccjJTTzzO5wg_ITK-yQrQcn6atz6TTltqOGWjxwLz40TG9pYbYrKkMWGoav0he_cXSlfDjAIVFrHeOu8RbvJQqc5aCgYKAaISARUSFQHGX2Mizy_BjiZTDZHwgGZ-rA5SuA0211",
    "id_token": "eyJhbGciOiJSUzI1NiIsImtpZCI6IjQxYjJlMTFmZjljYTI2ZTc4YzAyNWE5ZDRhNDI5Y2IwNjAxMzk1NmUiLCJ0eXAiOiJKV1QifQ.eyJpc3MiOiJodHRwczovL2FjY291bnRzLmdvb2dsZS5jb20iLCJhenAiOiIzMjU1NTk0MDU1OS5hcHBzLmdvb2dsZXVzZXJjb250ZW50LmNvbSIsImF1ZCI6IjMyNTU1OTQwNTU5LmFwcHMuZ29vZ2xldXNlcmNvbnRlbnQuY29tIiwic3ViIjoiMTA3MzI3NDM3NzM4NTEyMDk0MTkzIiwiZW1haWwiOiJtYXVyaWNpb3lvcm1hbkBnbWFpbC5jb20iLCJlbWFpbF92ZXJpZmllZCI6dHJ1ZSwiYXRfaGFzaCI6ImVRc2Y5TDAwSzNGOWhCMzhXYnc4Y3ciLCJpYXQiOjE3NzkzOTIwMzIsImV4cCI6MTc3OTM5NTYzMn0.l1JKTxgHcTCbJGl2fvG4I24mM1jl9xZPkJ6Ybbkx4aJY7QkJnUDqZR7Ep3b8yNqa8EFZ_Olt1V72HNYLtM6zs65fEd84FU8hVBK5drTcTLlH0cJm8fEh-xgGTpQVvQaqx3gHRQEUOt_Qwn5hgwA6Jyvs_ev1XTluLWQY7cveyw4mHBeABa36mdEQzj3PHTDRkiCG8BJ-bYThK3YxVy1XpeyK_kcbl-C3A4N_xudEhfgtPfgWLBgCuKIlZKPNs8aq6gXRpu9FRGIuPdv3ULsxwBoMmaSko6G3Nq3uN30hGHRtAH_SxtVdybl8IvQVJ5nE__amNJQdWl3MdCkqYVVfHg",
    "token_expiry": "2026-05-21T20:33:51Z"
  },
  "sentinels": {
    "config_sentinel": "/home/jupyter/.config/gcloud/config_sentinel"
  }
}
2026-05-21 19:43:59,052 INFO     ___FILE_ONLY___ 

2026-05-21 19:43:59,062 DEBUG    root            SDK update checks are disabled.
