2026-05-21 20:28:10,751 DEBUG    root            Loaded Command Group: ['gcloud', 'config']
2026-05-21 20:28:10,774 DEBUG    root            Loaded Command Group: ['gcloud', 'config', 'config_helper']
2026-05-21 20:28:10,777 DEBUG    root            Running [gcloud.config.config-helper] with arguments: [--format: "json", --min-expiry: "1800"]
2026-05-21 20:28:10,779 DEBUG    root            On GCE from disk cache: True
2026-05-21 20:28:10,805 DEBUG    root            Chosen display Format:default json
2026-05-21 20:28:10,805 INFO     root            Display format: "default json"
2026-05-21 20:28:10,848 INFO     ___FILE_ONLY___ {
  "configuration": {
    "active_configuration": "default",
    "properties": {
      "compute": {
        "region": "us-central1"
      },
      "core": {
        "account": "mauricioyorman@gmail.com",
        "disable_usage_reporting": "True",
        "project": "project-a5d39078-68b8-4a9c-a89",
        "universe_domain": "googleapis.com"
      },
      "dataproc": {
        "region": "us-central1"
      }
    }
  },
  "credential": {
    "access_token": "ya29.a0AQvPyIMeMSBHZQK-r9MyyAcpbsEgNHVjtT-PdwFsJJvRyLmiimppOYdZlN8KNozE-EB6g6inB-O68WY2fmWjUa9-Wxnr_IUdRiUavU7oxFZ8JMlXHXg8rKufJ9zgRbIsXiU-vHzkwT8dhd9TFAosJWTh1pTE1WEyo4Ltvm-tpKn9uB62d1FfOmkujIq4HycTgd7X85K_hfgOaCgYKAToSARUSFQHGX2MiZ1ganqLW_wI2ibi3gGZSHQ0211",
    "id_token": "eyJhbGciOiJSUzI1NiIsImtpZCI6IjQxYjJlMTFmZjljYTI2ZTc4YzAyNWE5ZDRhNDI5Y2IwNjAxMzk1NmUiLCJ0eXAiOiJKV1QifQ.eyJpc3MiOiJodHRwczovL2FjY291bnRzLmdvb2dsZS5jb20iLCJhenAiOiIzMjU1NTk0MDU1OS5hcHBzLmdvb2dsZXVzZXJjb250ZW50LmNvbSIsImF1ZCI6IjMyNTU1OTQwNTU5LmFwcHMuZ29vZ2xldXNlcmNvbnRlbnQuY29tIiwic3ViIjoiMTA3MzI3NDM3NzM4NTEyMDk0MTkzIiwiZW1haWwiOiJtYXVyaWNpb3lvcm1hbkBnbWFpbC5jb20iLCJlbWFpbF92ZXJpZmllZCI6dHJ1ZSwiYXRfaGFzaCI6ImhHTkdJN2hqX2FpclJiRFlDMjVER2ciLCJpYXQiOjE3NzkzOTM5NDIsImV4cCI6MTc3OTM5NzU0Mn0.hD7f8oVsN7PHFpSJuXPbiDKx78682BV9OJeq5U4kqrt4xoyrhSWSPm1mRL31-gmAUhFJxjgHRVUH4WqC6DxWMMfLnLiX5V0xtr2XeSWtkN40_11Ja9p6We78x0zqjUmM1pA4p4ziJAjndFhwjMpySAkIbh4cvJVyJmCxR4xIrLk5iCFr2VfGQYt2GiAL5mlE8QmX-XG3zxExCyS6uQe0vkzlkcBSl0x8Gv0SGHSchRMMErDjduXOLIzB52DWbzdW5Q6K0SRkr4TQ1qKx4Au23LvswD3ub_me8PHBChdNafeEMzNa-uVWk6AatZtKFS8s7kurjXnBul_6Wf-9cviUUQ",
    "token_expiry": "2026-05-21T21:05:41Z"
  },
  "sentinels": {
    "config_sentinel": "/home/jupyter/.config/gcloud/config_sentinel"
  }
}
2026-05-21 20:28:10,848 INFO     ___FILE_ONLY___ 

2026-05-21 20:28:10,857 DEBUG    root            SDK update checks are disabled.
