2026-05-21 21:39:57,677 DEBUG    root            Loaded Command Group: ['gcloud', 'config']
2026-05-21 21:39:57,705 DEBUG    root            Loaded Command Group: ['gcloud', 'config', 'config_helper']
2026-05-21 21:39:57,707 DEBUG    root            Running [gcloud.config.config-helper] with arguments: [--format: "json", --min-expiry: "1800"]
2026-05-21 21:39:57,717 DEBUG    root            On GCE from server: True
2026-05-21 21:39:57,743 DEBUG    root            Chosen display Format:default json
2026-05-21 21:39:57,744 INFO     root            Display format: "default json"
2026-05-21 21:39:57,794 INFO     ___FILE_ONLY___ {
  "configuration": {
    "active_configuration": "default",
    "properties": {
      "compute": {
        "region": "us-central1"
      },
      "core": {
        "account": "mauricioyorman@gmail.com",
        "disable_usage_reporting": "True",
        "project": "project-a5d39078-68b8-4a9c-a89",
        "universe_domain": "googleapis.com"
      },
      "dataproc": {
        "region": "us-central1"
      }
    }
  },
  "credential": {
    "access_token": "ya29.a0AQvPyIOki7dC7Gguk-QWOn7qRz6baOO_KHTQ8a14bUf9GgJRGWnWcTK63TB5guh5M_c_dU432iGsm2EzLr0DSw41qZZ9vNkHY-MWxCYRBq5Wh-v9OKYwyfTe0IkRIJwPTMbhc0Qj1nWegFA3c-X18G5z6SpNQLhkHcZtUphX42p_CJ5xuTlffs3wJxJDwmatPTkCB_5sW69DaCgYKAakSARUSFQHGX2Mifsl4vboK4T9dE1buLjvt9A0211",
    "id_token": "eyJhbGciOiJSUzI1NiIsImtpZCI6IjQxYjJlMTFmZjljYTI2ZTc4YzAyNWE5ZDRhNDI5Y2IwNjAxMzk1NmUiLCJ0eXAiOiJKV1QifQ.eyJpc3MiOiJodHRwczovL2FjY291bnRzLmdvb2dsZS5jb20iLCJhenAiOiIzMjU1NTk0MDU1OS5hcHBzLmdvb2dsZXVzZXJjb250ZW50LmNvbSIsImF1ZCI6IjMyNTU1OTQwNTU5LmFwcHMuZ29vZ2xldXNlcmNvbnRlbnQuY29tIiwic3ViIjoiMTA3MzI3NDM3NzM4NTEyMDk0MTkzIiwiZW1haWwiOiJtYXVyaWNpb3lvcm1hbkBnbWFpbC5jb20iLCJlbWFpbF92ZXJpZmllZCI6dHJ1ZSwiYXRfaGFzaCI6ImJfMjhQMUFwakw1cE5FcG9WUEs4MlEiLCJpYXQiOjE3NzkzOTgzOTEsImV4cCI6MTc3OTQwMTk5MX0.a10spgAhblOoS2SRYwlSW7TGYyCKrVSNBhHfFAYxJNcKQw8DY2rOdsGOEWQT09HUg5uex1tYgEILApRay81VhwIM2wnpumlnC8ZR7GmYnqPCPb5ytULxDMFLjM1i4inbp0HgNFtyMKZa4UuUBG5JTgg5wIhyxyTSXUfXa57coGl9_cijw1C4YBJQCKxoOqJDRDpYhf2VeHiK31nddVMl-L1FXmouuWCHCcb7RUGkvFluwhjUfNCzJrM983T_LjPRJpZbB6-jQlsqU3kuXygdNhmGMhVhRmcG6m61yTLoLdkUoF2l6YZlmSImqxjHyp6e_aep02FVY_UJ-xJ_QR98Sw",
    "token_expiry": "2026-05-21T22:19:50Z"
  },
  "sentinels": {
    "config_sentinel": "/home/jupyter/.config/gcloud/config_sentinel"
  }
}
2026-05-21 21:39:57,794 INFO     ___FILE_ONLY___ 

2026-05-21 21:39:57,806 DEBUG    root            SDK update checks are disabled.
