2026-05-21 22:50:43,440 DEBUG    root            Loaded Command Group: ['gcloud', 'config']
2026-05-21 22:50:43,464 DEBUG    root            Loaded Command Group: ['gcloud', 'config', 'config_helper']
2026-05-21 22:50:43,466 DEBUG    root            Running [gcloud.config.config-helper] with arguments: [--format: "json", --min-expiry: "1800"]
2026-05-21 22:50:43,472 DEBUG    root            On GCE from server: True
2026-05-21 22:50:43,496 DEBUG    root            Chosen display Format:default json
2026-05-21 22:50:43,496 INFO     root            Display format: "default json"
2026-05-21 22:50:43,539 INFO     ___FILE_ONLY___ {
  "configuration": {
    "active_configuration": "default",
    "properties": {
      "compute": {
        "region": "us-central1"
      },
      "core": {
        "account": "mauricioyorman@gmail.com",
        "disable_usage_reporting": "True",
        "project": "project-a5d39078-68b8-4a9c-a89",
        "universe_domain": "googleapis.com"
      },
      "dataproc": {
        "region": "us-central1"
      }
    }
  },
  "credential": {
    "access_token": "ya29.a0AQvPyIMByT4HFFJpNE7j2NlZwTVIrwk3Gc5KARB66GY4XSXABMQ1l4If0rS0sjJPQwBbyDFr4AmDDHd8Q-3Vn6Bl__OL6TJ0xcQXisi84CvbCxRzCmodxzGZzFN8qhTiu04g6dhOnZ99QyZ0JXkc9_29J1lfypy4kYYhvcOId9OwjcF2G49pWCTlrNZm4LVhlM9bgeUqdUTraCgYKAUoSARUSFQHGX2Mij97CmwgMW3N-agnk6zB7Lw0211",
    "id_token": "eyJhbGciOiJSUzI1NiIsImtpZCI6IjQxYjJlMTFmZjljYTI2ZTc4YzAyNWE5ZDRhNDI5Y2IwNjAxMzk1NmUiLCJ0eXAiOiJKV1QifQ.eyJpc3MiOiJodHRwczovL2FjY291bnRzLmdvb2dsZS5jb20iLCJhenAiOiIzMjU1NTk0MDU1OS5hcHBzLmdvb2dsZXVzZXJjb250ZW50LmNvbSIsImF1ZCI6IjMyNTU1OTQwNTU5LmFwcHMuZ29vZ2xldXNlcmNvbnRlbnQuY29tIiwic3ViIjoiMTA3MzI3NDM3NzM4NTEyMDk0MTkzIiwiZW1haWwiOiJtYXVyaWNpb3lvcm1hbkBnbWFpbC5jb20iLCJlbWFpbF92ZXJpZmllZCI6dHJ1ZSwiYXRfaGFzaCI6InUxUGlGRC0wVllVdERPQ3BQY29jblEiLCJpYXQiOjE3Nzk0MDI2MzUsImV4cCI6MTc3OTQwNjIzNX0.nfAmUZcL22gRdAHNlTsEd4b_EbNEpDQQshP8fJOKUCMq-P2K4OzajgKIYytjpjfDfF8s1-987M7LDYjxmYhMZDMBWmbD01hiuUmI4Zw5iPjN6utNKrKMCgWYNQZfz8QNjWTB381PBgMOuMrHAGrgQklPXadfpxP4C9Vul_SnHrX2Lta2H_N20D7FTCHHZzgaI3jbqCtN4mmpKAAxs9X6F2HaZZNjdXQSOc9yt9mWpKK4aev5EftoGNeC5c40JsRzNOmAfjxIa0kXjE68XAMmV30Area9gqzVb_t1fyCsLVwx6vPmMNe5R4iD0C2KSoWWW-TWDOrCGXICmc1GAFDkxA",
    "token_expiry": "2026-05-21T23:30:34Z"
  },
  "sentinels": {
    "config_sentinel": "/home/jupyter/.config/gcloud/config_sentinel"
  }
}
2026-05-21 22:50:43,540 INFO     ___FILE_ONLY___ 

2026-05-21 22:50:43,548 DEBUG    root            SDK update checks are disabled.
