2026-05-21 23:34:33,697 DEBUG    root            Loaded Command Group: ['gcloud', 'config']
2026-05-21 23:34:33,724 DEBUG    root            Loaded Command Group: ['gcloud', 'config', 'config_helper']
2026-05-21 23:34:33,726 DEBUG    root            Running [gcloud.config.config-helper] with arguments: [--format: "json", --min-expiry: "1800"]
2026-05-21 23:34:33,734 DEBUG    root            On GCE from server: True
2026-05-21 23:34:33,761 DEBUG    root            Chosen display Format:default json
2026-05-21 23:34:33,761 INFO     root            Display format: "default json"
2026-05-21 23:34:33,814 INFO     ___FILE_ONLY___ {
  "configuration": {
    "active_configuration": "default",
    "properties": {
      "compute": {
        "region": "us-central1"
      },
      "core": {
        "account": "mauricioyorman@gmail.com",
        "disable_usage_reporting": "True",
        "project": "project-a5d39078-68b8-4a9c-a89",
        "universe_domain": "googleapis.com"
      },
      "dataproc": {
        "region": "us-central1"
      }
    }
  },
  "credential": {
    "access_token": "ya29.a0AQvPyIPUkbjDX8mYi6zCCPVc7qErQkWOv6JY9762KbfGmopj_8vSp0Aah8QZITPNIWJdEGf0H0L7jMvnXUxV7tM7qTg0J1wuJMO5g-bWrIJkt1eTEkpIJnJTvf8A2yntz65dM4ZZfgykAzwzNChXSJ32tTx-HWWpUGLjdynd8TA4S-IWPR3NPc7m0wxUFamI6Wolym_SutV-XwaCgYKAbcSARUSFQHGX2Mi2ZbD-23eizJJBnVaytZELA0213",
    "id_token": "eyJhbGciOiJSUzI1NiIsImtpZCI6IjQxYjJlMTFmZjljYTI2ZTc4YzAyNWE5ZDRhNDI5Y2IwNjAxMzk1NmUiLCJ0eXAiOiJKV1QifQ.eyJpc3MiOiJodHRwczovL2FjY291bnRzLmdvb2dsZS5jb20iLCJhenAiOiIzMjU1NTk0MDU1OS5hcHBzLmdvb2dsZXVzZXJjb250ZW50LmNvbSIsImF1ZCI6IjMyNTU1OTQwNTU5LmFwcHMuZ29vZ2xldXNlcmNvbnRlbnQuY29tIiwic3ViIjoiMTA3MzI3NDM3NzM4NTEyMDk0MTkzIiwiZW1haWwiOiJtYXVyaWNpb3lvcm1hbkBnbWFpbC5jb20iLCJlbWFpbF92ZXJpZmllZCI6dHJ1ZSwiYXRfaGFzaCI6Ikh1RTJDenk4RW9KbURqeXpKRkRpYWciLCJpYXQiOjE3Nzk0MDUwNzksImV4cCI6MTc3OTQwODY3OX0.JhsaYyoECCFcCdIOpIjqCd_cGZfmdWkhLay4pF2-_iZrI35c8FIOf8uMwTm0cSYOSEJDWrk6FAV_CUx2frljUKmBTXsz1OgjF0xSl9Cfa7CSrmAnUs8zSHhbqpfD8MuI8UhN0jps_a58_LGGs_eVHNtOuE_0edKKF0DOrjOGyYDP6QqXCMlYAg5W-fkMAfAO6T4LsVlWPCeJGXqpuJihDD_MoIW-f6kGx-S0gvvaKVyjdmywi_VkRCjzkwndAP0qLJIi48CnYNEpPe4-YZAysBEBZm35ivaCKG9vT8wIgqOcpxpxjLEG2xeTm1k91oCqi1KT90glrtIrpGUoPgOlqQ",
    "token_expiry": "2026-05-22T00:11:18Z"
  },
  "sentinels": {
    "config_sentinel": "/home/jupyter/.config/gcloud/config_sentinel"
  }
}
2026-05-21 23:34:33,814 INFO     ___FILE_ONLY___ 

2026-05-21 23:34:33,825 DEBUG    root            SDK update checks are disabled.
