2026-05-16 21:30:49,804 DEBUG    root            Loaded Command Group: ['gcloud', 'auth']
2026-05-16 21:30:49,813 DEBUG    root            Loaded Command Group: ['gcloud', 'auth', 'application_default']
2026-05-16 21:30:49,852 DEBUG    root            Loaded Command Group: ['gcloud', 'auth', 'application-default', 'login']
2026-05-16 21:30:49,855 DEBUG    root            Running [gcloud.auth.application-default.login] with arguments: []
2026-05-16 21:30:49,856 DEBUG    root            On GCE from disk cache: True
2026-05-16 21:30:58,357 DEBUG    root            On GCE from memory cache: True
2026-05-16 21:30:58,359 DEBUG    requests_oauthlib.oauth2_session Generated new state CAmu9XBH09ZATkw9j8Gg6d8yVqOKQv.
2026-05-16 21:30:58,360 INFO     ___FILE_ONLY___ Go to the following link in your browser, and complete the sign-in prompts:

    https://accounts.google.com/o/oauth2/auth?response_type=code&client_id=764086051850-6qr4p6gpi6hn506pt8ejuq83di341hur.apps.googleusercontent.com&redirect_uri=https%3A%2F%2Fsdk.cloud.google.com%2Fapplicationdefaultauthcode.html&scope=openid+https%3A%2F%2Fwww.googleapis.com%2Fauth%2Fuserinfo.email+https%3A%2F%2Fwww.googleapis.com%2Fauth%2Fcloud-platform+https%3A%2F%2Fwww.googleapis.com%2Fauth%2Fsqlservice.login&state=CAmu9XBH09ZATkw9j8Gg6d8yVqOKQv&prompt=consent&token_usage=remote&access_type=offline&code_challenge=sI48Kebey-53o_yYVx37-Nhdb39W0cvKlfS26dX66Ac&code_challenge_method=S256


2026-05-16 21:31:41,393 DEBUG    requests_oauthlib.oauth2_session Requesting url https://oauth2.googleapis.com/token using method POST.
2026-05-16 21:31:41,393 DEBUG    requests_oauthlib.oauth2_session Supplying headers {b'Accept': b'application/json', b'Content-Type': b'application/x-www-form-urlencoded;charset=UTF-8', b'user-agent': b'google-cloud-sdk gcloud/567.0.0 command/gcloud.auth.application-default.login invocation-id/49c2c4a1c28449aaae5f61bc2ade14fe environment/GCE environment-version/None client-os/LINUX client-os-ver/6.1.0 client-pltf-arch/x86_64 interactive/True from-script/False python/3.13.11 term/xterm-256color  (Linux 6.1.0-47-cloud-amd64)'} and data {'grant_type': 'authorization_code', 'client_id': '764086051850-6qr4p6gpi6hn506pt8ejuq83di341hur.apps.googleusercontent.com', 'client_secret': 'd-FL95Q19q7MQmFpd7hHD0Ty', 'code': 'curl \\', 'redirect_uri': 'https://sdk.cloud.google.com/applicationdefaultauthcode.html', 'code_verifier': 'uIfH1W89cg_4FZo-sOB3nRjQPCcW-6EkWjFX9tw3WRy2cGS2JOHn6gAgtY6VsIzfvHAXBj--L17rzwxcm5dOeryq23p9Ma~-Wke548vcOehWWBC2KeDjswvyHEuOS1EY'}
2026-05-16 21:31:41,393 DEBUG    requests_oauthlib.oauth2_session Passing through key word arguments {'json': None, 'timeout': None, 'auth': None, 'verify': None, 'proxies': None}.
2026-05-16 21:31:41,395 DEBUG    urllib3.connectionpool Starting new HTTPS connection (1): oauth2.googleapis.com:443
2026-05-16 21:31:41,414 DEBUG    urllib3.connectionpool https://oauth2.googleapis.com:443 "POST /token HTTP/1.1" 400 None
2026-05-16 21:31:41,415 DEBUG    requests_oauthlib.oauth2_session Prepared fetch token request body grant_type=authorization_code&client_id=764086051850-6qr4p6gpi6hn506pt8ejuq83di341hur.apps.googleusercontent.com&client_secret=d-FL95Q19q7MQmFpd7hHD0Ty&code=curl+%5C&redirect_uri=https%3A%2F%2Fsdk.cloud.google.com%2Fapplicationdefaultauthcode.html&code_verifier=uIfH1W89cg_4FZo-sOB3nRjQPCcW-6EkWjFX9tw3WRy2cGS2JOHn6gAgtY6VsIzfvHAXBj--L17rzwxcm5dOeryq23p9Ma~-Wke548vcOehWWBC2KeDjswvyHEuOS1EY
2026-05-16 21:31:41,415 DEBUG    requests_oauthlib.oauth2_session Request to fetch token completed with status 400.
2026-05-16 21:31:41,415 DEBUG    requests_oauthlib.oauth2_session Request headers were {'user-agent': b'google-cloud-sdk gcloud/567.0.0 command/gcloud.auth.application-default.login invocation-id/49c2c4a1c28449aaae5f61bc2ade14fe environment/GCE environment-version/None client-os/LINUX client-os-ver/6.1.0 client-pltf-arch/x86_64 interactive/True from-script/False python/3.13.11 term/xterm-256color  (Linux 6.1.0-47-cloud-amd64)', 'Accept-Encoding': 'gzip, deflate', 'Accept': b'application/json', 'Connection': 'keep-alive', 'Content-Type': b'application/x-www-form-urlencoded;charset=UTF-8', 'Content-Length': '390'}
2026-05-16 21:31:41,415 DEBUG    requests_oauthlib.oauth2_session Request body was grant_type=authorization_code&client_id=764086051850-6qr4p6gpi6hn506pt8ejuq83di341hur.apps.googleusercontent.com&client_secret=d-FL95Q19q7MQmFpd7hHD0Ty&code=curl+%5C&redirect_uri=https%3A%2F%2Fsdk.cloud.google.com%2Fapplicationdefaultauthcode.html&code_verifier=uIfH1W89cg_4FZo-sOB3nRjQPCcW-6EkWjFX9tw3WRy2cGS2JOHn6gAgtY6VsIzfvHAXBj--L17rzwxcm5dOeryq23p9Ma~-Wke548vcOehWWBC2KeDjswvyHEuOS1EY
2026-05-16 21:31:41,415 DEBUG    requests_oauthlib.oauth2_session Response headers were {'Expires': 'Mon, 01 Jan 1990 00:00:00 GMT', 'Cache-Control': 'no-cache, no-store, max-age=0, must-revalidate', 'Pragma': 'no-cache', 'Date': 'Sat, 16 May 2026 21:31:41 GMT', 'Content-Type': 'application/json; charset=utf-8', 'Vary': 'Origin, X-Origin, Referer', 'Content-Encoding': 'gzip', 'Server': 'scaffolding on HTTPServer2', 'X-XSS-Protection': '0', 'X-Frame-Options': 'SAMEORIGIN', 'X-Content-Type-Options': 'nosniff', 'Transfer-Encoding': 'chunked'} and content {
  "error": "invalid_grant",
  "error_description": "Malformed auth code."
}.
2026-05-16 21:31:41,416 DEBUG    requests_oauthlib.oauth2_session Invoking 0 token response hooks.
2026-05-16 21:31:41,416 ERROR    root            There was a problem with web authentication.
2026-05-16 21:31:41,416 DEBUG    root            (gcloud.auth.application-default.login) (invalid_grant) Malformed auth code.
Traceback (most recent call last):
  File "/usr/bin/../lib/google-cloud-sdk/lib/googlecloudsdk/core/credentials/flow.py", line 103, in HandleOauth2FlowErrors
    yield
  File "/usr/bin/../lib/google-cloud-sdk/lib/googlecloudsdk/core/credentials/flow.py", line 259, in Run
    return self._Run(**kwargs)
           ~~~~~~~~~^^^^^^^^^^
  File "/usr/bin/../lib/google-cloud-sdk/lib/googlecloudsdk/core/credentials/flow.py", line 812, in _Run
    self.fetch_token(
    ~~~~~~~~~~~~~~~~^
        code=code, include_client_id=self.include_client_id, verify=None
        ^^^^^^^^^^^^^^^^^^^^^^^^^^^^^^^^^^^^^^^^^^^^^^^^^^^^^^^^^^^^^^^^
    )
    ^
  File "/usr/bin/../lib/google-cloud-sdk/lib/third_party/google_auth_oauthlib/flow.py", line 300, in fetch_token
    return self.oauth2session.fetch_token(self.client_config["token_uri"], **kwargs)
           ~~~~~~~~~~~~~~~~~~~~~~~~~~~~~~^^^^^^^^^^^^^^^^^^^^^^^^^^^^^^^^^^^^^^^^^^^
  File "/usr/bin/../lib/google-cloud-sdk/lib/third_party/requests_oauthlib/oauth2_session.py", line 345, in fetch_token
    self._client.parse_request_body_response(r.text, scope=self.scope)
    ~~~~~~~~~~~~~~~~~~~~~~~~~~~~~~~~~~~~~~~~^^^^^^^^^^^^^^^^^^^^^^^^^^
  File "/usr/bin/../lib/google-cloud-sdk/lib/third_party/oauthlib/oauth2/rfc6749/clients/base.py", line 451, in parse_request_body_response
    self.token = parse_token_response(body, scope=scope)
                 ~~~~~~~~~~~~~~~~~~~~^^^^^^^^^^^^^^^^^^^
  File "/usr/bin/../lib/google-cloud-sdk/lib/third_party/oauthlib/oauth2/rfc6749/parameters.py", line 435, in parse_token_response
    validate_token_parameters(params)
    ~~~~~~~~~~~~~~~~~~~~~~~~~^^^^^^^^
  File "/usr/bin/../lib/google-cloud-sdk/lib/third_party/oauthlib/oauth2/rfc6749/parameters.py", line 442, in validate_token_parameters
    raise_from_error(params.get('error'), params)
    ~~~~~~~~~~~~~~~~^^^^^^^^^^^^^^^^^^^^^^^^^^^^^
  File "/usr/bin/../lib/google-cloud-sdk/lib/third_party/oauthlib/oauth2/rfc6749/errors.py", line 406, in raise_from_error
    raise cls(**kwargs)
oauthlib.oauth2.rfc6749.errors.InvalidGrantError: (invalid_grant) Malformed auth code.

The above exception was the direct cause of the following exception:

Traceback (most recent call last):
  File "/usr/bin/../lib/google-cloud-sdk/lib/googlecloudsdk/calliope/cli.py", line 941, in Execute
    resources = calliope_command.Run(cli=self, args=args)
  File "/usr/bin/../lib/google-cloud-sdk/lib/googlecloudsdk/calliope/backend.py", line 968, in Run
    resources = command_instance.Run(args)
  File "/usr/bin/../lib/google-cloud-sdk/lib/surface/auth/application_default/login.py", line 275, in Run
    creds = auth_util.DoInstalledAppBrowserFlowGoogleAuth(
        scopes,
    ...<4 lines>...
        **flow_params
    )
  File "/usr/bin/../lib/google-cloud-sdk/lib/googlecloudsdk/api_lib/auth/util.py", line 363, in DoInstalledAppBrowserFlowGoogleAuth
    user_creds = RemoteLoginWithAuthProxyFlowRunner(
        scopes, client_config, auth_proxy_redirect_uri
    ).Run(**query_params)
  File "/usr/bin/../lib/google-cloud-sdk/lib/googlecloudsdk/api_lib/auth/util.py", line 142, in Run
    return self._flow.Run(**kwargs)
           ~~~~~~~~~~~~~~^^^^^^^^^^
  File "/usr/bin/../lib/google-cloud-sdk/lib/googlecloudsdk/core/credentials/flow.py", line 258, in Run
    with HandleOauth2FlowErrors():
         ~~~~~~~~~~~~~~~~~~~~~~^^
  File "/usr/lib/google-cloud-sdk/platform/bundledpythonunix/lib/python3.13/contextlib.py", line 162, in __exit__
    self.gen.throw(value)
    ~~~~~~~~~~~~~~^^^^^^^
  File "/usr/bin/../lib/google-cloud-sdk/lib/googlecloudsdk/core/credentials/flow.py", line 110, in HandleOauth2FlowErrors
    six.raise_from(AuthRequestRejectedError(e), e)
    ~~~~~~~~~~~~~~^^^^^^^^^^^^^^^^^^^^^^^^^^^^^^^^
  File "<string>", line 3, in raise_from
googlecloudsdk.core.credentials.flow.AuthRequestRejectedError: (invalid_grant) Malformed auth code.
2026-05-16 21:31:41,480 ERROR    root            (gcloud.auth.application-default.login) (invalid_grant) Malformed auth code.
