2026-05-16 21:54:44,581 DEBUG    root            Loaded Command Group: ['gcloud', 'config']
2026-05-16 21:54:44,607 DEBUG    root            Loaded Command Group: ['gcloud', 'config', 'config_helper']
2026-05-16 21:54:44,609 DEBUG    root            Running [gcloud.config.config-helper] with arguments: [--format: "json", --min-expiry: "1800"]
2026-05-16 21:54:44,610 DEBUG    root            On GCE from disk cache: True
2026-05-16 21:54:44,623 DEBUG    root            On GCE from memory cache: True
2026-05-16 21:54:44,638 DEBUG    root            On GCE from memory cache: True
2026-05-16 21:54:44,653 DEBUG    google.auth.transport.requests Making request: GET http://metadata.google.internal/computeMetadata/v1/instance/service-accounts/511076842936-compute@developer.gserviceaccount.com/?recursive=true
2026-05-16 21:54:44,655 DEBUG    urllib3.connectionpool Starting new HTTP connection (1): metadata.google.internal:80
2026-05-16 21:54:44,658 DEBUG    urllib3.connectionpool http://metadata.google.internal:80 "GET /computeMetadata/v1/instance/service-accounts/511076842936-compute@developer.gserviceaccount.com/?recursive=true HTTP/1.1" 200 155
2026-05-16 21:54:44,659 DEBUG    google.auth.transport.requests Making request: GET http://metadata.google.internal/computeMetadata/v1/instance/service-accounts/511076842936-compute@developer.gserviceaccount.com/token
2026-05-16 21:54:44,661 DEBUG    urllib3.connectionpool http://metadata.google.internal:80 "GET /computeMetadata/v1/instance/service-accounts/511076842936-compute@developer.gserviceaccount.com/token HTTP/1.1" 200 872
2026-05-16 21:54:44,691 DEBUG    root            Chosen display Format:default json
2026-05-16 21:54:44,691 INFO     root            Display format: "default json"
2026-05-16 21:54:44,748 INFO     ___FILE_ONLY___ {
  "configuration": {
    "active_configuration": "default",
    "properties": {
      "compute": {
        "region": "us-central1"
      },
      "core": {
        "account": "511076842936-compute@developer.gserviceaccount.com",
        "disable_usage_reporting": "True",
        "project": "project-a5d39078-68b8-4a9c-a89",
        "universe_domain": "googleapis.com"
      },
      "dataproc": {
        "region": "us-central1"
      }
    }
  },
  "credential": {
    "access_token": "ya29.c.c0AZ4bNpavHIpe8Y8qnLtYdTHXbYoGWTGDZv11DoUNKNnIPiJzm_YcFVnjykhIP-KHq09RxRiyv4cKE_vtBFkiAN-WumzsE_Ax_SQST5ZZ3EU-VDiqHDx60GccnTE4DxMfJyTAYxCXmChBW-tlogddiezCTc7OYHN0il2dBzY_Sp8CwMNqS5GgnFacxcuDc754bT0-LmSA0bBOtDLEhB4cozfVnSoXZHFYdZC_EvkoCXmxvt3mC5ZQK-5w9ed1X0VXTkoK2lai5BAKtjYUIVcM3Thg7LYjKI8WhezPWb9yHkyBWRBfT4R2Rk2Jyb5_44LtOBpM98rW_NR7-eNjgNOds4_3fQCZSW3IK2bI55YC0DicHw-xxtW78EJj1ObXdArFYIjNcCCHhQe0caXQSb-OqgH415K2gBeXnhzX1qkhikgzqY7yiyX8sBkVZavOVkumoWs6pFRvznlB8JaB-ukIQhx1JdvqtaZduquw4qVfezF598fkIR2euBwpBjFiid-jkmQ-OamBxko6U1ctFXVVjSiYl_eXd3xv9RjlhZvUMuaUO3XufSxqm-yz-5VgbspnOdpo5FMysu3iM9UWuUqU4RBchj-Jf01_jkoeh6bmmc5auUktO43OhWhF0WYoIBpb2-0Rsl6y1WcRv2SdqdvonvyY5umggwfzds0tvtJuBj2h8dMW8-FR7I9IeO8udY52vz2J5l8_6IVrggth_6nn56-86MveOZOInl_fmq3hm7U20zFpfjgBBe1-limBvpYOzxnVX1i966pR_O6iv-5gkllFrIZ7Z0dJbO510JawuBionbInngko8pOqMhwp8Vo8sy53ZqZ0ubuxYsYBIaovqldQ-nxrBWRl6QfOIg2InSZqgd8V_Yb105RXO96J92ZbekWqVw89hJdoUmwm-qfVom1RWFfjSorlUg-ruU3_ptd97pVmVbnYBS3Yij5aapSFk4UWgUo-kmM8ZtrsVM_gdilcQnepFnBM-10tY0oFkoapn4Sztl8Ukxi",
    "id_token": "eyJhbGciOiJSUzI1NiIsImtpZCI6ImY4ZTY2MjBkMzk3MTFhYTIxY2U4YTJiZjJmM2VlMDFiOTI0Y2IyZDAiLCJ0eXAiOiJKV1QifQ.eyJhdWQiOiIzMjU1NTk0MDU1OS5hcHBzLmdvb2dsZXVzZXJjb250ZW50LmNvbSIsImF6cCI6IjEwOTM2NDkyNzM1Mjg0NzY2NDA0OSIsImV4cCI6MTc3ODk3MjA4NCwiaWF0IjoxNzc4OTY4NDg0LCJpc3MiOiJodHRwczovL2FjY291bnRzLmdvb2dsZS5jb20iLCJzdWIiOiIxMDkzNjQ5MjczNTI4NDc2NjQwNDkifQ.lfp7fEgh0nQ0yB3E95eFtyLADlHNGf5OVevsk_-R8QR7preM3QdAXLLod6ZGs3J4sgWJ-0q8oq-qcMzcDn5_UIz1aOSgNxcCTuHXx7bCZWChagNSuKmoBNfO-5lFpCZeeqXK2Eg2pen92uhbUNPzPdo_vzICgmCZWWzukrbTCu2wVMCOG-CflWgIjIJ52vH4DsGUdIkyIySc1H4Q-LdhVW97UHx94wgwk3jihq1jOPgpYRj2h0ZHSA6jmF3sF9m0kiIi63uvFbXlCCB17QlXz07tIRCPuYeenE_q_JWlZ6qsnNujei4f2UMM6uzUCJdzWRxEbp7PCwfHS_Sbi4SADA",
    "token_expiry": "2026-05-16T22:07:58Z"
  },
  "sentinels": {
    "config_sentinel": "/home/jupyter/.config/gcloud/config_sentinel"
  }
}
2026-05-16 21:54:44,748 INFO     ___FILE_ONLY___ 

2026-05-16 21:54:44,759 DEBUG    root            SDK update checks are disabled.
