2026-05-16 22:14:54,113 DEBUG    root            Loaded Command Group: ['gcloud', 'config']
2026-05-16 22:14:54,136 DEBUG    root            Loaded Command Group: ['gcloud', 'config', 'config_helper']
2026-05-16 22:14:54,139 DEBUG    root            Running [gcloud.config.config-helper] with arguments: [--format: "json", --min-expiry: "1800"]
2026-05-16 22:14:54,139 DEBUG    root            On GCE from disk cache: True
2026-05-16 22:14:54,160 DEBUG    root            Chosen display Format:default json
2026-05-16 22:14:54,160 INFO     root            Display format: "default json"
2026-05-16 22:14:54,210 INFO     ___FILE_ONLY___ {
  "configuration": {
    "active_configuration": "default",
    "properties": {
      "compute": {
        "region": "us-central1"
      },
      "core": {
        "account": "511076842936-compute@developer.gserviceaccount.com",
        "disable_usage_reporting": "True",
        "project": "project-a5d39078-68b8-4a9c-a89",
        "universe_domain": "googleapis.com"
      },
      "dataproc": {
        "region": "us-central1"
      }
    }
  },
  "credential": {
    "access_token": "ya29.c.c0AZ4bNpZ4k6OXLVsEVCBAGIRmMN0BQTuEZUyvn-8K2U0lIvofBSSWhnwwBrr_A1PKV0jotg8w7w4ygLzldCIHt8GUumAetqo7Y8vfy2Sixat8VTl-Y_GfG7vA6zmeyeIUY3zhd7pJJrk7nz6-2R1equxJ6i01fz6pNRdGq-8Oy-Ng40d1UUuBbJGnm3L8At4HeMwnZJm12plwufIJENmMGKbGsUfk7IkAmYj07f3iUfv5J-2ldOga70juBGFcLlf_OaAzFBcljj9anMUK4Bl0CIskK7U2MBzd1VKjmna1LK8INvAXI1znr3fdLyUQd3cfTy5Uwpck_AixDNACMQeJnZjOmLefPsOGPNetyiM1BeRIlMHgZp-U09rZlsWQOOIQlueI_foRq16zkgcnHu5vT413K-armiudq8pX2rdYU5cJSqQc5micOeZ8vinQ7Rci27Xtaj7U0ksVkU-ndrwb34il9r-2fS8xtj5BtVkf746BQgaJluq7meJ43wmRi8w2ZpbqeJIJxUphWeUfrM36BoJuoR8hjgS99xjxpqyV6hg358l-e535U_vygyOFmXXplIZ6fbX2sZZqb9wIX_1uy2sVJWM4o-MawRItngiajl-J6ZoZUlkoa20MSzM7bnbMk_golX1zIQ0aw766wXb0znXnuUQtlcl2Jqjn2Qp4xermWmOR8fM5klb0vdjaewWiYStB2eUwdbq6d15Op_Ub_W28BkIXWuqdQrU4qfXSgotb2Yw8iZYtSQyZBxvk2lSY1o_tmX6IRVO0498zXQ9dm7Q0yR0t7qqpjO7ck5vMJk80nj8FQ15Z4dl8IxMXjm2jJYBXFOVb5rIzqa81_0M7I05t3n3vp8mpdZSsWV45OZby_-Qwsc03U8O9uk6rO_hzrv6k6g-iU2uY9V9S1qxbv42Yz8OcVWM201c2Qa0lMYb9zeJFZ8zs-qJ5rvqUq92vQZXFm_mUpssknwbU-ps11p4idrO2qJ6t03YvF7jnyR-i2fleucI4IcO",
    "id_token": "eyJhbGciOiJSUzI1NiIsImtpZCI6ImY4ZTY2MjBkMzk3MTFhYTIxY2U4YTJiZjJmM2VlMDFiOTI0Y2IyZDAiLCJ0eXAiOiJKV1QifQ.eyJhdWQiOiIzMjU1NTk0MDU1OS5hcHBzLmdvb2dsZXVzZXJjb250ZW50LmNvbSIsImF6cCI6IjEwOTM2NDkyNzM1Mjg0NzY2NDA0OSIsImV4cCI6MTc3ODk3MjY4OCwiaWF0IjoxNzc4OTY5MDg4LCJpc3MiOiJodHRwczovL2FjY291bnRzLmdvb2dsZS5jb20iLCJzdWIiOiIxMDkzNjQ5MjczNTI4NDc2NjQwNDkifQ.N8dRcWfNUpGLl5auAIHOnvgtfkUyBUQEkqznHQt1SILnoN0o4zABTnNWApS7BATRxbITNSs67jP2Lw41XU63clMkqJj1LESiZ2ZC9q14_mqLYIwEZ3zqMpIFEnpU7f_mRQaZ6l0JTlr5rECyez9f9ITClXydqFkrayYyVJHugs8NTZtCubR-EwA0PfXFbgqMnxyOS66zswFVHCQKoP0Yw-_CZXysOCKMHnJKK5GFQ_gVOEDJrmM1GCppyMWsc4zn7lBlLgXcKG2EpvchzJalOnPdxHC_ta8FM9kChm1ggYMZOu7raer62lcSDCnwL3QS8sZ3nVu78Ta7PhHfq8pXLg",
    "token_expiry": "2026-05-16T23:03:01Z"
  },
  "sentinels": {
    "config_sentinel": "/home/jupyter/.config/gcloud/config_sentinel"
  }
}
2026-05-16 22:14:54,210 INFO     ___FILE_ONLY___ 

2026-05-16 22:14:54,220 DEBUG    root            SDK update checks are disabled.
