2026-05-16 22:22:22,550 DEBUG    root            Loaded Command Group: ['gcloud', 'auth']
2026-05-16 22:22:22,551 DEBUG    root            Loaded Command Group: ['gcloud', 'auth', 'application_default']
2026-05-16 22:22:22,581 DEBUG    root            Loaded Command Group: ['gcloud', 'auth', 'application-default', 'login']
2026-05-16 22:22:22,584 DEBUG    root            Running [gcloud.auth.application-default.login] with arguments: [--no-launch-browser: "False"]
2026-05-16 22:22:22,585 DEBUG    root            On GCE from disk cache: True
2026-05-16 22:22:25,841 DEBUG    root            On GCE from memory cache: True
2026-05-16 22:22:25,843 DEBUG    requests_oauthlib.oauth2_session Generated new state rQSTPT9jjR4R6YVKDqNg2qtd3sHLTA.
2026-05-16 22:22:25,844 INFO     ___FILE_ONLY___ Go to the following link in your browser, and complete the sign-in prompts:

    https://accounts.google.com/o/oauth2/auth?response_type=code&client_id=764086051850-6qr4p6gpi6hn506pt8ejuq83di341hur.apps.googleusercontent.com&redirect_uri=https%3A%2F%2Fsdk.cloud.google.com%2Fapplicationdefaultauthcode.html&scope=openid+https%3A%2F%2Fwww.googleapis.com%2Fauth%2Fuserinfo.email+https%3A%2F%2Fwww.googleapis.com%2Fauth%2Fcloud-platform+https%3A%2F%2Fwww.googleapis.com%2Fauth%2Fsqlservice.login&state=rQSTPT9jjR4R6YVKDqNg2qtd3sHLTA&prompt=consent&token_usage=remote&access_type=offline&code_challenge=Ewk4kXsRo8hvFgDAX1Kw66y6M2pn7iilN1hKuHlKOyw&code_challenge_method=S256


2026-05-16 22:23:19,843 DEBUG    requests_oauthlib.oauth2_session Requesting url https://oauth2.googleapis.com/token using method POST.
2026-05-16 22:23:19,844 DEBUG    requests_oauthlib.oauth2_session Supplying headers {b'Accept': b'application/json', b'Content-Type': b'application/x-www-form-urlencoded;charset=UTF-8', b'user-agent': b'google-cloud-sdk gcloud/567.0.0 command/gcloud.auth.application-default.login invocation-id/c0faef5c5b0042919e120328500944dc environment/GCE environment-version/None client-os/LINUX client-os-ver/6.1.0 client-pltf-arch/x86_64 interactive/True from-script/False python/3.13.11 term/xterm-256color  (Linux 6.1.0-47-cloud-amd64)'} and data {'grant_type': 'authorization_code', 'client_id': '764086051850-6qr4p6gpi6hn506pt8ejuq83di341hur.apps.googleusercontent.com', 'client_secret': 'd-FL95Q19q7MQmFpd7hHD0Ty', 'code': '4/0AeoWuM9qygKB6pNXDTi64njXjhnmMqIaGNgoykTPgWRurISWMFnEiiK_WQAKcCiA8EdAlg', 'redirect_uri': 'https://sdk.cloud.google.com/applicationdefaultauthcode.html', 'code_verifier': 'H3G~9r3dBoDy3Ec1RFg0rMv3zH32ynWQLFuRybDmTP7G6C8Gk1jaSO_.obFd41b9AshLceKL~RZOcZuGi3HSjdcBIE8oX-XEmXS3LPF7QtC4RxrR~wN_pC1qpt5EOU9f'}
2026-05-16 22:23:19,844 DEBUG    requests_oauthlib.oauth2_session Passing through key word arguments {'json': None, 'timeout': None, 'auth': None, 'verify': None, 'proxies': None}.
2026-05-16 22:23:19,845 DEBUG    urllib3.connectionpool Starting new HTTPS connection (1): oauth2.googleapis.com:443
2026-05-16 22:23:19,910 DEBUG    urllib3.connectionpool https://oauth2.googleapis.com:443 "POST /token HTTP/1.1" 200 None
2026-05-16 22:23:19,911 DEBUG    requests_oauthlib.oauth2_session Prepared fetch token request body grant_type=authorization_code&client_id=764086051850-6qr4p6gpi6hn506pt8ejuq83di341hur.apps.googleusercontent.com&client_secret=d-FL95Q19q7MQmFpd7hHD0Ty&code=4%2F0AeoWuM9qygKB6pNXDTi64njXjhnmMqIaGNgoykTPgWRurISWMFnEiiK_WQAKcCiA8EdAlg&redirect_uri=https%3A%2F%2Fsdk.cloud.google.com%2Fapplicationdefaultauthcode.html&code_verifier=H3G~9r3dBoDy3Ec1RFg0rMv3zH32ynWQLFuRybDmTP7G6C8Gk1jaSO_.obFd41b9AshLceKL~RZOcZuGi3HSjdcBIE8oX-XEmXS3LPF7QtC4RxrR~wN_pC1qpt5EOU9f
2026-05-16 22:23:19,911 DEBUG    requests_oauthlib.oauth2_session Request to fetch token completed with status 200.
2026-05-16 22:23:19,911 DEBUG    requests_oauthlib.oauth2_session Request headers were {'user-agent': b'google-cloud-sdk gcloud/567.0.0 command/gcloud.auth.application-default.login invocation-id/c0faef5c5b0042919e120328500944dc environment/GCE environment-version/None client-os/LINUX client-os-ver/6.1.0 client-pltf-arch/x86_64 interactive/True from-script/False python/3.13.11 term/xterm-256color  (Linux 6.1.0-47-cloud-amd64)', 'Accept-Encoding': 'gzip, deflate', 'Accept': b'application/json', 'Connection': 'keep-alive', 'Content-Type': b'application/x-www-form-urlencoded;charset=UTF-8', 'Content-Length': '457'}
2026-05-16 22:23:19,911 DEBUG    requests_oauthlib.oauth2_session Request body was grant_type=authorization_code&client_id=764086051850-6qr4p6gpi6hn506pt8ejuq83di341hur.apps.googleusercontent.com&client_secret=d-FL95Q19q7MQmFpd7hHD0Ty&code=4%2F0AeoWuM9qygKB6pNXDTi64njXjhnmMqIaGNgoykTPgWRurISWMFnEiiK_WQAKcCiA8EdAlg&redirect_uri=https%3A%2F%2Fsdk.cloud.google.com%2Fapplicationdefaultauthcode.html&code_verifier=H3G~9r3dBoDy3Ec1RFg0rMv3zH32ynWQLFuRybDmTP7G6C8Gk1jaSO_.obFd41b9AshLceKL~RZOcZuGi3HSjdcBIE8oX-XEmXS3LPF7QtC4RxrR~wN_pC1qpt5EOU9f
2026-05-16 22:23:19,911 DEBUG    requests_oauthlib.oauth2_session Response headers were {'Expires': 'Mon, 01 Jan 1990 00:00:00 GMT', 'Date': 'Sat, 16 May 2026 22:23:19 GMT', 'Pragma': 'no-cache', 'Cache-Control': 'no-cache, no-store, max-age=0, must-revalidate', 'Content-Type': 'application/json; charset=utf-8', 'Vary': 'Origin, X-Origin, Referer', 'Content-Encoding': 'gzip', 'Server': 'scaffolding on HTTPServer2', 'X-XSS-Protection': '0', 'X-Frame-Options': 'SAMEORIGIN', 'X-Content-Type-Options': 'nosniff', 'Transfer-Encoding': 'chunked'} and content {
  "access_token": "ya29.a0AQvPyIOGmvi4-FdnEncj8hVn23MkBpBUJucPMXRWEm1wjWtzalJk3GD1whujiyAciI0Q8_8htR3UA3EhJjxJzrL4_Gs2pQgLwdKwkFm49sWVNIby-tHassJZ7AD0q2HZyBOk8ry8MdWN1343kmudc6AT3sces9IAKGsokqosZFOS_lW2AgXTv6STe_27XRKYAj58UBwaCgYKAdYSARUSFQHGX2MiJVur5iA9Rlcc2om210huuA0206",
  "expires_in": 3599,
  "refresh_token": "1//04Gar0fbOqSn1CgYIARAAGAQSNwF-L9Ir7E6XNj_jnoS9bpP3QbVeQUCV7mmFVFjRTAop_DwEWxpwciybygj544_eMG8B-L8v6Pw",
  "scope": "https://www.googleapis.com/auth/sqlservice.login openid https://www.googleapis.com/auth/cloud-platform https://www.googleapis.com/auth/userinfo.email",
  "token_type": "Bearer",
  "id_token": "eyJhbGciOiJSUzI1NiIsImtpZCI6ImY4ZTY2MjBkMzk3MTFhYTIxY2U4YTJiZjJmM2VlMDFiOTI0Y2IyZDAiLCJ0eXAiOiJKV1QifQ.eyJpc3MiOiJodHRwczovL2FjY291bnRzLmdvb2dsZS5jb20iLCJhenAiOiI3NjQwODYwNTE4NTAtNnFyNHA2Z3BpNmhuNTA2cHQ4ZWp1cTgzZGkzNDFodXIuYXBwcy5nb29nbGV1c2VyY29udGVudC5jb20iLCJhdWQiOiI3NjQwODYwNTE4NTAtNnFyNHA2Z3BpNmhuNTA2cHQ4ZWp1cTgzZGkzNDFodXIuYXBwcy5nb29nbGV1c2VyY29udGVudC5jb20iLCJzdWIiOiIxMDczMjc0Mzc3Mzg1MTIwOTQxOTMiLCJlbWFpbCI6Im1hdXJpY2lveW9ybWFuQGdtYWlsLmNvbSIsImVtYWlsX3ZlcmlmaWVkIjp0cnVlLCJhdF9oYXNoIjoiN3lnRWZWX2xMclZ3SUVaQVJXbFhkdyIsImlhdCI6MTc3ODk3MDE5OSwiZXhwIjoxNzc4OTczNzk5fQ.L3KENWgKXFwGQ4ZSRPL4bcSdowHG5nViAcYHCyv9BhjMfyW1Ht6Q6qrq2qC_RUmJG8bI4-DYcLxNrZz2b_SVDCpK8EHm3_R6itCSjWk-T-tExqrtjyK9FqAgVhprQO2LtlydyiF69xIeD-RyMUfLEpjYkL3Iz4sV06a2s-AFK3sZIUcTR_ZJFg0XyhUYqIivxC5NiQaDCf-l6L_S6HgtlGvEerIQPcWhyrjDoN9IfFrC6ObxFIstV8hkInZF7_OjkxmTfIkBBiVYrGw4zYKLemCTesOUkbPX1wLwisYv3AhauQgX_u8_yFmyM5pAdIKGW4IalNoIZjt1Z3qxN-CPdA"
}.
2026-05-16 22:23:19,912 DEBUG    requests_oauthlib.oauth2_session Invoking 0 token response hooks.
2026-05-16 22:23:19,912 DEBUG    requests_oauthlib.oauth2_session Obtained token {'access_token': 'ya29.a0AQvPyIOGmvi4-FdnEncj8hVn23MkBpBUJucPMXRWEm1wjWtzalJk3GD1whujiyAciI0Q8_8htR3UA3EhJjxJzrL4_Gs2pQgLwdKwkFm49sWVNIby-tHassJZ7AD0q2HZyBOk8ry8MdWN1343kmudc6AT3sces9IAKGsokqosZFOS_lW2AgXTv6STe_27XRKYAj58UBwaCgYKAdYSARUSFQHGX2MiJVur5iA9Rlcc2om210huuA0206', 'expires_in': 3599, 'refresh_token': '1//04Gar0fbOqSn1CgYIARAAGAQSNwF-L9Ir7E6XNj_jnoS9bpP3QbVeQUCV7mmFVFjRTAop_DwEWxpwciybygj544_eMG8B-L8v6Pw', 'scope': ['https://www.googleapis.com/auth/sqlservice.login', 'openid', 'https://www.googleapis.com/auth/cloud-platform', 'https://www.googleapis.com/auth/userinfo.email'], 'token_type': 'Bearer', 'id_token': 'eyJhbGciOiJSUzI1NiIsImtpZCI6ImY4ZTY2MjBkMzk3MTFhYTIxY2U4YTJiZjJmM2VlMDFiOTI0Y2IyZDAiLCJ0eXAiOiJKV1QifQ.eyJpc3MiOiJodHRwczovL2FjY291bnRzLmdvb2dsZS5jb20iLCJhenAiOiI3NjQwODYwNTE4NTAtNnFyNHA2Z3BpNmhuNTA2cHQ4ZWp1cTgzZGkzNDFodXIuYXBwcy5nb29nbGV1c2VyY29udGVudC5jb20iLCJhdWQiOiI3NjQwODYwNTE4NTAtNnFyNHA2Z3BpNmhuNTA2cHQ4ZWp1cTgzZGkzNDFodXIuYXBwcy5nb29nbGV1c2VyY29udGVudC5jb20iLCJzdWIiOiIxMDczMjc0Mzc3Mzg1MTIwOTQxOTMiLCJlbWFpbCI6Im1hdXJpY2lveW9ybWFuQGdtYWlsLmNvbSIsImVtYWlsX3ZlcmlmaWVkIjp0cnVlLCJhdF9oYXNoIjoiN3lnRWZWX2xMclZ3SUVaQVJXbFhkdyIsImlhdCI6MTc3ODk3MDE5OSwiZXhwIjoxNzc4OTczNzk5fQ.L3KENWgKXFwGQ4ZSRPL4bcSdowHG5nViAcYHCyv9BhjMfyW1Ht6Q6qrq2qC_RUmJG8bI4-DYcLxNrZz2b_SVDCpK8EHm3_R6itCSjWk-T-tExqrtjyK9FqAgVhprQO2LtlydyiF69xIeD-RyMUfLEpjYkL3Iz4sV06a2s-AFK3sZIUcTR_ZJFg0XyhUYqIivxC5NiQaDCf-l6L_S6HgtlGvEerIQPcWhyrjDoN9IfFrC6ObxFIstV8hkInZF7_OjkxmTfIkBBiVYrGw4zYKLemCTesOUkbPX1wLwisYv3AhauQgX_u8_yFmyM5pAdIKGW4IalNoIZjt1Z3qxN-CPdA', 'expires_at': 1778973798.9121122}.
2026-05-16 22:23:19,920 INFO     ___FILE_ONLY___ 
Credentials saved to file: [/home/jupyter/.config/gcloud/application_default_credentials.json]

2026-05-16 22:23:19,920 INFO     ___FILE_ONLY___ 
These credentials will be used by any library that requests Application Default Credentials (ADC).

2026-05-16 22:23:19,935 DEBUG    root            On GCE from memory cache: True
2026-05-16 22:23:19,935 INFO     root            Using alternate credentials from file: [/home/jupyter/.config/gcloud/application_default_credentials.json]
2026-05-16 22:23:19,938 DEBUG    root            On GCE from memory cache: True
2026-05-16 22:23:19,944 DEBUG    root            On GCE from memory cache: True
2026-05-16 22:23:19,944 DEBUG    google.auth.transport.requests Making request: POST https://oauth2.googleapis.com/token
2026-05-16 22:23:19,946 DEBUG    urllib3.connectionpool Starting new HTTPS connection (1): oauth2.googleapis.com:443
2026-05-16 22:23:19,975 DEBUG    urllib3.connectionpool https://oauth2.googleapis.com:443 "POST /token HTTP/1.1" 200 None
2026-05-16 22:23:20,008 DEBUG    urllib3.connectionpool Starting new HTTPS connection (1): cloudresourcemanager.googleapis.com:443
2026-05-16 22:23:20,065 DEBUG    urllib3.connectionpool https://cloudresourcemanager.googleapis.com:443 "POST /v1/projects/project-a5d39078-68b8-4a9c-a89:testIamPermissions?alt=json HTTP/1.1" 200 None
2026-05-16 22:23:20,066 INFO     ___FILE_ONLY___ 
Quota project "project-a5d39078-68b8-4a9c-a89" was added to ADC which can be used by Google client libraries for billing and quota. Note that some services may still bill the project owning the resource.

2026-05-16 22:23:20,067 DEBUG    root            Chosen display Format:none
2026-05-16 22:23:20,067 INFO     root            Display format: "none"
2026-05-16 22:23:20,094 DEBUG    root            SDK update checks are disabled.
