2026-05-18 01:55:38,326 DEBUG    root            Loaded Command Group: ['gcloud', 'config']
2026-05-18 01:55:38,348 DEBUG    root            Loaded Command Group: ['gcloud', 'config', 'config_helper']
2026-05-18 01:55:38,351 DEBUG    root            Running [gcloud.config.config-helper] with arguments: [--format: "json", --min-expiry: "1800"]
2026-05-18 01:55:38,354 DEBUG    root            On GCE from server: True
2026-05-18 01:55:38,372 DEBUG    root            Chosen display Format:default json
2026-05-18 01:55:38,373 INFO     root            Display format: "default json"
2026-05-18 01:55:38,420 INFO     ___FILE_ONLY___ {
  "configuration": {
    "active_configuration": "default",
    "properties": {
      "compute": {
        "region": "us-central1"
      },
      "core": {
        "account": "511076842936-compute@developer.gserviceaccount.com",
        "disable_usage_reporting": "True",
        "project": "project-a5d39078-68b8-4a9c-a89",
        "universe_domain": "googleapis.com"
      },
      "dataproc": {
        "region": "us-central1"
      }
    }
  },
  "credential": {
    "access_token": "ya29.c.c0AZ4bNpaeQEP4t90MUtd0fb26EecqJzzMyw1C5BgC35w1jOGSCAYz7Ad0L66VfK8WgRU47uFJr6yLAEKtm54CQ5cUYrHj1Wwr9ypD4ywGpumxtSuKXtQvFccH6AovVAAAQaSI1DilF--9Yg1cBQFTcVrY4k2BNty19wyGXrBvEPfWmb0QRGjb0cU0l4vXaQnQgYEY7r1wCA86wdVPxjGrDPqouyqM5ltZCyzwdeCFW0nxlj2MCDZHqVYZQuOz8rRXsuvWNdjZ3WWW2gewk45NJl0LvmpBKOxRUfNtIRjh1Vrsy6qobap28XsjDZoLITWSg3mVOXaEnDTvQoUf9dPdgnX_fdiMdCKMP8rjJ1l7MmL3jmRQsvKu2HzLjcMBqDo_xIDhZPF8igUK1qVdOKRvY2sL416AaWZ-rQj07O_jvQdJWgSoRMMlmjJFlZR0himiqgZd1yV9oj_70hBxStW_hmuO4Y20OFhw0mSxbbshoqSMk9toeYs0mjpMenyX8vdibhSIaXmBuy16p59kamioQYwYeyR7wjVX3Qr9cg071gqlSSIog8weq6xflf0Y9-roJrztl4JnBzJwdv_p7QezmU2JzMfuVVVcy7RjihbvI_J5RtwphsJQ7_mMQZ6_t7pl3FOQm3eQg3U68axd1ViRzi9V_Jxtnx3XiXZYstmUy5u1M4MR9nnw9x_qykhOg4grdy5Ub9vYW8andRsFU_QnY-ccs3-mF95BWIdocW7uy2cmo3eSBS6ypyuhklQf4S6MFqv-uIRp7hkouxZQ4y2jRSdsoFwZ0glrq0UuSi3yzdlMjq6XSfnXjcmq7rYFui5WYd450ZtSayJb9lfw4nsvQ_hm9JxhMBRfIu2awfjbcjW6xOSRIOcF-8U295yhFmFyqUZgjZkVI39gJrSJqvOlMgWB-Oce2m_3Zyhum8UM2b5m0hpxyIYOSq35nIMVYkc-VpvVzyf2pd00FBk5UOt9q3mV2fFZS66Ym3d6dt_Jnn_2puebj6iwcRW",
    "id_token": "eyJhbGciOiJSUzI1NiIsImtpZCI6ImY4ZTY2MjBkMzk3MTFhYTIxY2U4YTJiZjJmM2VlMDFiOTI0Y2IyZDAiLCJ0eXAiOiJKV1QifQ.eyJhdWQiOiIzMjU1NTk0MDU1OS5hcHBzLmdvb2dsZXVzZXJjb250ZW50LmNvbSIsImF6cCI6IjEwOTM2NDkyNzM1Mjg0NzY2NDA0OSIsImV4cCI6MTc3OTA3MTY2MCwiaWF0IjoxNzc5MDY4MDYwLCJpc3MiOiJodHRwczovL2FjY291bnRzLmdvb2dsZS5jb20iLCJzdWIiOiIxMDkzNjQ5MjczNTI4NDc2NjQwNDkifQ.VRL_7bUQbGpMHkiX92lxiyqZy4TtOJLq6P6UI-q-OY1S6w_-vOo8uHlM5cE72U4oRIvzbK45WFRFshDWWj2PpfbJ4uuj8g4uP_x52kYTiFM50E3D7jbXcFcgGvRrxTTn2qWSEFOKI1TsLQ0gc-gsr6KPn6T1qpNqPY_ZgqXs1nromtkhxFCBNnNL-a7F6uqtdXmSIduD256eyHcV3IUn-YrOEZmXkMdkKPWMpB0rMlihxX1_x3zjVAr0t4VwdZGR7QWMEBoLnhw2XoO3t6PFAf1cOWd1HfZsboqHTOXmKkdYhJOhkZRs-wgvDjG8UrH8GRpxYCsYHXCVo-I44bDXcA",
    "token_expiry": "2026-05-18T02:31:57Z"
  },
  "sentinels": {
    "config_sentinel": "/home/jupyter/.config/gcloud/config_sentinel"
  }
}
2026-05-18 01:55:38,420 INFO     ___FILE_ONLY___ 

2026-05-18 01:55:38,428 DEBUG    root            SDK update checks are disabled.
