2026-05-18 15:21:31,829 DEBUG    root            Loaded Command Group: ['gcloud', 'config']
2026-05-18 15:21:31,853 DEBUG    root            Loaded Command Group: ['gcloud', 'config', 'config_helper']
2026-05-18 15:21:31,856 DEBUG    root            Running [gcloud.config.config-helper] with arguments: [--format: "json", --min-expiry: "1800"]
2026-05-18 15:21:31,860 DEBUG    root            On GCE from server: True
2026-05-18 15:21:31,878 DEBUG    root            Chosen display Format:default json
2026-05-18 15:21:31,879 INFO     root            Display format: "default json"
2026-05-18 15:21:31,928 INFO     ___FILE_ONLY___ {
  "configuration": {
    "active_configuration": "default",
    "properties": {
      "compute": {
        "region": "us-central1"
      },
      "core": {
        "account": "511076842936-compute@developer.gserviceaccount.com",
        "disable_usage_reporting": "True",
        "project": "project-a5d39078-68b8-4a9c-a89",
        "universe_domain": "googleapis.com"
      },
      "dataproc": {
        "region": "us-central1"
      }
    }
  },
  "credential": {
    "access_token": "ya29.c.c0AZ4bNpaDnc64BL1HwrOhndylib2tUIAo2nC66NsUWbJXP_wMjAOEo4hAdfZo_imbd9eokCMU6WdckfpClzL3boArzzt56InwxAC2SeUDeRPLAb-VV1_xjv1j1u2ovgyPD1n5UcAtWURqJUBhEIrfk4LyHQLZaU1WUkDkYybksHPCCOVzLkts3ir3Fs28tQRdaSW_pvzFU8V-7eUmSnjvTXOFSJH9zIAlngL-060Xwa_TsaG9wyy2zVR5_f2divGyUtqkCIsx-8K4xaa_6C99dSuFYWtaCySjP5pBI1uYsbBIdLPa2Xm5VQ9gThGpSCAkJkUrHgF-Ul4kvbFZ41e_c9_cQL58LrPjnXigFfAjpc907-6J5nbrYRcrA-X3aqrBnnRpML95ZU1CtSznOUoXItIN416AtVXbR480s-i0aBqwiRtzB5SRz6qS-IoQSkSSyx2v6XVawmsebUWmQy1UoexoWOvSBB3onmBqIlVUsbgm76kv33lbXuXWdcSqVJ0cQr1IVxU7UJXa6j6xOJWYwxcbQvfactUWedom0ktyo6ffM6JuxMMsrF8cUF_-oafompdQ7fna0jkXWFXqWR334_guwib6rx13hU-QnaSJWBiZzYsgg_nSXxMZMg079y0bimhUbchB00j212x1MZ37B7iYdco-8lF3ZY8yve7ccazhgqq1YroOzXIBrmZV-Ojq6n23Uunt8Xqul2tFFZvaigWQ-S91Z5Zf3ouQjIfg44iXsqppgv1MzrevlqBS2-0sOBV5z2zjiUSnedf-_RgXdpgWn1lJhgdp6QgBY3JmRMYia1q9ZIs9qiX6rgni73xI_Ifbl18iiJkbbdhd0x7QVh7awnaRyhpoplmnklSlzQItl6Y9q2h4ae1qWb8IsRbbIjVXld8WR2OjU0fiMpr0k-WJ-dfS0S2XjypzzoeupwisuqhfQguBWI4RxB-4whlq46X9zkbh1kr_ukc9rsjxf8BR_OhQt8SyIrFu6yv75dMB3a7MMvfujgr",
    "id_token": "eyJhbGciOiJSUzI1NiIsImtpZCI6ImY4ZTY2MjBkMzk3MTFhYTIxY2U4YTJiZjJmM2VlMDFiOTI0Y2IyZDAiLCJ0eXAiOiJKV1QifQ.eyJhdWQiOiIzMjU1NTk0MDU1OS5hcHBzLmdvb2dsZXVzZXJjb250ZW50LmNvbSIsImF6cCI6IjEwOTM2NDkyNzM1Mjg0NzY2NDA0OSIsImV4cCI6MTc3OTExOTc3NiwiaWF0IjoxNzc5MTE2MTc2LCJpc3MiOiJodHRwczovL2FjY291bnRzLmdvb2dsZS5jb20iLCJzdWIiOiIxMDkzNjQ5MjczNTI4NDc2NjQwNDkifQ.OTirXwLVcJNfkNYYImwhCGR9sJzaBfE8hcmEOM43HyhqvL53EoEnb14GPX8j2LPXthW-VMzP7RXsfasEo6xYIstzmbBbT8tqMDkuPNw6Mt64VF0XSnzVuMB_XVIz_iKCJpC_8shTJraolKLd6CpDHJpYVI8BGDA406EKgFTs1bxMT1EVGNMgbmC561Wsi5tsq7Y7cjbINn1Xda5mVIZNMwoZWNTKNguzcJnpDVTQNhLtOyNXC_Vq3bB8DB6Ds1BtzQQhbEAjie9e9I2vQu9WuNTS7nVkn5NhAHLQy4TEZeiSt4EK42TdINB7PJgJTd10FZkBqh6Ivjg4h7R_TjYb0A",
    "token_expiry": "2026-05-18T15:54:06Z"
  },
  "sentinels": {
    "config_sentinel": "/home/jupyter/.config/gcloud/config_sentinel"
  }
}
2026-05-18 15:21:31,929 INFO     ___FILE_ONLY___ 

2026-05-18 15:21:31,938 DEBUG    root            SDK update checks are disabled.
