2026-05-18 16:01:43,077 DEBUG    root            Loaded Command Group: ['gcloud', 'config']
2026-05-18 16:01:43,100 DEBUG    root            Loaded Command Group: ['gcloud', 'config', 'config_helper']
2026-05-18 16:01:43,103 DEBUG    root            Running [gcloud.config.config-helper] with arguments: [--format: "json", --min-expiry: "1800"]
2026-05-18 16:01:43,103 DEBUG    root            On GCE from disk cache: True
2026-05-18 16:01:43,123 DEBUG    root            Chosen display Format:default json
2026-05-18 16:01:43,123 INFO     root            Display format: "default json"
2026-05-18 16:01:43,171 INFO     ___FILE_ONLY___ {
  "configuration": {
    "active_configuration": "default",
    "properties": {
      "compute": {
        "region": "us-central1"
      },
      "core": {
        "account": "511076842936-compute@developer.gserviceaccount.com",
        "disable_usage_reporting": "True",
        "project": "project-a5d39078-68b8-4a9c-a89",
        "universe_domain": "googleapis.com"
      },
      "dataproc": {
        "region": "us-central1"
      }
    }
  },
  "credential": {
    "access_token": "ya29.c.c0AZ4bNpaYTEEkOH9xygmMj9ZproDgHZYer4IwoyeQ3KTpp-mKCG-QpjMCsoWL2A5CU2hZLFzWYholh70HKxcLLoPHRbEJuyDc7YKxHqNUbgJisr-J30n3QO8sjUV0cEr2vT75K4tdgRVI1p77ACoSQEknC58Vyhnp4oq1dqX25RB4DXXrH-tifa9BNYVQXcLvxwbgCoQwolU-ZZjv0SXOXIInfBi4xPbxN0sSBSqTjdF45r7E1c1JysMFHZycCDKmvUbXNTOAEjOKMM1C4ysnO779fzwXr93TpcD_9ikL-TFMSE0kYZotF5FG8TJmDvy17VSAt5NcHbWxFIhTogl8ulGfe85w4hLUJj-928Bu8C2gGDyUzEJnHFk4JEIk0hy1knnapCtoh6ErHrig15WtXAwG416AQMJIUuh5O_O7psXdi940op02_sn9zaMtec_IpmMSVbils1iWl_qR8meemod5pWaiQ3qBS8S6S0YBll86dms3eQ3feivgbIjbZs0f7Mze7dr-zWkZIQqXuljhf7u1ru4nZyORuwuohgS5XRapee71dzOb0MWJe1J033zYnSrxRjtrhhypg95Mse_-mq6J53z9lsmkegsWx7kmXfxF-i1_utFkji316eyvd49Zmpqw88QplBcjbrcW8s6VI84Rwp2lgJZpWcz50vekkz4JVdOIhWR9Os-stVm_Oa27ijZisjjblxOMl7zhZgSO5R20pOo4ez3aaZqg8YQmyoiJjs8Uwrow3rd6uy2vx55-iZg4S3crSci-ye7nk9Q8Oai99m1M4uc5gbvx91UegQIb-oe7XR0bdlgclspjQoIQ2oomzBOmelc8X2dp7qtWop3O4rUOdwrXOhFZurUoiRQnJ-rQ-tF_WXbZBu4glwmWYkWkoBwzpVZy3dixdq1WVd7755itQ1ee4_wFoX6y9Rntg2jeSJSUnfJSUariwwvhM_9Bk1QJuttxnVcnUw6Q3xp9dF4gUo1cJF4JZS1OidSnp0fjM5sR3JX",
    "id_token": "eyJhbGciOiJSUzI1NiIsImtpZCI6ImY4ZTY2MjBkMzk3MTFhYTIxY2U4YTJiZjJmM2VlMDFiOTI0Y2IyZDAiLCJ0eXAiOiJKV1QifQ.eyJhdWQiOiIzMjU1NTk0MDU1OS5hcHBzLmdvb2dsZXVzZXJjb250ZW50LmNvbSIsImF6cCI6IjEwOTM2NDkyNzM1Mjg0NzY2NDA0OSIsImV4cCI6MTc3OTEyMzEwNSwiaWF0IjoxNzc5MTE5NTA1LCJpc3MiOiJodHRwczovL2FjY291bnRzLmdvb2dsZS5jb20iLCJzdWIiOiIxMDkzNjQ5MjczNTI4NDc2NjQwNDkifQ.DcrLcxc_OswWPBGYBDcxsJzKDU_F28yg0rEb1A9ASVvNHZCa008mxXTUhx7f96IxmqCMBYiRV1Xto1Iw3_jhwJVBBj28-9vuLw0TzSEkRWIfQ5ePeju8fPByeBxheSvV45kORUgL6_z5TEx2gxj1jfE5nUDDbuu2SHHnSsbuI9QDpgyujouPRkiw7NsTK-3ZesKdzXYws7G0o0atdXM85SHXwFMReHDarxnx2IM0xBAN4_gTtQ_AV_48XuE9LhD6r1TRpnFjc4c91jVbzj4qw9LpzoKCTUx94usuaQmC76xRQnbD3DFzOi4GZ7er3CEDCGNTSasnTzIhLXhGNsHpAw",
    "token_expiry": "2026-05-18T16:49:17Z"
  },
  "sentinels": {
    "config_sentinel": "/home/jupyter/.config/gcloud/config_sentinel"
  }
}
2026-05-18 16:01:43,171 INFO     ___FILE_ONLY___ 

2026-05-18 16:01:43,180 DEBUG    root            SDK update checks are disabled.
