2026-05-18 17:02:01,624 DEBUG    root            Loaded Command Group: ['gcloud', 'config']
2026-05-18 17:02:01,647 DEBUG    root            Loaded Command Group: ['gcloud', 'config', 'config_helper']
2026-05-18 17:02:01,650 DEBUG    root            Running [gcloud.config.config-helper] with arguments: [--format: "json", --min-expiry: "1800"]
2026-05-18 17:02:01,653 DEBUG    root            On GCE from server: True
2026-05-18 17:02:01,670 DEBUG    root            Chosen display Format:default json
2026-05-18 17:02:01,671 INFO     root            Display format: "default json"
2026-05-18 17:02:01,717 INFO     ___FILE_ONLY___ {
  "configuration": {
    "active_configuration": "default",
    "properties": {
      "compute": {
        "region": "us-central1"
      },
      "core": {
        "account": "511076842936-compute@developer.gserviceaccount.com",
        "disable_usage_reporting": "True",
        "project": "project-a5d39078-68b8-4a9c-a89",
        "universe_domain": "googleapis.com"
      },
      "dataproc": {
        "region": "us-central1"
      }
    }
  },
  "credential": {
    "access_token": "ya29.c.c0AZ4bNpbw6cMpkDBliG9oGkquZxRvbpSuK_RTMbnHGCrxxKLa6besX3Hdi8dC0a_SkoALzGDvd_22iFGel07zrXOFCZlKjILprSElK7hRQhBTJBEfmoK8lE1F7ckH2ri1JwXaqKPWjGOuJ8vfzjYpB1xbjNe29zwEldmwbKR2mjFretOLEB804m5GV8CvdVLl7s4Jw_AQSvjVKSRqO7oEyk3XUdOCkpQYpwlSs3aT3EVz7kFqO8AN0I1F1m3pzbqYEbsE8aQNZ5sYxbdhkR0OYQCtYcB4dWDVYEsLlZiG9VBu5zAD6ufTEAnV4T1is7oZliLSULP6RuHUcbtbP5DMDfd_d-uONrH14nPldrDZhiSvIMlM7ls6yILl47YwjugF5fgYFlb4meC2trYplWpqngE415AV2M8Rb8JIZeUunhlqW3zw0vmv2UZw26-gakgVxd8QM4phzuB3w1lhYxmg7qUQikVr5ydZonXS13i6U9rMJ7byymp6l9zvb3lqQ1fFQz4jkWWuZ_l3f5yt0ghzpsbZ3gUbqqYaM90V3_FYaYptXQ7gM4tvfhM346o0wmofZvduhOtvxVMsR1loFQZow637jx1XyhovBgBsu3zhlzkYOiM5pIZsU6jlIwJU0ixhRJaro6iw3aatZif4qlzglW26wFZxXB-Uoyw4ZtdgXlkexraw-x8lg3BVn2z-5ehp2gSa9hx4pskdf-mgZ93OOthcg8pmFhIB4_oihJavtzur-1uaMMB9JV-wIc_6r2z-hWzhRplkIR-iU-nSFpBVRcfnehSd8_7BlZFlzt2n3BB4W3682cf_iugkQsyIXvuznImshBa3JvYtRYiMRkVyjvV47hFdv8mtIBmnl65blVe7S79brBrQ96b3zBrQqt4xoj5c6MBvScl5vd6icuV7hrXa14xu2vlByRwFbMkvh2V8IngqV333agFbtc5kishYU9I26998e0nrvF10hgoaMJqwdZiISei7Qcw2_mdu6r3xd9Yh8wf3jl2",
    "id_token": "eyJhbGciOiJSUzI1NiIsImtpZCI6ImY4ZTY2MjBkMzk3MTFhYTIxY2U4YTJiZjJmM2VlMDFiOTI0Y2IyZDAiLCJ0eXAiOiJKV1QifQ.eyJhdWQiOiIzMjU1NTk0MDU1OS5hcHBzLmdvb2dsZXVzZXJjb250ZW50LmNvbSIsImF6cCI6IjEwOTM2NDkyNzM1Mjg0NzY2NDA0OSIsImV4cCI6MTc3OTEyNjQxNywiaWF0IjoxNzc5MTIyODE3LCJpc3MiOiJodHRwczovL2FjY291bnRzLmdvb2dsZS5jb20iLCJzdWIiOiIxMDkzNjQ5MjczNTI4NDc2NjQwNDkifQ.axMJqsRMCIkEW8fwIQzjT4o9j2R42gyOcRf_VHaWedHKTdNpjzq1SYG4cc_bGFoH0ummGkxqfBjZn7jkWzVW4RDJtqLRLtzReRUaknFhBAcySqaLUNe-LRZuMGg7Gu3Tur6exIeuxGuX9we9K7BvOoGqeOZ2IyET9lXn9GiORAFys8hDThrwLQhHOJ2OhAGB9H5oLIrhp_B-F3UcKdJS3vsy-zcBEFYzGnl7t63EzfgX9b0WtgDAPWYqBGObPC8bFlzfOGQQM-NLVJ3w2Deh-8h8mF_DDPdrVubYUi5DuKqqeHSSgIOxxRuFd6H_1yjEM9lkiOi2pXHTsQFhwQDgvA",
    "token_expiry": "2026-05-18T17:44:29Z"
  },
  "sentinels": {
    "config_sentinel": "/home/jupyter/.config/gcloud/config_sentinel"
  }
}
2026-05-18 17:02:01,717 INFO     ___FILE_ONLY___ 

2026-05-18 17:02:01,726 DEBUG    root            SDK update checks are disabled.
