2026-05-18 18:03:59,226 DEBUG    root            Loaded Command Group: ['gcloud', 'config']
2026-05-18 18:03:59,248 DEBUG    root            Loaded Command Group: ['gcloud', 'config', 'config_helper']
2026-05-18 18:03:59,250 DEBUG    root            Running [gcloud.config.config-helper] with arguments: [--format: "json", --min-expiry: "1800"]
2026-05-18 18:03:59,254 DEBUG    root            On GCE from server: True
2026-05-18 18:03:59,270 DEBUG    root            Chosen display Format:default json
2026-05-18 18:03:59,270 INFO     root            Display format: "default json"
2026-05-18 18:03:59,315 INFO     ___FILE_ONLY___ {
  "configuration": {
    "active_configuration": "default",
    "properties": {
      "compute": {
        "region": "us-central1"
      },
      "core": {
        "account": "511076842936-compute@developer.gserviceaccount.com",
        "disable_usage_reporting": "True",
        "project": "project-a5d39078-68b8-4a9c-a89",
        "universe_domain": "googleapis.com"
      },
      "dataproc": {
        "region": "us-central1"
      }
    }
  },
  "credential": {
    "access_token": "ya29.c.c0AZ4bNpYLuQFHd_y_oHdasbE69TumERKbgpRKdMP79oJfP0CKC7O2ns3uifYjtmJOI8Tr738AqBif1zXjHCMijnXQdXKdvwXn0eeEvpUDGsUyMaIRq9C_NYcvK8aMWAwsxRk8_gGYmMIZCMJ9Yd3kkLxGR0RPUl2U_AqlhHAg_UxvJ-j8wG7E5jnXj7-vZDxjTogZDYClZJDpLAkgfbtDTnPMGRM3XSQIXCfiUrRWWO6Rm72dP4JQn4H3be5k7WWwlz1h0oCfcV_ntvNFV6kjebkMW1ot0PX7fkwAWwAZJ_4_T-fQSlvdZiLzAnoUmZhOxAZC7zThYst3pvd1BWBwgqdBeGFhg66VcyukBa99VFAXhLx1p4BAiTjlEADM41XU2SOQ2bHgWkmkxN7aBvZUPwE415CUnney92a3nl26wW4b4M8Xz7z0b7y-m-isUWnBtxzQkSmyVw439JO5qwM73OW1kZF32zf8_xMm5ubYwUvnkIoZJ4ZJ8hIpIw56zSjjtfXvm3sxeRe__navWs9w3bh03-OSusioXfitaSVYZ68XSbebkqSQgXBQlBp2_4rf6ptbywhstBbmjUbyBuBX6FnQiVi0iRjkgy56UboI08wllcjcQ0pfty-4uqaBmqrSsqw8V1lz7okzmU-jmk6bhUe5YOwufZtc3sBqwuduBb9zn_U6QjM0OI3a7Bg17oZh4uuews0ujcvxtxyi88r4cVxquFgxMo24w-_bY1x449dY8jYSa1bY7S--QWQfmRu0sk2h6tRawXh_ZeRm8_5rmkWvxbv6Fp7YXe1vnJOrvaixFaOIMb1R0q9eb8wVv-Rh_fxme6guvMgq-Fz9tcece8Sqhvq6pbfByalbZ8vssbawYzqxSOXi6R7ra7ogIsj3s4F-vx83kes_bWR7rZXkzlgx9hscxlp3W3U7p9rifl8ifVmh7Xne93iaq6VuW3afy0wrhbhe4qngjZS2ShwXSpmxWIhnSXkwz-3Iee9URvdFFRuhgg8do2J",
    "id_token": "eyJhbGciOiJSUzI1NiIsImtpZCI6ImY4ZTY2MjBkMzk3MTFhYTIxY2U4YTJiZjJmM2VlMDFiOTI0Y2IyZDAiLCJ0eXAiOiJKV1QifQ.eyJhdWQiOiIzMjU1NTk0MDU1OS5hcHBzLmdvb2dsZXVzZXJjb250ZW50LmNvbSIsImF6cCI6IjEwOTM2NDkyNzM1Mjg0NzY2NDA0OSIsImV4cCI6MTc3OTEyOTc3NCwiaWF0IjoxNzc5MTI2MTc0LCJpc3MiOiJodHRwczovL2FjY291bnRzLmdvb2dsZS5jb20iLCJzdWIiOiIxMDkzNjQ5MjczNTI4NDc2NjQwNDkifQ.aG9DOxom4oTdeXxdlXIhEMDnJXZsgnbAZv5jhAOc6fSlfavQ_Zzs76Abe3iFi5-A1l-14PxUZGkh5fvpyx6rALjZlVCqCJymHE6P_lVaS7unXb_JS7tgEyJpH-E5G2KETzhALO28umMcw1hgsF0wxrF8D-QNj7JTlEwowL-FB26CSphQnp4jkMYp-t0sXiZVnK71_xkZcq_5vr9ogsUk-nF5Zl5jGF0MSc0BC-qYCipmJOwKL41IrfUILa8uF6-uH2JAWaNUCRDag13_MIMrYhh_jDFVihkGoKPzlV7pc6s8mJlZCprPMdX708Gz2j7fBisJByU-Wymhde97Rso54w",
    "token_expiry": "2026-05-18T18:39:38Z"
  },
  "sentinels": {
    "config_sentinel": "/home/jupyter/.config/gcloud/config_sentinel"
  }
}
2026-05-18 18:03:59,316 INFO     ___FILE_ONLY___ 

2026-05-18 18:03:59,324 DEBUG    root            SDK update checks are disabled.
