2026-05-18 18:27:09,151 DEBUG    root            Loaded Command Group: ['gcloud', 'config']
2026-05-18 18:27:09,174 DEBUG    root            Loaded Command Group: ['gcloud', 'config', 'config_helper']
2026-05-18 18:27:09,177 DEBUG    root            Running [gcloud.config.config-helper] with arguments: [--format: "json", --min-expiry: "1800"]
2026-05-18 18:27:09,180 DEBUG    root            On GCE from server: True
2026-05-18 18:27:09,189 DEBUG    root            On GCE from memory cache: True
2026-05-18 18:27:09,201 DEBUG    root            On GCE from memory cache: True
2026-05-18 18:27:09,211 DEBUG    google.auth.transport.requests Making request: GET http://metadata.google.internal/computeMetadata/v1/instance/service-accounts/511076842936-compute@developer.gserviceaccount.com/?recursive=true
2026-05-18 18:27:09,213 DEBUG    urllib3.connectionpool Starting new HTTP connection (1): metadata.google.internal:80
2026-05-18 18:27:09,215 DEBUG    urllib3.connectionpool http://metadata.google.internal:80 "GET /computeMetadata/v1/instance/service-accounts/511076842936-compute@developer.gserviceaccount.com/?recursive=true HTTP/1.1" 200 155
2026-05-18 18:27:09,215 DEBUG    google.auth.transport.requests Making request: GET http://metadata.google.internal/computeMetadata/v1/instance/service-accounts/511076842936-compute@developer.gserviceaccount.com/token
2026-05-18 18:27:09,217 DEBUG    urllib3.connectionpool http://metadata.google.internal:80 "GET /computeMetadata/v1/instance/service-accounts/511076842936-compute@developer.gserviceaccount.com/token HTTP/1.1" 200 870
2026-05-18 18:27:09,234 DEBUG    root            Chosen display Format:default json
2026-05-18 18:27:09,234 INFO     root            Display format: "default json"
2026-05-18 18:27:09,281 INFO     ___FILE_ONLY___ {
  "configuration": {
    "active_configuration": "default",
    "properties": {
      "compute": {
        "region": "us-central1"
      },
      "core": {
        "account": "511076842936-compute@developer.gserviceaccount.com",
        "disable_usage_reporting": "True",
        "project": "project-a5d39078-68b8-4a9c-a89",
        "universe_domain": "googleapis.com"
      },
      "dataproc": {
        "region": "us-central1"
      }
    }
  },
  "credential": {
    "access_token": "ya29.c.c0AZ4bNpYLuQFHd_y_oHdasbE69TumERKbgpRKdMP79oJfP0CKC7O2ns3uifYjtmJOI8Tr738AqBif1zXjHCMijnXQdXKdvwXn0eeEvpUDGsUyMaIRq9C_NYcvK8aMWAwsxRk8_gGYmMIZCMJ9Yd3kkLxGR0RPUl2U_AqlhHAg_UxvJ-j8wG7E5jnXj7-vZDxjTogZDYClZJDpLAkgfbtDTnPMGRM3XSQIXCfiUrRWWO6Rm72dP4JQn4H3be5k7WWwlz1h0oCfcV_ntvNFV6kjebkMW1ot0PX7fkwAWwAZJ_4_T-fQSlvdZiLzAnoUmZhOxAZC7zThYst3pvd1BWBwgqdBeGFhg66VcyukBa99VFAXhLx1p4BAiTjlEADM41XU2SOQ2bHgWkmkxN7aBvZUPwE415CUnney92a3nl26wW4b4M8Xz7z0b7y-m-isUWnBtxzQkSmyVw439JO5qwM73OW1kZF32zf8_xMm5ubYwUvnkIoZJ4ZJ8hIpIw56zSjjtfXvm3sxeRe__navWs9w3bh03-OSusioXfitaSVYZ68XSbebkqSQgXBQlBp2_4rf6ptbywhstBbmjUbyBuBX6FnQiVi0iRjkgy56UboI08wllcjcQ0pfty-4uqaBmqrSsqw8V1lz7okzmU-jmk6bhUe5YOwufZtc3sBqwuduBb9zn_U6QjM0OI3a7Bg17oZh4uuews0ujcvxtxyi88r4cVxquFgxMo24w-_bY1x449dY8jYSa1bY7S--QWQfmRu0sk2h6tRawXh_ZeRm8_5rmkWvxbv6Fp7YXe1vnJOrvaixFaOIMb1R0q9eb8wVv-Rh_fxme6guvMgq-Fz9tcece8Sqhvq6pbfByalbZ8vssbawYzqxSOXi6R7ra7ogIsj3s4F-vx83kes_bWR7rZXkzlgx9hscxlp3W3U7p9rifl8ifVmh7Xne93iaq6VuW3afy0wrhbhe4qngjZS2ShwXSpmxWIhnSXkwz-3Iee9URvdFFRuhgg8do2J",
    "id_token": "eyJhbGciOiJSUzI1NiIsImtpZCI6ImY4ZTY2MjBkMzk3MTFhYTIxY2U4YTJiZjJmM2VlMDFiOTI0Y2IyZDAiLCJ0eXAiOiJKV1QifQ.eyJhdWQiOiIzMjU1NTk0MDU1OS5hcHBzLmdvb2dsZXVzZXJjb250ZW50LmNvbSIsImF6cCI6IjEwOTM2NDkyNzM1Mjg0NzY2NDA0OSIsImV4cCI6MTc3OTEzMjQyOSwiaWF0IjoxNzc5MTI4ODI5LCJpc3MiOiJodHRwczovL2FjY291bnRzLmdvb2dsZS5jb20iLCJzdWIiOiIxMDkzNjQ5MjczNTI4NDc2NjQwNDkifQ.RIKqTvnnvAQl7NK0H6yJOpPRkPHOXvW_gDQKIpJTZCcQieQyzdfXs1v59wanhT9Mp_7IhalvUROTqFVLj8paAgny-7Ymsjmbu4kBN-as26Bfc0BL1WQeOfAYADcnHdCjun8UAIbnYVb8cZXukavu6Sy4ZEi20NMa-phugZL7RlB4hkG4QJ5uyeBocUVzdh3Pl73WsKqIedHNqgxnlxeFXrvPyZrOhx2eUK6DNepbm1wz2uleoztCt3rXCUoVx1WVoEVwnyLFWaVXOrl6LFxSzvn-rFlOk49qA8FitJg76BRN1OnwvCo-zmzxZmBvMEIlIc76tU6iBUfTSyQfNyJiHA",
    "token_expiry": "2026-05-18T18:39:38Z"
  },
  "sentinels": {
    "config_sentinel": "/home/jupyter/.config/gcloud/config_sentinel"
  }
}
2026-05-18 18:27:09,281 INFO     ___FILE_ONLY___ 

2026-05-18 18:27:09,289 DEBUG    root            SDK update checks are disabled.
