2026-05-18 20:25:35,263 DEBUG    root            Loaded Command Group: ['gcloud', 'config']
2026-05-18 20:25:35,287 DEBUG    root            Loaded Command Group: ['gcloud', 'config', 'config_helper']
2026-05-18 20:25:35,290 DEBUG    root            Running [gcloud.config.config-helper] with arguments: [--format: "json", --min-expiry: "1800"]
2026-05-18 20:25:35,293 DEBUG    root            On GCE from server: True
2026-05-18 20:25:35,303 DEBUG    root            On GCE from memory cache: True
2026-05-18 20:25:35,314 DEBUG    root            On GCE from memory cache: True
2026-05-18 20:25:35,327 DEBUG    google.auth.transport.requests Making request: GET http://metadata.google.internal/computeMetadata/v1/instance/service-accounts/511076842936-compute@developer.gserviceaccount.com/?recursive=true
2026-05-18 20:25:35,329 DEBUG    urllib3.connectionpool Starting new HTTP connection (1): metadata.google.internal:80
2026-05-18 20:25:35,331 DEBUG    urllib3.connectionpool http://metadata.google.internal:80 "GET /computeMetadata/v1/instance/service-accounts/511076842936-compute@developer.gserviceaccount.com/?recursive=true HTTP/1.1" 200 155
2026-05-18 20:25:35,331 DEBUG    google.auth.transport.requests Making request: GET http://metadata.google.internal/computeMetadata/v1/instance/service-accounts/511076842936-compute@developer.gserviceaccount.com/token
2026-05-18 20:25:35,333 DEBUG    urllib3.connectionpool http://metadata.google.internal:80 "GET /computeMetadata/v1/instance/service-accounts/511076842936-compute@developer.gserviceaccount.com/token HTTP/1.1" 200 872
2026-05-18 20:25:35,363 DEBUG    root            Chosen display Format:default json
2026-05-18 20:25:35,364 INFO     root            Display format: "default json"
2026-05-18 20:25:35,410 INFO     ___FILE_ONLY___ {
  "configuration": {
    "active_configuration": "default",
    "properties": {
      "compute": {
        "region": "us-central1"
      },
      "core": {
        "account": "511076842936-compute@developer.gserviceaccount.com",
        "disable_usage_reporting": "True",
        "project": "project-a5d39078-68b8-4a9c-a89",
        "universe_domain": "googleapis.com"
      },
      "dataproc": {
        "region": "us-central1"
      }
    }
  },
  "credential": {
    "access_token": "ya29.c.c0AZ4bNpbCV8ZIQ6J_3IE5PrztzavORYQwk0qbC-Asfv6Lqx7E8gHpqHExj1A2KdPjlxeOQ_AKXBhJu1JTNq0oKEEgOif7sVSGmo1iVuttsS_7NHkPSDodb9Jca3aO63068z18-h8JJ7E2TDbdTgNt9S9aAwJxsvnSwHTFfddziLYUcrqFzqMkjmaNiS_hHmM6OQNwZq7pOO7SOVRveT5HUaNaGvzHV0cuXefzwtI0T8b7wvEzFL8jy2dIHUOBqRZ7LOmt-9-iBXYOsf0lXi7TsTg-UYcSKjJT8N8K2WEch0URYDLNTX_QnDnC3z45KVYlk1-0X4cMH25HUif0dTB4h8Q7W4-s4xGkZ935mGylynmVHpbZ39N57eSQv9esSlNuotIGWMpq_ECOsaZh1Owy-y8G416DJc5e1rOvr965nyidh0Rk_MIW_rMiIbUxUXq09w3sdF7nn76S5rr5JRy15jwXpv5V2a7SxRZdaZa1bWZvdSOVrbyWpZOe60hoicztIUBp1ng81symxVjznQryyWVWpmWFh3wXlpXk3ct_pXrfz3Q93i64n6RgU3fUqOMWjoxvhRJ4b7nU39vjxWJUIcVvXMWeUalqZY03BisF0g8Ot1oa92z87dOM-Wtw1qZu98SI4M8tIWdxraRUYiVwyYf4V85XXr3-jStIgyfsl08FuSWZX52i3I7nYYtQtyl515pIeibYxR1dls4q1SnXijj84268oz7vcfcWf4c2pfvXXhO5lhXxpjOMes4g34h9nwe_OkbdJR88JtqI54qWjBWqitrX1kWtvny_BV6cvgso2yRSbRdI0Op-JlzJxl6ScSxp4vj85RlZVa1F75j9V3xt97RFr3XfZwlw68M-SnW2hat6YYOuoO5ROQqgzMkyYZvtmcmajuf1XjZa7fjemaSrb9OyWBuql4XR5YlB5mIRYjI3ecxXmVYF4Bg0_22u_rusmUqmcvFYfuRv6gmdZiOFrRseBi28VIBJnOV2OhF3mk0FfFs3dFV",
    "id_token": "eyJhbGciOiJSUzI1NiIsImtpZCI6ImY4ZTY2MjBkMzk3MTFhYTIxY2U4YTJiZjJmM2VlMDFiOTI0Y2IyZDAiLCJ0eXAiOiJKV1QifQ.eyJhdWQiOiIzMjU1NTk0MDU1OS5hcHBzLmdvb2dsZXVzZXJjb250ZW50LmNvbSIsImF6cCI6IjEwOTM2NDkyNzM1Mjg0NzY2NDA0OSIsImV4cCI6MTc3OTEzOTUzNSwiaWF0IjoxNzc5MTM1OTM1LCJpc3MiOiJodHRwczovL2FjY291bnRzLmdvb2dsZS5jb20iLCJzdWIiOiIxMDkzNjQ5MjczNTI4NDc2NjQwNDkifQ.rVnoDSN8XTJSHKLGXZUMSkkpXdbGrcmzzZX63nQOOl3UC8A6Hr7lPe43P1p9rUopRHxTxIpuRq6lQBIZkus50Y2dRTFIdh78CjJxxdQ8JUMfnAeQLVFG3MAI-BOEFlk-vk68sVRkhxu2hiDd8HEDdRSUXnkn-e3EaMa9tKc61GTNkbKZ6xPuTykZlZmB0cY9KN46ZyOAAP09JkGFuKJBJNDisxT-BLpQ3UgamCJk9YJt8xUkbvh4-mbjnXmRzDgR8QEK4W2JRDPI1lA26KDT0IBhQ3KjQJ5u5xrum6oF9TFqRIVK5OoddVJx1gCfCgO2fxNjm7o58a1Z4blT6PomSA",
    "token_expiry": "2026-05-18T21:25:10Z"
  },
  "sentinels": {
    "config_sentinel": "/home/jupyter/.config/gcloud/config_sentinel"
  }
}
2026-05-18 20:25:35,410 INFO     ___FILE_ONLY___ 

2026-05-18 20:25:35,418 DEBUG    root            SDK update checks are disabled.
