2026-05-11 19:45:08,114 DEBUG    root            Loaded Command Group: ['gcloud', 'config']
2026-05-11 19:45:08,144 DEBUG    root            Loaded Command Group: ['gcloud', 'config', 'config_helper']
2026-05-11 19:45:08,146 DEBUG    root            Running [gcloud.config.config-helper] with arguments: [--format: "json", --min-expiry: "1800"]
2026-05-11 19:45:08,147 DEBUG    root            On GCE from disk cache: True
2026-05-11 19:45:08,166 DEBUG    root            Chosen display Format:default json
2026-05-11 19:45:08,166 INFO     root            Display format: "default json"
2026-05-11 19:45:08,215 INFO     ___FILE_ONLY___ {
  "configuration": {
    "active_configuration": "default",
    "properties": {
      "compute": {
        "region": "us-central1"
      },
      "core": {
        "account": "511076842936-compute@developer.gserviceaccount.com",
        "disable_usage_reporting": "True",
        "project": "project-a5d39078-68b8-4a9c-a89",
        "universe_domain": "googleapis.com"
      },
      "dataproc": {
        "region": "us-central1"
      }
    }
  },
  "credential": {
    "access_token": "ya29.c.c0AZ4bNpYNhoUG48_c3eeqrJsI4-WWeFCmdqnydOayruKGN4M_2-qat2zjCO1daiuHvKVFqKO-DFz6wp7Fs3vTbx6kgFlEudTm62seDyA_GXV0czEEoEFyNRzfRQw-Rw2nOpX_wvVgo1jFomkEcDFbBojOSHOUtS1py3KG6rDv1cq5WXH1mVGLEJtFj-AviOljSGuOOyIx0amQUtljJvKSBZt0KqG4mW8K6woA0MTCW47-kGEUERsok1ssTpaH5fdadGKVwlWuMYZibLg_XP5uUKIUrxQVBGJrGq0czWe3FIC4W6SGA7SY-Wo9xlyXuj8FQxdeyo61qo9x575Xp-wZ1adcIK8uz0h9bJW0MPgYMjV8DM_CagSofZEOsRQoWqSYvCozq0SoS-pkEYvonVbzuwIG416AsZp8UctBYlhiiVrM0QxFUdeRIV3fwqW0-UFpt-psoOitXMce6teiucuY_Vius6fIhkv80WsFgZMf6ebv89z1n8eryUjZ6p42e-eoy0oS-prMU3nFucl4s-FfB507rsqgXqRSzqU2y_uiujsltuF18tgUOYJcQqBYmIjzJn9psaquMrp9QkvFMYShRsaQ-4_49lIpWwmlIRdagq01fx-yy2MswVy8WUX7ro8-jR6wOquUteilB73cc9lwYId1Z9oRIgY86d8a6ZZR2enpUvm6YcvSjtytcZjlRBpfou7nmi6ZBm8eYWyrvMF3_92JjB7efSXo9jmF8wZxoBn-ub_vldvews7ZckYyvmJM91JXn9vpBcWSWjz2crMJnbSixZXBRuUBnWij5_tQz7yRB4Rsws7F-x003sn6yhh-dgdZzilFR86M1nRz_njMRVqvXt3ez0Zvwl5oepBX9609bdyZmiY5J3_XBBa6rqJ5ymm__Wg94hcgZblnMVrmBefMi8zJYsjlSBmfyJ1beok8bOhQn4awywt2QF3XrS1O2Xh7s_Bu6udzZ5ga7xau9Fut0I2aoYsoXaXZrtW4O7pj8ywWuRjvS6j",
    "id_token": "eyJhbGciOiJSUzI1NiIsImtpZCI6IjgwNzZkZGJhYjQxNTU1NmUxNjkxNTRjNmE0YTBiZGJkNDQ2OWI3OWMiLCJ0eXAiOiJKV1QifQ.eyJhdWQiOiIzMjU1NTk0MDU1OS5hcHBzLmdvb2dsZXVzZXJjb250ZW50LmNvbSIsImF6cCI6IjEwOTM2NDkyNzM1Mjg0NzY2NDA0OSIsImV4cCI6MTc3ODUzMTg2NSwiaWF0IjoxNzc4NTI4MjY1LCJpc3MiOiJodHRwczovL2FjY291bnRzLmdvb2dsZS5jb20iLCJzdWIiOiIxMDkzNjQ5MjczNTI4NDc2NjQwNDkifQ.qnAktmiTlWbrkrfbW0ybzANXGBiOdklLv6KzQXc5WhJlTSTAPJpsrjHLgm0p5jO2OJNexzkKU_ryLy_ccjv9DZIgjCwM7MQ0X2XIMS1tjOfHKlx-gEZZRiq_IAk8O7nZf_ibhPC2pqTK_XqRtDxz5Ing2T-OR7U3d5V_JMrT6D0h1JM9UWoMWJUoQ2xXTrFhBkHnVzKYkerxut9-K3XixWIlFAsazTVK0Hogqj5JAHZQhPx5WJx4EKWl2TZmyVVA5ZVcuNzTCB5TzEEDDIN8YlCzVF78wlcNYyYk6jBhhUc4t0GnCJGNeuc0GpvgpcQ9x5E4WyPD5N3z2X_iE2F-qw",
    "token_expiry": "2026-05-11T20:37:19Z"
  },
  "sentinels": {
    "config_sentinel": "/home/jupyter/.config/gcloud/config_sentinel"
  }
}
2026-05-11 19:45:08,215 INFO     ___FILE_ONLY___ 

2026-05-11 19:45:08,224 DEBUG    root            SDK update checks are disabled.
