2026-05-11 20:09:55,794 DEBUG    root            Loaded Command Group: ['gcloud', 'config']
2026-05-11 20:09:55,816 DEBUG    root            Loaded Command Group: ['gcloud', 'config', 'config_helper']
2026-05-11 20:09:55,818 DEBUG    root            Running [gcloud.config.config-helper] with arguments: [--format: "json", --min-expiry: "1800"]
2026-05-11 20:09:55,818 DEBUG    root            On GCE from disk cache: True
2026-05-11 20:09:55,829 DEBUG    root            On GCE from memory cache: True
2026-05-11 20:09:55,840 DEBUG    root            On GCE from memory cache: True
2026-05-11 20:09:55,849 DEBUG    google.auth.transport.requests Making request: GET http://metadata.google.internal/computeMetadata/v1/instance/service-accounts/511076842936-compute@developer.gserviceaccount.com/?recursive=true
2026-05-11 20:09:55,851 DEBUG    urllib3.connectionpool Starting new HTTP connection (1): metadata.google.internal:80
2026-05-11 20:09:55,852 DEBUG    urllib3.connectionpool http://metadata.google.internal:80 "GET /computeMetadata/v1/instance/service-accounts/511076842936-compute@developer.gserviceaccount.com/?recursive=true HTTP/1.1" 200 155
2026-05-11 20:09:55,853 DEBUG    google.auth.transport.requests Making request: GET http://metadata.google.internal/computeMetadata/v1/instance/service-accounts/511076842936-compute@developer.gserviceaccount.com/token
2026-05-11 20:09:55,854 DEBUG    urllib3.connectionpool http://metadata.google.internal:80 "GET /computeMetadata/v1/instance/service-accounts/511076842936-compute@developer.gserviceaccount.com/token HTTP/1.1" 200 869
2026-05-11 20:09:55,871 DEBUG    root            Chosen display Format:default json
2026-05-11 20:09:55,872 INFO     root            Display format: "default json"
2026-05-11 20:09:55,918 INFO     ___FILE_ONLY___ {
  "configuration": {
    "active_configuration": "default",
    "properties": {
      "compute": {
        "region": "us-central1"
      },
      "core": {
        "account": "511076842936-compute@developer.gserviceaccount.com",
        "disable_usage_reporting": "True",
        "project": "project-a5d39078-68b8-4a9c-a89",
        "universe_domain": "googleapis.com"
      },
      "dataproc": {
        "region": "us-central1"
      }
    }
  },
  "credential": {
    "access_token": "ya29.c.c0AZ4bNpZqjmmCiisrWsvDRzeMMb9AlaZkdRwSkU6iB92PNvHtbTuVClsHHG58dPAt05vwzUD8OmqYSejz-MDiU4SS6BY0XEzeH3O76f9cI8CTDesTPnZB41ZLOacXFs124exXufn9Z6oQTM33l2WSUeB6aKZWREuQpEkOF3Mejg9FFfAHi7Qjarz1vuSQoJmi0kw7fRnJptgI8-aim3bQjG5IxuOCYTXSQjWurLnfPPy4EBkJBdagzr_9bn0DOeJ90Xvbt7Zg8Om-bytOwHeNr8D82dat4mCSeSyg15Gi_sP6blM23PbQgtWFLK40EXoEisFOYnSxymBIqen4dd6rZnl5RvPR_RGt-knBnTiUXZDXZDnwN1m4BizlVytqrGnxTxiZc5uXrEr1_ztPYCt_GC8T416DnYeYkQIcQFmidpBMbU3XV2F2rVkdr-XuU0plb9MgzrgYytM-QdRQx30yQfa2Y6fRo2ftU_-5S3B18l7fkyxBnvM6OJi8YuzvO1ps2BZf0258B-Bhc0lyBlO3lJrWpBSSxOnJygxw2U1kyppQ_ekpuFvxrbeapqvQyxSZ6-7ZgjkdXllwlclnmmY_w2XcrfoiQ4dgy4VrSuXz1WY3cRbV9SJlZoemI8X2_YiUVyxrfIVtoq0uybyuhdakndp5b1jmkBF3pYQ3j_pQX696bkJkUqjyM73VWMMsbnWdlWYqyh0cMhry-xQ-ydrr0BrbpURZu5cUFZblw5hU4-O8k-ft9FfVY-roxB5U81wdR8gcqZ1mXiitpOs88Bjn6vB8fVhlxRJJpMV4OBjYQBmh5ReVxtosg6eg05aaU1Ig7oddIfJx_gcm1W9grQn8XOty0woYtj2j0ik2eo_bOmBUnI4StWU24J96apwumlq4oaOOzppkXmnROmR2Q7c4eSqvWFwz08-vchUwfXQpQj1Ws0gqv2RFchmuI7a-k0Wg780Mlj7ZUZ24jojOZdqoJrXBsWYxIp4ZyMXJpRR8jmzdzagzf4BtfmR",
    "id_token": "eyJhbGciOiJSUzI1NiIsImtpZCI6IjgwNzZkZGJhYjQxNTU1NmUxNjkxNTRjNmE0YTBiZGJkNDQ2OWI3OWMiLCJ0eXAiOiJKV1QifQ.eyJhdWQiOiIzMjU1NTk0MDU1OS5hcHBzLmdvb2dsZXVzZXJjb250ZW50LmNvbSIsImF6cCI6IjEwOTM2NDkyNzM1Mjg0NzY2NDA0OSIsImV4cCI6MTc3ODUzMzc5NSwiaWF0IjoxNzc4NTMwMTk1LCJpc3MiOiJodHRwczovL2FjY291bnRzLmdvb2dsZS5jb20iLCJzdWIiOiIxMDkzNjQ5MjczNTI4NDc2NjQwNDkifQ.ckS2vl8uTUBcerdVocrhXJpqFdG5OkMkDWZRmjJRinJKgIkesPHKYysU2y1cspPVsS-m7CzUQXmTbRXmNHyBl29NMYnzFl3xVkR4BkcxGXVtj9N208b9L9PwzaVYY_b0yH5r-yRzU-V01bVnGdXfeE2C1oV2GM3z94o-jtmXGKCej8cFhdPQquPsVL88jCFJvniXgnreYV46Zh9oSxPjWJEhi8kKvf9tHLoayVXkQWOEJCVAUtR6dRRwdr2BvKQTR_ZlaGGN9eOPp6J5JN9m7qdxCqLmDbbGrpRheJNYlXwpJOxS49_biHQ60H53zjd33aMJeMzEYTQxcMM3Hnt8jg",
    "token_expiry": "2026-05-11T20:39:04Z"
  },
  "sentinels": {
    "config_sentinel": "/home/jupyter/.config/gcloud/config_sentinel"
  }
}
2026-05-11 20:09:55,918 INFO     ___FILE_ONLY___ 

2026-05-11 20:09:55,926 DEBUG    root            SDK update checks are disabled.
