2026-05-11 21:56:30,445 DEBUG    root            Loaded Command Group: ['gcloud', 'config']
2026-05-11 21:56:30,467 DEBUG    root            Loaded Command Group: ['gcloud', 'config', 'config_helper']
2026-05-11 21:56:30,469 DEBUG    root            Running [gcloud.config.config-helper] with arguments: [--format: "json", --min-expiry: "1800"]
2026-05-11 21:56:30,473 DEBUG    root            On GCE from server: True
2026-05-11 21:56:30,481 DEBUG    root            On GCE from memory cache: True
2026-05-11 21:56:30,491 DEBUG    root            On GCE from memory cache: True
2026-05-11 21:56:30,503 DEBUG    google.auth.transport.requests Making request: GET http://metadata.google.internal/computeMetadata/v1/instance/service-accounts/511076842936-compute@developer.gserviceaccount.com/?recursive=true
2026-05-11 21:56:30,504 DEBUG    urllib3.connectionpool Starting new HTTP connection (1): metadata.google.internal:80
2026-05-11 21:56:30,506 DEBUG    urllib3.connectionpool http://metadata.google.internal:80 "GET /computeMetadata/v1/instance/service-accounts/511076842936-compute@developer.gserviceaccount.com/?recursive=true HTTP/1.1" 200 155
2026-05-11 21:56:30,506 DEBUG    google.auth.transport.requests Making request: GET http://metadata.google.internal/computeMetadata/v1/instance/service-accounts/511076842936-compute@developer.gserviceaccount.com/token
2026-05-11 21:56:30,508 DEBUG    urllib3.connectionpool http://metadata.google.internal:80 "GET /computeMetadata/v1/instance/service-accounts/511076842936-compute@developer.gserviceaccount.com/token HTTP/1.1" 200 872
2026-05-11 21:56:30,524 DEBUG    root            Chosen display Format:default json
2026-05-11 21:56:30,524 INFO     root            Display format: "default json"
2026-05-11 21:56:30,569 INFO     ___FILE_ONLY___ {
  "configuration": {
    "active_configuration": "default",
    "properties": {
      "compute": {
        "region": "us-central1"
      },
      "core": {
        "account": "511076842936-compute@developer.gserviceaccount.com",
        "disable_usage_reporting": "True",
        "project": "project-a5d39078-68b8-4a9c-a89",
        "universe_domain": "googleapis.com"
      },
      "dataproc": {
        "region": "us-central1"
      }
    }
  },
  "credential": {
    "access_token": "ya29.c.c0AZ4bNpanruRBY5NbDAEbZe3zAVq_O0QEEQUmlq4m06PW6_NdND08TyFWIZpYEo35T8P_oBrboo8CkqfsvZR7tWB15vMcfT0V1iWj4iQ3oQhom7qKBwCM0wGl2jD21jAEATRL2f3rH2Qm0t0iw9rNwy_K5k5D_ZXWmljCzYmKXkR4VbTxMzI0z-FzLOVBNB8sC8hgsVEpyM4ydfFaVncqGmXTsHwOHVxCBK0arZUSPkpMdcgTpN5MtGfE4zoqqQtceU9afRBGwSQzrVNNpHXbpgSZlDqhbFUNb-lIeOnOSUfDlLqWcMHIV_Qm9H_0SQ0Qtw3oz_HXzGnNis06Uy0LrTB2IiDDvLFrjZx2iDGp4hzpE7fOkDfYRPRqR6yvRaEI9CI4HNPKKk2kU7t1LcGYYfkL416DafQaX2e4f_WuyWBwIyFbu0kj0h9omsbVJrizqBnvw-FgOnBvRxxaWkRfQX0bvs0wwQqZh7qlXd6_tq-h5Y_l_Yy64Fxktkj_xxivz_a611VwidwUcaWpfgOk4b65Sef6SWskSX-__6I4k9OBIMsmMmVihloqOBuMqFOrdxyS3OUugFqziz3s-zgpev3YnnV1ccY0fJrdgcc62lkB-fJ6tb8a2JQq5yiWtXyrawaYokxFS606iUF_hnzkr5RlpodIS5v-Uehwg3BpMbU7ldkiM98jWbJhonuFBdJq6R1Wuc2nUpfRBj10Yt5QyqIWr7ih3V05mi8ypYn02m4V8M94BuORotlMoXfv2VBdtgieM4lIfQkw4ykJaSzf-MZfbkb81Q4FWdjJ8UoISlFR6tQbnqnIWzW-83QjV54YZ78ylfVym6YY56miQFx2mpzYY-iYom3bx6nild9zw5oWhnW253stxh-uvZm0ypxV2SaFMzge0tfYVisa4yklbjB-rraulZyfcjgmdS33ZmtecWpQS0UZuBaXg3U3i01yygafhnqz9xY3UQj_5dFs7rcSxXzkguI8_2gfjU-w246tpU9g7k82Jq9",
    "id_token": "eyJhbGciOiJSUzI1NiIsImtpZCI6IjgwNzZkZGJhYjQxNTU1NmUxNjkxNTRjNmE0YTBiZGJkNDQ2OWI3OWMiLCJ0eXAiOiJKV1QifQ.eyJhdWQiOiIzMjU1NTk0MDU1OS5hcHBzLmdvb2dsZXVzZXJjb250ZW50LmNvbSIsImF6cCI6IjEwOTM2NDkyNzM1Mjg0NzY2NDA0OSIsImV4cCI6MTc3ODU0MDE5MCwiaWF0IjoxNzc4NTM2NTkwLCJpc3MiOiJodHRwczovL2FjY291bnRzLmdvb2dsZS5jb20iLCJzdWIiOiIxMDkzNjQ5MjczNTI4NDc2NjQwNDkifQ.twjEIm8Mo9Ujzme9TXXG36dhVDKyUb73cH4kod_4VuEBT2BMRgeZoZcrnBi0P9uYJlLkQ1CvXLAtPgGYVGv7n1MENbZcq3bYaofkf0-3qu2NEXUY1Bh1S_ZjwrTVcuh4fqi5FVgoAm4_qCArH4X_dg1GqJiybwttzWbN2ccvv1cdTdCOUvyhOvGgXfuzBHdV3HpL5EKPVg_4G_5iyM9PsN3XJgMhk8gRcyttElh3tihF0qtSNeybYKFg4fSTXberp47ZAAcroIcErdYNmpbuICBgaE1lnq2M3GX8KqzstzGtVgE_eK5mNaHFFxa0IoWvFOh1QDiCsEsWb-2r_tlsFA",
    "token_expiry": "2026-05-11T22:29:28Z"
  },
  "sentinels": {
    "config_sentinel": "/home/jupyter/.config/gcloud/config_sentinel"
  }
}
2026-05-11 21:56:30,570 INFO     ___FILE_ONLY___ 

2026-05-11 21:56:30,578 DEBUG    root            SDK update checks are disabled.
