2026-05-11 22:41:03,783 DEBUG    root            Loaded Command Group: ['gcloud', 'config']
2026-05-11 22:41:03,807 DEBUG    root            Loaded Command Group: ['gcloud', 'config', 'config_helper']
2026-05-11 22:41:03,809 DEBUG    root            Running [gcloud.config.config-helper] with arguments: [--format: "json", --min-expiry: "1800"]
2026-05-11 22:41:03,813 DEBUG    root            On GCE from server: True
2026-05-11 22:41:03,832 DEBUG    root            Chosen display Format:default json
2026-05-11 22:41:03,832 INFO     root            Display format: "default json"
2026-05-11 22:41:03,880 INFO     ___FILE_ONLY___ {
  "configuration": {
    "active_configuration": "default",
    "properties": {
      "compute": {
        "region": "us-central1"
      },
      "core": {
        "account": "511076842936-compute@developer.gserviceaccount.com",
        "disable_usage_reporting": "True",
        "project": "project-a5d39078-68b8-4a9c-a89",
        "universe_domain": "googleapis.com"
      },
      "dataproc": {
        "region": "us-central1"
      }
    }
  },
  "credential": {
    "access_token": "ya29.c.c0AZ4bNpZIbMYzAUOGjHHhPWUS1SBRHOUZGTcV5s6Ya0Q_tqFSC7N0J8gyciK3qMTF_BlHICqcwLbfzc3XZBBdkgtOO_Gh4HxTpQUnRIx6yeTJChwde5aXgt5KbQB-qokFiwO7RNJgtgJLwpj4gthXk5vvn8YxXQ3fCUgkGjRoGUsjFLqA0XdLagUPmTEhySS5KLI06GZDogP4_ETxlqrnpKGgL9O4VKbqFHYB5GZ7ANWAJn5iQVjjMGhNRq-pZ6idXLhAllEHet8XHNjkXvkY6IRy9ezc0YY35pxN2b326gMuTg5k9U4QSIzNJZvCO6FkDNplyL9ERkjD4E9i-XHXun60C8Ptje6VC9wjwBuWXuyT5hRoZQ07LJ2mnbPLMaDLOAJf6Op_pSwd7USu_op0T413CyXowtorFBJYSRd-iRIeX-91YIifatqOsB96IO9i-bW3qVb5Me1W0kIZudxpJS8IiR2cdp3rXjdg-W0ipMza3p-d38S-ajVyv3dFZlmRc3wjwoQ5ssX11MZkl-t2ouMgo7fzuvmiBvistcOweJWjdi-n7t1JYSRJt1n3t2Rk1VV3Mqg4FFUmhJkVF6cnhXr8u4r_V7_BwiRy1BzO6_IZIpMIShquVeIXX9WF6hpZ9pIrb1ptZMfIV7id-F6r3zMgmrMBMb-sfgZU32veeX9eYof2u9BOVsih7w0Fhnuxs10RauBYzO0FMu4ZqjuXg5MqM6hF_xOSkRO96tBQpa1JewSdq-vRoWVoXaFIWUapxpoJBwaat33bfWrkW62xOs_fiqwt30_vvUXbXkMZR0f0o759BcrJUZznYcYZJ31WoX_lf0VO33pocjs_VVlYnZ7X3sfeR45uB5nX4aX4tak-4Q-3M5ZrR1kzV2ao632sXnYqvW7qm4uRiRWUVttWmenmfhMlqXeu4fZ-d5OBX_h-ky1QWka8hW65YauMcvkUkmbxVMZVyu_XtYlySFwpRv3_FIk3UV-jnxonBXoBIUhw-3vVUB7rfM0",
    "id_token": "eyJhbGciOiJSUzI1NiIsImtpZCI6IjgwNzZkZGJhYjQxNTU1NmUxNjkxNTRjNmE0YTBiZGJkNDQ2OWI3OWMiLCJ0eXAiOiJKV1QifQ.eyJhdWQiOiIzMjU1NTk0MDU1OS5hcHBzLmdvb2dsZXVzZXJjb250ZW50LmNvbSIsImF6cCI6IjEwOTM2NDkyNzM1Mjg0NzY2NDA0OSIsImV4cCI6MTc3ODU0MjA4MSwiaWF0IjoxNzc4NTM4NDgxLCJpc3MiOiJodHRwczovL2FjY291bnRzLmdvb2dsZS5jb20iLCJzdWIiOiIxMDkzNjQ5MjczNTI4NDc2NjQwNDkifQ.XMTjYlWHun-H71fFmuM1PP1llpLDuGnN7p5kRN545KSS4VTmPZCauB3gAmgw8PVBYKJmg_LKjh9vuJ6pjSjT-_HEFLpnw86_iidHgj11WZFIhqCc1cFRxSpT3-agQPst0HiS5fwIlh6SDpdL838N7v6XvyS1kG7xgvErLaiRav49v_xLww8xiEKPXt7zWiPQ-lAYFmQtebz7R1N9YXYPB6yaSqQoPZEgre6m8O-_7UJ_xbq2wDuwKd4nVMlbw1t8OPzlWizvVsq3-9FhFaAxftoEqGeyfm9jqlXkcaX3dzFcgG3Pr1Mu_5qTvrRZq9BM5iAIWeLZFVFUMlN79_mUaA",
    "token_expiry": "2026-05-11T23:24:38Z"
  },
  "sentinels": {
    "config_sentinel": "/home/jupyter/.config/gcloud/config_sentinel"
  }
}
2026-05-11 22:41:03,881 INFO     ___FILE_ONLY___ 

2026-05-11 22:41:03,889 DEBUG    root            SDK update checks are disabled.
