2026-05-11 23:01:13,475 DEBUG    root            Loaded Command Group: ['gcloud', 'config']
2026-05-11 23:01:13,498 DEBUG    root            Loaded Command Group: ['gcloud', 'config', 'config_helper']
2026-05-11 23:01:13,501 DEBUG    root            Running [gcloud.config.config-helper] with arguments: [--format: "json", --min-expiry: "1800"]
2026-05-11 23:01:13,505 DEBUG    root            On GCE from server: True
2026-05-11 23:01:13,515 DEBUG    root            On GCE from memory cache: True
2026-05-11 23:01:13,527 DEBUG    root            On GCE from memory cache: True
2026-05-11 23:01:13,537 DEBUG    google.auth.transport.requests Making request: GET http://metadata.google.internal/computeMetadata/v1/instance/service-accounts/511076842936-compute@developer.gserviceaccount.com/?recursive=true
2026-05-11 23:01:13,539 DEBUG    urllib3.connectionpool Starting new HTTP connection (1): metadata.google.internal:80
2026-05-11 23:01:13,541 DEBUG    urllib3.connectionpool http://metadata.google.internal:80 "GET /computeMetadata/v1/instance/service-accounts/511076842936-compute@developer.gserviceaccount.com/?recursive=true HTTP/1.1" 200 155
2026-05-11 23:01:13,541 DEBUG    google.auth.transport.requests Making request: GET http://metadata.google.internal/computeMetadata/v1/instance/service-accounts/511076842936-compute@developer.gserviceaccount.com/token
2026-05-11 23:01:13,543 DEBUG    urllib3.connectionpool http://metadata.google.internal:80 "GET /computeMetadata/v1/instance/service-accounts/511076842936-compute@developer.gserviceaccount.com/token HTTP/1.1" 200 871
2026-05-11 23:01:13,564 DEBUG    root            Chosen display Format:default json
2026-05-11 23:01:13,565 INFO     root            Display format: "default json"
2026-05-11 23:01:13,614 INFO     ___FILE_ONLY___ {
  "configuration": {
    "active_configuration": "default",
    "properties": {
      "compute": {
        "region": "us-central1"
      },
      "core": {
        "account": "511076842936-compute@developer.gserviceaccount.com",
        "disable_usage_reporting": "True",
        "project": "project-a5d39078-68b8-4a9c-a89",
        "universe_domain": "googleapis.com"
      },
      "dataproc": {
        "region": "us-central1"
      }
    }
  },
  "credential": {
    "access_token": "ya29.c.c0AZ4bNpZIbMYzAUOGjHHhPWUS1SBRHOUZGTcV5s6Ya0Q_tqFSC7N0J8gyciK3qMTF_BlHICqcwLbfzc3XZBBdkgtOO_Gh4HxTpQUnRIx6yeTJChwde5aXgt5KbQB-qokFiwO7RNJgtgJLwpj4gthXk5vvn8YxXQ3fCUgkGjRoGUsjFLqA0XdLagUPmTEhySS5KLI06GZDogP4_ETxlqrnpKGgL9O4VKbqFHYB5GZ7ANWAJn5iQVjjMGhNRq-pZ6idXLhAllEHet8XHNjkXvkY6IRy9ezc0YY35pxN2b326gMuTg5k9U4QSIzNJZvCO6FkDNplyL9ERkjD4E9i-XHXun60C8Ptje6VC9wjwBuWXuyT5hRoZQ07LJ2mnbPLMaDLOAJf6Op_pSwd7USu_op0T413CyXowtorFBJYSRd-iRIeX-91YIifatqOsB96IO9i-bW3qVb5Me1W0kIZudxpJS8IiR2cdp3rXjdg-W0ipMza3p-d38S-ajVyv3dFZlmRc3wjwoQ5ssX11MZkl-t2ouMgo7fzuvmiBvistcOweJWjdi-n7t1JYSRJt1n3t2Rk1VV3Mqg4FFUmhJkVF6cnhXr8u4r_V7_BwiRy1BzO6_IZIpMIShquVeIXX9WF6hpZ9pIrb1ptZMfIV7id-F6r3zMgmrMBMb-sfgZU32veeX9eYof2u9BOVsih7w0Fhnuxs10RauBYzO0FMu4ZqjuXg5MqM6hF_xOSkRO96tBQpa1JewSdq-vRoWVoXaFIWUapxpoJBwaat33bfWrkW62xOs_fiqwt30_vvUXbXkMZR0f0o759BcrJUZznYcYZJ31WoX_lf0VO33pocjs_VVlYnZ7X3sfeR45uB5nX4aX4tak-4Q-3M5ZrR1kzV2ao632sXnYqvW7qm4uRiRWUVttWmenmfhMlqXeu4fZ-d5OBX_h-ky1QWka8hW65YauMcvkUkmbxVMZVyu_XtYlySFwpRv3_FIk3UV-jnxonBXoBIUhw-3vVUB7rfM0",
    "id_token": "eyJhbGciOiJSUzI1NiIsImtpZCI6IjgwNzZkZGJhYjQxNTU1NmUxNjkxNTRjNmE0YTBiZGJkNDQ2OWI3OWMiLCJ0eXAiOiJKV1QifQ.eyJhdWQiOiIzMjU1NTk0MDU1OS5hcHBzLmdvb2dsZXVzZXJjb250ZW50LmNvbSIsImF6cCI6IjEwOTM2NDkyNzM1Mjg0NzY2NDA0OSIsImV4cCI6MTc3ODU0NDA3MywiaWF0IjoxNzc4NTQwNDczLCJpc3MiOiJodHRwczovL2FjY291bnRzLmdvb2dsZS5jb20iLCJzdWIiOiIxMDkzNjQ5MjczNTI4NDc2NjQwNDkifQ.lui_ZVxdyIRMN8HDMBABNGw3q5HG_7dHDorECKKEYGbnhVYwfPKHwtLO7nxslLKRw4Sqkxls4I6xhBjQKQAQJUHObqQmqBqxlO7YHQM4OPcm1SJbyhEOwmJz3bg7e-RBvM_3izABO0dG7fOYSgKoVab_ffBGo9mqPj-34jEBXR_iJLWdezx-B6VWpGXHdDPmsNlhPE05xaXcQAzAnxRmybIV3DOVWEXvAwRo_NyOu7Q-JV58sZTTHvj9O10wHYE35ZXCDtcM0HmeBwIdnqR_N3wK9gtHRJcJofUeVE2b4d7kzjwAEZaJmYKX48B7N_s-BOPRUk96plq7gaw5_R9u6g",
    "token_expiry": "2026-05-11T23:24:38Z"
  },
  "sentinels": {
    "config_sentinel": "/home/jupyter/.config/gcloud/config_sentinel"
  }
}
2026-05-11 23:01:13,615 INFO     ___FILE_ONLY___ 

2026-05-11 23:01:13,626 DEBUG    root            SDK update checks are disabled.
