2026-05-23 00:25:46,764 DEBUG    root            Loaded Command Group: ['gcloud', 'config']
2026-05-23 00:25:46,790 DEBUG    root            Loaded Command Group: ['gcloud', 'config', 'config_helper']
2026-05-23 00:25:46,793 DEBUG    root            Running [gcloud.config.config-helper] with arguments: [--format: "json", --min-expiry: "1800"]
2026-05-23 00:25:46,796 DEBUG    root            On GCE from disk cache: True
2026-05-23 00:25:46,826 DEBUG    root            Chosen display Format:default json
2026-05-23 00:25:46,827 INFO     root            Display format: "default json"
2026-05-23 00:25:46,871 INFO     ___FILE_ONLY___ {
  "configuration": {
    "active_configuration": "default",
    "properties": {
      "compute": {
        "region": "us-central1"
      },
      "core": {
        "account": "mauricioyorman@gmail.com",
        "disable_usage_reporting": "True",
        "project": "project-a5d39078-68b8-4a9c-a89",
        "universe_domain": "googleapis.com"
      },
      "dataproc": {
        "region": "us-central1"
      }
    }
  },
  "credential": {
    "access_token": "ya29.a0AQvPyIMrd7yiQetPBVGQbLXC_l29I3Pvx1Rv4xjD2WfGf1liNl1wNi21Q59MNnr-8jO9qpCXGCXb3M9Lv0r6bgdlZKO4u3XfcyyzI2Wc2ZeOjEva-3inJ5MsxjUfo5pISChtP78ghU23JlBfvC8sxb5_sthWoNML0JCOD_jMWT-zGZAfZFa_QwPBkOSjp77HJzvhUUMZyRnKPAaCgYKAV8SARUSFQHGX2MitSjKi19d6Oi7zI4sOEW6fg0213",
    "id_token": "eyJhbGciOiJSUzI1NiIsImtpZCI6IjQxYjJlMTFmZjljYTI2ZTc4YzAyNWE5ZDRhNDI5Y2IwNjAxMzk1NmUiLCJ0eXAiOiJKV1QifQ.eyJpc3MiOiJodHRwczovL2FjY291bnRzLmdvb2dsZS5jb20iLCJhenAiOiIzMjU1NTk0MDU1OS5hcHBzLmdvb2dsZXVzZXJjb250ZW50LmNvbSIsImF1ZCI6IjMyNTU1OTQwNTU5LmFwcHMuZ29vZ2xldXNlcmNvbnRlbnQuY29tIiwic3ViIjoiMTA3MzI3NDM3NzM4NTEyMDk0MTkzIiwiZW1haWwiOiJtYXVyaWNpb3lvcm1hbkBnbWFpbC5jb20iLCJlbWFpbF92ZXJpZmllZCI6dHJ1ZSwiYXRfaGFzaCI6IjZYYXQ0MXZ2YTFyaHpJemJRVW5KMFEiLCJpYXQiOjE3Nzk0OTQ3MzksImV4cCI6MTc3OTQ5ODMzOX0.ZXDqaezypJv31ujayJobawN2k5ygYNyzDC_lZugqpk7GaEYqhsPRq_50yLQnkNub7OmuMAh5eS96Qi1olabt09NwnYGUk13_jGhtHRX-RPOx12mlNyzSDrbiAgDkNwpfAOXgzGbDa7sXQzKhEswycM7ugTZsAPJ7stbnZVlypW3GIjmALM0EZZWD-wEapjglp2eSn1wjcQBOIcVqnV4sLnPOgwEcM1LG_nVoFBmFadjrBDyBrug8FEfmcn7JHfyLLzQnTiFCE4hSgWo7K_wUZnhEQsOdFfH1MwfkwCwoB9eNB326StGdylnviX1U2DDieTvk6Auxqh2R3mrCMdc43w",
    "token_expiry": "2026-05-23T01:05:38Z"
  },
  "sentinels": {
    "config_sentinel": "/home/jupyter/.config/gcloud/config_sentinel"
  }
}
2026-05-23 00:25:46,871 INFO     ___FILE_ONLY___ 

2026-05-23 00:25:46,880 DEBUG    root            SDK update checks are disabled.
