2026-05-23 00:45:54,257 DEBUG    root            Loaded Command Group: ['gcloud', 'config']
2026-05-23 00:45:54,290 DEBUG    root            Loaded Command Group: ['gcloud', 'config', 'config_helper']
2026-05-23 00:45:54,293 DEBUG    root            Running [gcloud.config.config-helper] with arguments: [--format: "json", --min-expiry: "1800"]
2026-05-23 00:45:54,297 DEBUG    root            On GCE from disk cache: True
2026-05-23 00:45:54,320 DEBUG    root            On GCE from memory cache: True
2026-05-23 00:45:54,326 DEBUG    root            On GCE from memory cache: True
2026-05-23 00:45:54,326 DEBUG    google.auth.transport.requests Making request: POST https://oauth2.googleapis.com/token
2026-05-23 00:45:54,328 DEBUG    urllib3.connectionpool Starting new HTTPS connection (1): oauth2.googleapis.com:443
2026-05-23 00:45:54,361 DEBUG    urllib3.connectionpool https://oauth2.googleapis.com:443 "POST /token HTTP/1.1" 200 None
2026-05-23 00:45:54,417 DEBUG    root            Chosen display Format:default json
2026-05-23 00:45:54,417 INFO     root            Display format: "default json"
2026-05-23 00:45:54,480 INFO     ___FILE_ONLY___ {
  "configuration": {
    "active_configuration": "default",
    "properties": {
      "compute": {
        "region": "us-central1"
      },
      "core": {
        "account": "mauricioyorman@gmail.com",
        "disable_usage_reporting": "True",
        "project": "project-a5d39078-68b8-4a9c-a89",
        "universe_domain": "googleapis.com"
      },
      "dataproc": {
        "region": "us-central1"
      }
    }
  },
  "credential": {
    "access_token": "ya29.a0AQvPyIMxYdKjpNVOM2NJirECzGZbG63tzpjm0NwJhMEuasWuh7dN-cO9EyHXaEWCI4oboDkXGuplzmJ88slWmLwUpDi2CqamAisewGIaWsX9thGDNLr-Gu3NXzLof8pgt9f5w7cD-ved5BthDQ3B1EjQrqLIweHZsWD-aViRX_YyrneHXq5lkjTMJX4yxF5-RtDZXaDroX2EAQaCgYKAQwSARUSFQHGX2MiH7u7_v1F3tcYZSVYfaKH7w0213",
    "id_token": "eyJhbGciOiJSUzI1NiIsImtpZCI6IjQxYjJlMTFmZjljYTI2ZTc4YzAyNWE5ZDRhNDI5Y2IwNjAxMzk1NmUiLCJ0eXAiOiJKV1QifQ.eyJpc3MiOiJodHRwczovL2FjY291bnRzLmdvb2dsZS5jb20iLCJhenAiOiIzMjU1NTk0MDU1OS5hcHBzLmdvb2dsZXVzZXJjb250ZW50LmNvbSIsImF1ZCI6IjMyNTU1OTQwNTU5LmFwcHMuZ29vZ2xldXNlcmNvbnRlbnQuY29tIiwic3ViIjoiMTA3MzI3NDM3NzM4NTEyMDk0MTkzIiwiZW1haWwiOiJtYXVyaWNpb3lvcm1hbkBnbWFpbC5jb20iLCJlbWFpbF92ZXJpZmllZCI6dHJ1ZSwiYXRfaGFzaCI6Imt0RkxhVmtQWC1qUlZOTzB0WTcyVEEiLCJpYXQiOjE3Nzk0OTcxNTQsImV4cCI6MTc3OTUwMDc1NH0.jnme1zG5aRN1U841PiFX9gGQw8v2ZTmHj3wyf4XZJtv1Y7JXm63Z_VjX8LHbm0TCxrWbS5wYcjmfxblH-w6ViTa_dd1E3aaszcUUyDAxtG0LqTDlZwLjm3Cyen-hGVIkJZPrvxCD0bvu5pS-HEAOcoO5iXRoAEf4zfTPPQzhJvO3H1hhbXUG7IvP4eXiy060mzcMwk4ypgE15Kne3ofnEGcq_MorGnICO9z3uiDUIYTpQfl2x53gxF7xm0P63ghGibPNbJ3_yvp-trjocyPWKmHIsDzV8jJ9YyfLESCDJuzVWM67XgRfWmHCZxFnubGJ0TF2ndI1wj-fOET7YyG64A",
    "token_expiry": "2026-05-23T01:45:53Z"
  },
  "sentinels": {
    "config_sentinel": "/home/jupyter/.config/gcloud/config_sentinel"
  }
}
2026-05-23 00:45:54,480 INFO     ___FILE_ONLY___ 

2026-05-23 00:45:54,492 DEBUG    root            SDK update checks are disabled.
