2026-05-23 01:26:24,397 DEBUG    root            Loaded Command Group: ['gcloud', 'config']
2026-05-23 01:26:24,422 DEBUG    root            Loaded Command Group: ['gcloud', 'config', 'config_helper']
2026-05-23 01:26:24,424 DEBUG    root            Running [gcloud.config.config-helper] with arguments: [--format: "json", --min-expiry: "1800"]
2026-05-23 01:26:24,427 DEBUG    root            On GCE from disk cache: True
2026-05-23 01:26:24,450 DEBUG    root            On GCE from memory cache: True
2026-05-23 01:26:24,455 DEBUG    root            On GCE from memory cache: True
2026-05-23 01:26:24,456 DEBUG    google.auth.transport.requests Making request: POST https://oauth2.googleapis.com/token
2026-05-23 01:26:24,458 DEBUG    urllib3.connectionpool Starting new HTTPS connection (1): oauth2.googleapis.com:443
2026-05-23 01:26:24,548 DEBUG    urllib3.connectionpool https://oauth2.googleapis.com:443 "POST /token HTTP/1.1" 200 None
2026-05-23 01:26:24,570 DEBUG    root            Chosen display Format:default json
2026-05-23 01:26:24,571 INFO     root            Display format: "default json"
2026-05-23 01:26:24,617 INFO     ___FILE_ONLY___ {
  "configuration": {
    "active_configuration": "default",
    "properties": {
      "compute": {
        "region": "us-central1"
      },
      "core": {
        "account": "mauricioyorman@gmail.com",
        "disable_usage_reporting": "True",
        "project": "project-a5d39078-68b8-4a9c-a89",
        "universe_domain": "googleapis.com"
      },
      "dataproc": {
        "region": "us-central1"
      }
    }
  },
  "credential": {
    "access_token": "ya29.a0AQvPyIPR6XIfj-fFyZtwGTQN-_zXNwLemdbRjP6Riq4DeKZ8QDdm7E762D3xJ6WFLs82WPtsCSzctTWwhahPEmXHTsEpcIxDwbKKAYDpFvvqHGkixVSgCp7cXPn5uHMcPgWXedHi8TURg2lUVbsi6tDqX_rONTAdF2JCznv3hTv4J6lyIgtFvTwyhe7BqVFMtakt_-kYJWxNHAaCgYKAdkSARUSFQHGX2MiPFlmu9a6mLB56f1BG4B07w0213",
    "id_token": "eyJhbGciOiJSUzI1NiIsImtpZCI6IjQxYjJlMTFmZjljYTI2ZTc4YzAyNWE5ZDRhNDI5Y2IwNjAxMzk1NmUiLCJ0eXAiOiJKV1QifQ.eyJpc3MiOiJodHRwczovL2FjY291bnRzLmdvb2dsZS5jb20iLCJhenAiOiIzMjU1NTk0MDU1OS5hcHBzLmdvb2dsZXVzZXJjb250ZW50LmNvbSIsImF1ZCI6IjMyNTU1OTQwNTU5LmFwcHMuZ29vZ2xldXNlcmNvbnRlbnQuY29tIiwic3ViIjoiMTA3MzI3NDM3NzM4NTEyMDk0MTkzIiwiZW1haWwiOiJtYXVyaWNpb3lvcm1hbkBnbWFpbC5jb20iLCJlbWFpbF92ZXJpZmllZCI6dHJ1ZSwiYXRfaGFzaCI6IlJuVTRSdC1MdmRMZERqOUNSLUoxX1EiLCJpYXQiOjE3Nzk0OTk1ODQsImV4cCI6MTc3OTUwMzE4NH0.JjJsFcWAsaPYuG4KTpSRGhyHB0sSXowEJEfGbVKt3wLdRgXy8V-cgKTML31nh3vnzKJ7qBv_HypbQA7g1ymTrMosy3fWhm6p6qqo_I9CPHbwAIjYNBBnHPRyBihKaVp7QvRwi4KEZ0t_A_j1NpRDDfnxNohw3Emhexlsqe4C1r1wZFhii8pxcAhjBKsjrJvRhJ3HJgLCQD3WSkPthI3AA_xJHEPpDx30sNRbKJUFICaDw2rkoRxiPudBJfKB8wG8KFpKSUdryCDVb1rQijud-I64F6K8boYEgQY_RLh_UQr2nZle7XDdU0m-cxwOD8wZrL88o82-M5PlhGOkhy1GbA",
    "token_expiry": "2026-05-23T02:26:23Z"
  },
  "sentinels": {
    "config_sentinel": "/home/jupyter/.config/gcloud/config_sentinel"
  }
}
2026-05-23 01:26:24,617 INFO     ___FILE_ONLY___ 

2026-05-23 01:26:24,626 DEBUG    root            SDK update checks are disabled.
