2026-05-23 02:07:20,129 DEBUG    root            Loaded Command Group: ['gcloud', 'config']
2026-05-23 02:07:20,156 DEBUG    root            Loaded Command Group: ['gcloud', 'config', 'config_helper']
2026-05-23 02:07:20,158 DEBUG    root            Running [gcloud.config.config-helper] with arguments: [--format: "json", --min-expiry: "1800"]
2026-05-23 02:07:20,163 DEBUG    root            On GCE from disk cache: True
2026-05-23 02:07:20,186 DEBUG    root            On GCE from memory cache: True
2026-05-23 02:07:20,192 DEBUG    root            On GCE from memory cache: True
2026-05-23 02:07:20,193 DEBUG    google.auth.transport.requests Making request: POST https://oauth2.googleapis.com/token
2026-05-23 02:07:20,195 DEBUG    urllib3.connectionpool Starting new HTTPS connection (1): oauth2.googleapis.com:443
2026-05-23 02:07:20,228 DEBUG    urllib3.connectionpool https://oauth2.googleapis.com:443 "POST /token HTTP/1.1" 200 None
2026-05-23 02:07:20,251 DEBUG    root            Chosen display Format:default json
2026-05-23 02:07:20,252 INFO     root            Display format: "default json"
2026-05-23 02:07:20,303 INFO     ___FILE_ONLY___ {
  "configuration": {
    "active_configuration": "default",
    "properties": {
      "compute": {
        "region": "us-central1"
      },
      "core": {
        "account": "mauricioyorman@gmail.com",
        "disable_usage_reporting": "True",
        "project": "project-a5d39078-68b8-4a9c-a89",
        "universe_domain": "googleapis.com"
      },
      "dataproc": {
        "region": "us-central1"
      }
    }
  },
  "credential": {
    "access_token": "ya29.a0AQvPyIO5stnAWelxYxcJY5wuQOsd6RR4mA0f_czEJZGKMGcTeThDxDbDOjr52bUbfwJHTO9-l-b58txkyCyRUJQSXSulHvgf3pyFUNHAM9VoW21XLJbGL1X7IGXdTXAkJqXbI-tR48cqotTtc4C2DziFwcZ2GEAwuSIahJt1x9RKuncjj9IxD8v5rFUAoBDC1LcWsmSIc4w-hQaCgYKATASARUSFQHGX2MiVCQ8X4YMCyt8qKVVXkyyYg0213",
    "id_token": "eyJhbGciOiJSUzI1NiIsImtpZCI6IjQxYjJlMTFmZjljYTI2ZTc4YzAyNWE5ZDRhNDI5Y2IwNjAxMzk1NmUiLCJ0eXAiOiJKV1QifQ.eyJpc3MiOiJodHRwczovL2FjY291bnRzLmdvb2dsZS5jb20iLCJhenAiOiIzMjU1NTk0MDU1OS5hcHBzLmdvb2dsZXVzZXJjb250ZW50LmNvbSIsImF1ZCI6IjMyNTU1OTQwNTU5LmFwcHMuZ29vZ2xldXNlcmNvbnRlbnQuY29tIiwic3ViIjoiMTA3MzI3NDM3NzM4NTEyMDk0MTkzIiwiZW1haWwiOiJtYXVyaWNpb3lvcm1hbkBnbWFpbC5jb20iLCJlbWFpbF92ZXJpZmllZCI6dHJ1ZSwiYXRfaGFzaCI6IkdsWGJMNVN0MzVpVUt4Qzh1eTVpR1EiLCJpYXQiOjE3Nzk1MDIwNDAsImV4cCI6MTc3OTUwNTY0MH0.HtKy8XVKKr24c7Iorye_s6qdZDkDNUA9k_ecLpqU_sBKvpoa7v1_RknLCJQHVcLD0zGrP7ozQPJjLExcoSjDaDy9sIqyjLWvxXx7jFBwhoINlwOXHsSWEGjV-KvD5rQIW3GyVoR9XLsJehZfpBJn0wEfRjkOA9ppj--LI3nBiTsOPEarFz6hHM2bcpjXEdW14Yf-HEAon_QrOxnHkB_XuQyK2s1bD8ovOtjUjsBlNQD7ZS5Xf7YUTq1kt29Vydl213Cvlem-bfLSjBAaOOdu8SODrY5FacJuAva6ZfZmp_GbGDxleQSTcnc2jBRxJ1ZpwSZ1tgHbshMHcCVQ0g20EA",
    "token_expiry": "2026-05-23T03:07:19Z"
  },
  "sentinels": {
    "config_sentinel": "/home/jupyter/.config/gcloud/config_sentinel"
  }
}
2026-05-23 02:07:20,303 INFO     ___FILE_ONLY___ 

2026-05-23 02:07:20,314 DEBUG    root            SDK update checks are disabled.
