2026-05-17 01:12:06,642 DEBUG    root            Loaded Command Group: ['gcloud', 'config']
2026-05-17 01:12:06,667 DEBUG    root            Loaded Command Group: ['gcloud', 'config', 'config_helper']
2026-05-17 01:12:06,670 DEBUG    root            Running [gcloud.config.config-helper] with arguments: [--format: "json", --min-expiry: "1800"]
2026-05-17 01:12:06,676 DEBUG    root            On GCE from server: True
2026-05-17 01:12:06,692 DEBUG    root            On GCE from memory cache: True
2026-05-17 01:12:06,707 DEBUG    root            On GCE from memory cache: True
2026-05-17 01:12:06,730 DEBUG    google.auth.transport.requests Making request: GET http://metadata.google.internal/computeMetadata/v1/instance/service-accounts/511076842936-compute@developer.gserviceaccount.com/?recursive=true
2026-05-17 01:12:06,732 DEBUG    urllib3.connectionpool Starting new HTTP connection (1): metadata.google.internal:80
2026-05-17 01:12:06,735 DEBUG    urllib3.connectionpool http://metadata.google.internal:80 "GET /computeMetadata/v1/instance/service-accounts/511076842936-compute@developer.gserviceaccount.com/?recursive=true HTTP/1.1" 200 155
2026-05-17 01:12:06,735 DEBUG    google.auth.transport.requests Making request: GET http://metadata.google.internal/computeMetadata/v1/instance/service-accounts/511076842936-compute@developer.gserviceaccount.com/token
2026-05-17 01:12:06,738 DEBUG    urllib3.connectionpool http://metadata.google.internal:80 "GET /computeMetadata/v1/instance/service-accounts/511076842936-compute@developer.gserviceaccount.com/token HTTP/1.1" 200 867
2026-05-17 01:12:06,792 DEBUG    root            Chosen display Format:default json
2026-05-17 01:12:06,793 INFO     root            Display format: "default json"
2026-05-17 01:12:06,855 INFO     ___FILE_ONLY___ {
  "configuration": {
    "active_configuration": "default",
    "properties": {
      "compute": {
        "region": "us-central1"
      },
      "core": {
        "account": "511076842936-compute@developer.gserviceaccount.com",
        "disable_usage_reporting": "True",
        "project": "project-a5d39078-68b8-4a9c-a89",
        "universe_domain": "googleapis.com"
      },
      "dataproc": {
        "region": "us-central1"
      }
    }
  },
  "credential": {
    "access_token": "ya29.c.c0AZ4bNpa-WnnKTIRi4suvqwP0iqXRQluKOmzLJRn9CmmrU-YgLTb7KPj60tZ0qiwyyoX8HtzMioT1ayaIXlL6bc_azVjhGYNL8_n5ULjXY88Bab4La6aGjPawZJlJw1ZjZn5wxTz9FJwJ3FhcZQl7tXF4fZaWPFvr5ONBBD-9sz_V37_RJ2mOeqpwZDUe6IBrkHHXo2FNRK-LbJbFNbj8D9sUZOU527JxwRbcgjhI9H1xtQrGoOFQvMB43btsEbKraCHiOUt8IOALenjfIQ7lhYSifAyj6-SepNm87PC8uuff8vq4cTnEtvlYAbzMpq-ApvkKjr84ZsMAZm8U8zttOs5p96y2LZG1EapfQnopKw3rOR0v3L58K3g6vZIVgUwKJpQd-HrEmuRaMinwPxShH413PUq_m6mqy8IBYaj7easjsUF3Ffusfoml9MqJhIYfaic1YRu__xqjwxaqpyUt49jjB5th3Jqp04Uf7rdRWWkvWU4i3VgXzu_szbiWQr8SgUhsOJ9f6uw-9k_xuu7yRlR9h2ohVI5RYam0Xwvln_UwYRBMJIotpqRxjco_jRJs-uuyolwoX3j9Y6i87ZSyejpapjqiJ0MX2k0ROracUzxnR2wQoUS2IjMFXMUY2Won97Fov2Utkrnrd7mMgda_hrgfyVg5JgMfi2MUrY0oWWklk91o-Bgkakm2-0aZj348bdia2Rk3iguRwoZw3IQ96lFwFM_mgng0ZzU35mqQtsfzuzxwvgt3o9_OqxsI-snm4Z2lzafy-sazF9yWFkfVu4aImkRZ3t12iBnsmtJFhS7_MQkY14mqY-I2kFnQdki5YU3II0stJqaX_8_yy05zYcFcRbFW-Z7zf4Wp8h08f3jJQZ64veJ1rjVI7ccvSeyQS0cU42f7MrZh9f5vhbjR_ikFOw5R4t2QzlFvlcQRol356-gUcOnUl27OWJ19dJwj8iBWrYezxrtuqh_XVvWkzWcdxWi420gynh_7bxwgmcI_2R32qiIcyB5",
    "id_token": "eyJhbGciOiJSUzI1NiIsImtpZCI6ImY4ZTY2MjBkMzk3MTFhYTIxY2U4YTJiZjJmM2VlMDFiOTI0Y2IyZDAiLCJ0eXAiOiJKV1QifQ.eyJhdWQiOiIzMjU1NTk0MDU1OS5hcHBzLmdvb2dsZXVzZXJjb250ZW50LmNvbSIsImF6cCI6IjEwOTM2NDkyNzM1Mjg0NzY2NDA0OSIsImV4cCI6MTc3ODk4MzkyNiwiaWF0IjoxNzc4OTgwMzI2LCJpc3MiOiJodHRwczovL2FjY291bnRzLmdvb2dsZS5jb20iLCJzdWIiOiIxMDkzNjQ5MjczNTI4NDc2NjQwNDkifQ.mGgl4tIGcTCNjZXtnPdWThSg4LvPLXxMhPE-ZUoWDcTG_SqmHBNN13wRmBl1DrH2Pyi8BLUR2Fgd09m-IoX41NQPhILw7LNfzV_05xZjE8OSDym2xLPEAkSatj_QHuQ9RGZ4P9ymf9ieuzSScrFhG3sqOSbbnKoFHvsGNHyEUx27wUlnAKisGy4mvrfpQ3j46hHd5DIM0fnC3LsAQGxlq0rjJcDmpA_F8YQSAemtzWaHLsLF5_dK2gPlisZtXVeCwj3CV6ZMImZjTsSIHviVrGEB7FfdKMEbJbbZEcoEU31qVUn07FxXv-XA3ROeJbpzyxTaGN3TCCS3WDdJ376TbQ",
    "token_expiry": "2026-05-17T01:48:43Z"
  },
  "sentinels": {
    "config_sentinel": "/home/jupyter/.config/gcloud/config_sentinel"
  }
}
2026-05-17 01:12:06,855 INFO     ___FILE_ONLY___ 

2026-05-17 01:12:06,865 DEBUG    root            SDK update checks are disabled.
