2026-05-17 02:12:28,390 DEBUG    root            Loaded Command Group: ['gcloud', 'config']
2026-05-17 02:12:28,414 DEBUG    root            Loaded Command Group: ['gcloud', 'config', 'config_helper']
2026-05-17 02:12:28,416 DEBUG    root            Running [gcloud.config.config-helper] with arguments: [--format: "json", --min-expiry: "1800"]
2026-05-17 02:12:28,421 DEBUG    root            On GCE from server: True
2026-05-17 02:12:28,442 DEBUG    root            Chosen display Format:default json
2026-05-17 02:12:28,443 INFO     root            Display format: "default json"
2026-05-17 02:12:28,497 INFO     ___FILE_ONLY___ {
  "configuration": {
    "active_configuration": "default",
    "properties": {
      "compute": {
        "region": "us-central1"
      },
      "core": {
        "account": "511076842936-compute@developer.gserviceaccount.com",
        "disable_usage_reporting": "True",
        "project": "project-a5d39078-68b8-4a9c-a89",
        "universe_domain": "googleapis.com"
      },
      "dataproc": {
        "region": "us-central1"
      }
    }
  },
  "credential": {
    "access_token": "ya29.c.c0AZ4bNpYMDY64a1wWvd68-JR-CWZRHYOHklr-Ker_qGtFxSM2feZVzbmSSYa4O87fgYxcC2Qo1V9fanzWFr2iTikGn1nqUM_4QJAWNAjF6gGUwUSeqvLO0ZJU-7HU8kfa8L8FnZ71YQmWJlg792hTT0QhuVSmyeIRk--_wHQShoabXw7HBl1hatapbdahkul9r3KrGL9ukGzmKlvFbMbmvSyRdyMCHBMuTZHpSQa7R2IJa0_1o3PZFmp5Q1urzm9fWOmwFF0bUlbnbmOZpIlbRRBHF4hTHv-IvrIgqDh9U1ZpwDRv2blRTdxXXiAVCdsAMr63MgUW15PB7gLqKjOuECq5YJ8kLFclrg8J0IqgcE06XIk6VNbQvGDP_W-ljBp_bRD18Xn9psluq3nJEiZYaAT415DbQgBgz9wQJYruuvzy20Qu7u8z70Vzx21d21goSxF5QX296Ro8Mam6gYcvFRct52l-ije9iJUlfXhv9uFjYW-7jl58Rjed8Bu0aVeuv0r-r9Ymd2pkkp9S4JJZ37vpWt7ZF4S5vX-J5IczusiopYIrWxtY6584iQ0XQYzgoUJmyYFx-Bvm_BbcdmomI_B_aS4vSSOfurMRb3os462Ip-tm3Wrn0qlr03u9vBuzc8Y9f1lBOv1Iyg1qqYsUfzjBa_769c_-wZr8VaI3iueQseS26rbBrtroU3F4wh4IlYj8sfcZO-0X0jMpMurR_iv7w5yua3eSjbYMYS-icRkYY-7jFraYxQhryS83aeXhxdnlhZfy5x_76M_bJ-czciOJZe4MIbl3BVnipxYYam8r1fdQJBa27VzrMpgM7QjfuXXcxuiF5Mf9_ctm-IVoyXtO-B4Ouwtigr97vbz4m2h46s1QWxgRJuVRqbBce13s0uVwovoWyQ138k2BhBv8h6SVrU2VJ74Y2Soyd17ZQ4_bBaJhgbum2a1_kr_qf55Snd3W5Z-k8h0RFirswb6Bew2e4jo0Q1hs_Qm0jemn_rqniF_taqol832",
    "id_token": "eyJhbGciOiJSUzI1NiIsImtpZCI6ImY4ZTY2MjBkMzk3MTFhYTIxY2U4YTJiZjJmM2VlMDFiOTI0Y2IyZDAiLCJ0eXAiOiJKV1QifQ.eyJhdWQiOiIzMjU1NTk0MDU1OS5hcHBzLmdvb2dsZXVzZXJjb250ZW50LmNvbSIsImF6cCI6IjEwOTM2NDkyNzM1Mjg0NzY2NDA0OSIsImV4cCI6MTc3ODk4NjAzOSwiaWF0IjoxNzc4OTgyNDM5LCJpc3MiOiJodHRwczovL2FjY291bnRzLmdvb2dsZS5jb20iLCJzdWIiOiIxMDkzNjQ5MjczNTI4NDc2NjQwNDkifQ.qwO0sJ3tqeYuvL8sG3b1pja-QqxlNPGMggbThikOCRHfdf1GLbY9Oz0Mu1CNkRQU92yNNROh1L5PsfOc8BtAnuqKqlk5Efrm65W5Dxu-a1WemZfGBQRfHEqCKb_MnAoJEUwb8iSU68FukQkW4U_kHPXDdtb-qs_0I4WvyCl9_fGHIUh9AfLJ16zMHEdu3ocmCmj4OKHzt59m2QXtTJleubu5VBWfIlobGDTbCwXlOClmKYAKcK5GZ8IzH2M-h4GPZLOKzY-j6LpvlhIXwL6zHp467hN9U5oUiDZjro2rH1e1VgfHjOfsGUn7bJre9LF4TkK0aCbd3Kn0awRrNMUeuA",
    "token_expiry": "2026-05-17T02:43:56Z"
  },
  "sentinels": {
    "config_sentinel": "/home/jupyter/.config/gcloud/config_sentinel"
  }
}
2026-05-17 02:12:28,497 INFO     ___FILE_ONLY___ 

2026-05-17 02:12:28,506 DEBUG    root            SDK update checks are disabled.
