2026-05-17 02:32:35,303 DEBUG    root            Loaded Command Group: ['gcloud', 'config']
2026-05-17 02:32:35,329 DEBUG    root            Loaded Command Group: ['gcloud', 'config', 'config_helper']
2026-05-17 02:32:35,331 DEBUG    root            Running [gcloud.config.config-helper] with arguments: [--format: "json", --min-expiry: "1800"]
2026-05-17 02:32:35,336 DEBUG    root            On GCE from server: True
2026-05-17 02:32:35,348 DEBUG    root            On GCE from memory cache: True
2026-05-17 02:32:35,361 DEBUG    root            On GCE from memory cache: True
2026-05-17 02:32:35,377 DEBUG    google.auth.transport.requests Making request: GET http://metadata.google.internal/computeMetadata/v1/instance/service-accounts/511076842936-compute@developer.gserviceaccount.com/?recursive=true
2026-05-17 02:32:35,379 DEBUG    urllib3.connectionpool Starting new HTTP connection (1): metadata.google.internal:80
2026-05-17 02:32:35,381 DEBUG    urllib3.connectionpool http://metadata.google.internal:80 "GET /computeMetadata/v1/instance/service-accounts/511076842936-compute@developer.gserviceaccount.com/?recursive=true HTTP/1.1" 200 155
2026-05-17 02:32:35,382 DEBUG    google.auth.transport.requests Making request: GET http://metadata.google.internal/computeMetadata/v1/instance/service-accounts/511076842936-compute@developer.gserviceaccount.com/token
2026-05-17 02:32:35,385 DEBUG    urllib3.connectionpool http://metadata.google.internal:80 "GET /computeMetadata/v1/instance/service-accounts/511076842936-compute@developer.gserviceaccount.com/token HTTP/1.1" 200 867
2026-05-17 02:32:35,432 DEBUG    root            Chosen display Format:default json
2026-05-17 02:32:35,432 INFO     root            Display format: "default json"
2026-05-17 02:32:35,498 INFO     ___FILE_ONLY___ {
  "configuration": {
    "active_configuration": "default",
    "properties": {
      "compute": {
        "region": "us-central1"
      },
      "core": {
        "account": "511076842936-compute@developer.gserviceaccount.com",
        "disable_usage_reporting": "True",
        "project": "project-a5d39078-68b8-4a9c-a89",
        "universe_domain": "googleapis.com"
      },
      "dataproc": {
        "region": "us-central1"
      }
    }
  },
  "credential": {
    "access_token": "ya29.c.c0AZ4bNpYMDY64a1wWvd68-JR-CWZRHYOHklr-Ker_qGtFxSM2feZVzbmSSYa4O87fgYxcC2Qo1V9fanzWFr2iTikGn1nqUM_4QJAWNAjF6gGUwUSeqvLO0ZJU-7HU8kfa8L8FnZ71YQmWJlg792hTT0QhuVSmyeIRk--_wHQShoabXw7HBl1hatapbdahkul9r3KrGL9ukGzmKlvFbMbmvSyRdyMCHBMuTZHpSQa7R2IJa0_1o3PZFmp5Q1urzm9fWOmwFF0bUlbnbmOZpIlbRRBHF4hTHv-IvrIgqDh9U1ZpwDRv2blRTdxXXiAVCdsAMr63MgUW15PB7gLqKjOuECq5YJ8kLFclrg8J0IqgcE06XIk6VNbQvGDP_W-ljBp_bRD18Xn9psluq3nJEiZYaAT415DbQgBgz9wQJYruuvzy20Qu7u8z70Vzx21d21goSxF5QX296Ro8Mam6gYcvFRct52l-ije9iJUlfXhv9uFjYW-7jl58Rjed8Bu0aVeuv0r-r9Ymd2pkkp9S4JJZ37vpWt7ZF4S5vX-J5IczusiopYIrWxtY6584iQ0XQYzgoUJmyYFx-Bvm_BbcdmomI_B_aS4vSSOfurMRb3os462Ip-tm3Wrn0qlr03u9vBuzc8Y9f1lBOv1Iyg1qqYsUfzjBa_769c_-wZr8VaI3iueQseS26rbBrtroU3F4wh4IlYj8sfcZO-0X0jMpMurR_iv7w5yua3eSjbYMYS-icRkYY-7jFraYxQhryS83aeXhxdnlhZfy5x_76M_bJ-czciOJZe4MIbl3BVnipxYYam8r1fdQJBa27VzrMpgM7QjfuXXcxuiF5Mf9_ctm-IVoyXtO-B4Ouwtigr97vbz4m2h46s1QWxgRJuVRqbBce13s0uVwovoWyQ138k2BhBv8h6SVrU2VJ74Y2Soyd17ZQ4_bBaJhgbum2a1_kr_qf55Snd3W5Z-k8h0RFirswb6Bew2e4jo0Q1hs_Qm0jemn_rqniF_taqol832",
    "id_token": "eyJhbGciOiJSUzI1NiIsImtpZCI6ImY4ZTY2MjBkMzk3MTFhYTIxY2U4YTJiZjJmM2VlMDFiOTI0Y2IyZDAiLCJ0eXAiOiJKV1QifQ.eyJhdWQiOiIzMjU1NTk0MDU1OS5hcHBzLmdvb2dsZXVzZXJjb250ZW50LmNvbSIsImF6cCI6IjEwOTM2NDkyNzM1Mjg0NzY2NDA0OSIsImV4cCI6MTc3ODk4ODc1NSwiaWF0IjoxNzc4OTg1MTU1LCJpc3MiOiJodHRwczovL2FjY291bnRzLmdvb2dsZS5jb20iLCJzdWIiOiIxMDkzNjQ5MjczNTI4NDc2NjQwNDkifQ.BKNXO3ZMYkJd_Qpq09DQ5IVV240zJoijPlodpikimeGprfrFcDIEEeZGPDAHMkGWHKSOkJqu0PY5_UUXPoxRnomelW96ECWRSssmxGaDP1UOcTFzQfRoh-xqRksv9jB7VU-zkF4dggbMjVWX-RcBC2LLdh4XemhWXI_36LQP2CiG_Qai-ghcBXy5Fq71i0N9g6XDfGJQSA1i360unNkedqFSs2wNAaSANSvplJbTqBVX081aJF5N87_MUFMd8WnSm9Yzw5uKDQGG3c4qyRWkTj38Z8DFfC2jZcbsObqMzHq3a2_12EBY3cS9g6f7RUUFmQ0rxP9uG-3DZ3ZWAHQiwg",
    "token_expiry": "2026-05-17T02:43:56Z"
  },
  "sentinels": {
    "config_sentinel": "/home/jupyter/.config/gcloud/config_sentinel"
  }
}
2026-05-17 02:32:35,498 INFO     ___FILE_ONLY___ 

2026-05-17 02:32:35,513 DEBUG    root            SDK update checks are disabled.
