2026-05-17 15:49:03,278 DEBUG    root            Loaded Command Group: ['gcloud', 'config']
2026-05-17 15:49:03,295 DEBUG    root            Loaded Command Group: ['gcloud', 'config', 'config_helper']
2026-05-17 15:49:03,297 DEBUG    root            Running [gcloud.config.config-helper] with arguments: [--format: "json", --min-expiry: "1800"]
2026-05-17 15:49:03,300 DEBUG    root            On GCE from server: True
2026-05-17 15:49:03,308 DEBUG    root            On GCE from memory cache: True
2026-05-17 15:49:03,318 DEBUG    root            On GCE from memory cache: True
2026-05-17 15:49:03,329 DEBUG    google.auth.transport.requests Making request: GET http://metadata.google.internal/computeMetadata/v1/instance/service-accounts/511076842936-compute@developer.gserviceaccount.com/?recursive=true
2026-05-17 15:49:03,331 DEBUG    urllib3.connectionpool Starting new HTTP connection (1): metadata.google.internal:80
2026-05-17 15:49:03,332 DEBUG    urllib3.connectionpool http://metadata.google.internal:80 "GET /computeMetadata/v1/instance/service-accounts/511076842936-compute@developer.gserviceaccount.com/?recursive=true HTTP/1.1" 200 155
2026-05-17 15:49:03,333 DEBUG    google.auth.transport.requests Making request: GET http://metadata.google.internal/computeMetadata/v1/instance/service-accounts/511076842936-compute@developer.gserviceaccount.com/token
2026-05-17 15:49:03,334 DEBUG    urllib3.connectionpool http://metadata.google.internal:80 "GET /computeMetadata/v1/instance/service-accounts/511076842936-compute@developer.gserviceaccount.com/token HTTP/1.1" 200 870
2026-05-17 15:49:03,386 DEBUG    root            Chosen display Format:default json
2026-05-17 15:49:03,386 INFO     root            Display format: "default json"
2026-05-17 15:49:03,422 INFO     ___FILE_ONLY___ {
  "configuration": {
    "active_configuration": "default",
    "properties": {
      "compute": {
        "region": "us-central1"
      },
      "core": {
        "account": "511076842936-compute@developer.gserviceaccount.com",
        "disable_usage_reporting": "True",
        "project": "project-a5d39078-68b8-4a9c-a89",
        "universe_domain": "googleapis.com"
      },
      "dataproc": {
        "region": "us-central1"
      }
    }
  },
  "credential": {
    "access_token": "ya29.c.c0AZ4bNpYt1P12W1MUELyzRckTw0GROU2y8eSWkKPSyndFQQC5hG7T6VcskpAxp2KtMgOxKW6zYuTw07c-df3JHoI-6Qm3SRyeJlSVtFtka3PE2n2WXKqDGah37RF3_58eN3BhkuxncOQtW95IIQ3IEwnGugayv0vvtXYzfDkrKTyyIYIb6r5--LzYDGimB-wM1pKz5ukj_8PCEi4V79i0IyXG5pqC0bkP0IgG2WmiF1WvstfKxcbDTMjWywXTlYU0TO6Hw2u3flfxEcOcwwYlKaaKjD4c01ZNy1-xbMz8tJrRCciJ5ciVrwBg_o2a1KJ2FP-AGRYrcmCiofYwQoSB9Tuar_eGHE27bE1HCEW9QLb7NaNcYdbtzWthkFScMoq-T9HMK-7mRXlclC7Mc9pkIwG415C3VckgSgy74-84uVo9uqge-3aekW68Q935OBhzSU7oq9p1V6QQFlc1Xc_15olFk87O7sm4_vdfyh10Ol-gYpjkZn5bb9Suiq17OwmVftf7gFjqy31Ot2o2mlVsrxvU4zvm--ebwR6exWbQsYgyBRvU6BrBgmV5Q9lFtyaeRtJvX53BdhoIfxXwBbB0754uwe9Wd0f1MZgfr6psgkkItpI6o7njaBiU-i2ox7FUxBfqVuFZYkxfIYqu9SYkf0zeui5_0rzxx4k211265XJmuJJmwbkSfvIRsRgciaU2sV4oeURR_wcn-0xZnyfgzlVrm1ejZUq7Vde8FjyOIzJR_3ku8SYYfMb3W2y650ghSksJeyllfbx7fWho82JmFfl2Opyz204pFoyh7gF9Y0-m61tq05tg61M1OeOs75hbfiu9r2uMbc1F6UaskmYQg3sd5qnJ-BV69vW_-Wko3OusovpanRvWJ8SQyYsxjn7n00ge-nZegIB8ukawy3MmugWJQdccX9Yuqqxyg-XpqRpv0tSzS_9_ehM8dU8m9hVuRab4eUO__FaMOmaxbpukvhzdydBw_YV1p0WRV6vQY89zub8IYuSS8_2",
    "id_token": "eyJhbGciOiJSUzI1NiIsImtpZCI6ImY4ZTY2MjBkMzk3MTFhYTIxY2U4YTJiZjJmM2VlMDFiOTI0Y2IyZDAiLCJ0eXAiOiJKV1QifQ.eyJhdWQiOiIzMjU1NTk0MDU1OS5hcHBzLmdvb2dsZXVzZXJjb250ZW50LmNvbSIsImF6cCI6IjEwOTM2NDkyNzM1Mjg0NzY2NDA0OSIsImV4cCI6MTc3OTAzNjU0MywiaWF0IjoxNzc5MDMyOTQzLCJpc3MiOiJodHRwczovL2FjY291bnRzLmdvb2dsZS5jb20iLCJzdWIiOiIxMDkzNjQ5MjczNTI4NDc2NjQwNDkifQ.H-FxY7Qg6j5pX_-eb3CRmFQq2J-21iN8Jr3RWY0scgvoJC0MuUzRg-eRd98jxcSaDh7NVUqf4YxClm-DfH5gCPfcIn16ICwYAHIL-IqTFOXXdDoTSqfezU19A1i-VgAmSJ1dTka1f7zAj5MvEhXT5l7BEKIefRQc4KBeVV9IYc1a2iwclBV5vnebEkOTz2JiU2sYr1tZQmMhhXtzBL6D4njdcS2Mz-BC2ln3CZisBW4F7O8Q-4454nPVwn4b4rNQ2Ug1eojUs1YRNkZihfoDFZSdv8xd240r2sMvl_5tI8DAFfGnHicv9-9xz2Sca3ah1deCnJe-6kWG7TnjGUjVLA",
    "token_expiry": "2026-05-17T16:04:49Z"
  },
  "sentinels": {
    "config_sentinel": "/home/jupyter/.config/gcloud/config_sentinel"
  }
}
2026-05-17 15:49:03,422 INFO     ___FILE_ONLY___ 

2026-05-17 15:49:03,428 DEBUG    root            SDK update checks are disabled.
