2026-05-17 16:10:43,892 DEBUG    root            Loaded Command Group: ['gcloud', 'config']
2026-05-17 16:10:43,909 DEBUG    root            Loaded Command Group: ['gcloud', 'config', 'config_helper']
2026-05-17 16:10:43,911 DEBUG    root            Running [gcloud.config.config-helper] with arguments: [--format: "json", --min-expiry: "1800"]
2026-05-17 16:10:43,911 DEBUG    root            On GCE from disk cache: True
2026-05-17 16:10:43,926 DEBUG    root            Chosen display Format:default json
2026-05-17 16:10:43,927 INFO     root            Display format: "default json"
2026-05-17 16:10:43,962 INFO     ___FILE_ONLY___ {
  "configuration": {
    "active_configuration": "default",
    "properties": {
      "compute": {
        "region": "us-central1"
      },
      "core": {
        "account": "511076842936-compute@developer.gserviceaccount.com",
        "disable_usage_reporting": "True",
        "project": "project-a5d39078-68b8-4a9c-a89",
        "universe_domain": "googleapis.com"
      },
      "dataproc": {
        "region": "us-central1"
      }
    }
  },
  "credential": {
    "access_token": "ya29.c.c0AZ4bNpZPltNJVwezmJB04ipbX2jKBbt9gZwfNu8KFZ8X8joC3VS2EQsB8KnRPYGn907hxOZbtFM2oA2HG549HPoZ-2hqz-0MxijFomSO4wS6anXkbc4ZA4ZpyQ__-lsPVYzeIC9KphkABYNdorSmYZ_vd9nMpIVazOGJ77wnVkep1BlzagzF7pECgK-vtGAsujEkuJWMLuRAZkLxl1Z1d5qPLc08cQQN8zJJQ3OxlpBheoKLQxLmJcZYq9ZFMytEknysJGZVGMxJLLdCCgTPLyn0r3U2m6q7vkY_o_8nVX06OFKWRlzWVjuE_SqhLaI5_1FW7UMBVrRLnOLjdWxx7K0bd86wGeVWrXz1zhcU_KsZD5j6WdKBQ0NCBYIYsxC0_dktVrUQFNycgralqIbxE64G416DbsJ8zSa9aUv6ezsY0_xiMvkJ69dmpsblVsQZ1gVcw-mJxi39_ixz7vzQfFR7h-USvZY_xM2jUikMl_qrbInJUqF5bXI5FYkggyvSY2ZzZuh1ecJWnWI6xZF9RwUlYF0yUzgFfqV5QIYs3e4qyutrhSiXlXgQnvVwgvzSS9kWJwSFM-nrmgfbi0_OcgvofQ1povB_0JQS3MZjtXdXa3kaQj21B12OmRgYhubr4cv8e537f_FBvSWhgBUM5QZ84F8WUg6rdss10-uecnorfFhB3qJJ_v-UJMZ6a43sqbZphQrW3ajawcX8J-s77ti3d6dSo_0MQf54FRxmj_fsvjfOZfRaZgoBd581V5UuZt0UklrqsMzdbuo8tRocsgm7Ztwrj790-r2d1yR2bQgUJ5qzWSstY60yMbx66FkaZhxgzSpmOZnU3bqWQg0pclfpcn2rtohvewOga4bXb3Ol3_cb5i5gQ2100s2IOhRxa35gYSoxXZSoqvYY1eW-Yq_ecZmj64hVgmfI1JuM_Ren1cdOnQ7lIi1aBQUuXdlksdt1loJbaiyZpiiVOjF2nh-bQS9ypfXRqfs6J7WmIZIvwsZWffWlg8k",
    "id_token": "eyJhbGciOiJSUzI1NiIsImtpZCI6ImY4ZTY2MjBkMzk3MTFhYTIxY2U4YTJiZjJmM2VlMDFiOTI0Y2IyZDAiLCJ0eXAiOiJKV1QifQ.eyJhdWQiOiIzMjU1NTk0MDU1OS5hcHBzLmdvb2dsZXVzZXJjb250ZW50LmNvbSIsImF6cCI6IjEwOTM2NDkyNzM1Mjg0NzY2NDA0OSIsImV4cCI6MTc3OTAzNzUzMiwiaWF0IjoxNzc5MDMzOTMyLCJpc3MiOiJodHRwczovL2FjY291bnRzLmdvb2dsZS5jb20iLCJzdWIiOiIxMDkzNjQ5MjczNTI4NDc2NjQwNDkifQ.HYXm5AvLHkR9cd2it1zDWxmx9WWT1APGb3OpiRxec6If8f8RFgU1vjaw4hTNyj0ZMu1ntUjGptEWKdsORAYgCraz_016oVAIassoJh7ZEzYdduwy643d02mAuHCogC1-Lo7iqPxFnLt7ZnY2MWLONLoST0DUcWqx_dpVOfsxM2NWW1KgUde2SF2u1u6wRjaSK8rXJnXYhiwxoW9gr9eG4AVQBfjRASqzoWMG_dd11yVjcW224eNeUz4qf7NgiCKs6Kyis6jZfsZRXj-xeXOHEEcSNrNliK8EfGIpWbhaPazgkJQLInuUUhZ7IjlC_IZ9uvYHONmXAlXWMNHYZc8S1Q",
    "token_expiry": "2026-05-17T17:00:01Z"
  },
  "sentinels": {
    "config_sentinel": "/home/jupyter/.config/gcloud/config_sentinel"
  }
}
2026-05-17 16:10:43,962 INFO     ___FILE_ONLY___ 

2026-05-17 16:10:43,968 DEBUG    root            SDK update checks are disabled.
