2026-05-17 16:52:58,889 DEBUG    root            Loaded Command Group: ['gcloud', 'config']
2026-05-17 16:52:58,906 DEBUG    root            Loaded Command Group: ['gcloud', 'config', 'config_helper']
2026-05-17 16:52:58,908 DEBUG    root            Running [gcloud.config.config-helper] with arguments: [--format: "json", --min-expiry: "1800"]
2026-05-17 16:52:58,911 DEBUG    root            On GCE from server: True
2026-05-17 16:52:58,920 DEBUG    root            On GCE from memory cache: True
2026-05-17 16:52:58,930 DEBUG    root            On GCE from memory cache: True
2026-05-17 16:52:58,944 DEBUG    google.auth.transport.requests Making request: GET http://metadata.google.internal/computeMetadata/v1/instance/service-accounts/511076842936-compute@developer.gserviceaccount.com/?recursive=true
2026-05-17 16:52:58,945 DEBUG    urllib3.connectionpool Starting new HTTP connection (1): metadata.google.internal:80
2026-05-17 16:52:58,947 DEBUG    urllib3.connectionpool http://metadata.google.internal:80 "GET /computeMetadata/v1/instance/service-accounts/511076842936-compute@developer.gserviceaccount.com/?recursive=true HTTP/1.1" 200 155
2026-05-17 16:52:58,947 DEBUG    google.auth.transport.requests Making request: GET http://metadata.google.internal/computeMetadata/v1/instance/service-accounts/511076842936-compute@developer.gserviceaccount.com/token
2026-05-17 16:52:58,949 DEBUG    urllib3.connectionpool http://metadata.google.internal:80 "GET /computeMetadata/v1/instance/service-accounts/511076842936-compute@developer.gserviceaccount.com/token HTTP/1.1" 200 864
2026-05-17 16:52:58,981 DEBUG    root            Chosen display Format:default json
2026-05-17 16:52:58,982 INFO     root            Display format: "default json"
2026-05-17 16:52:59,017 INFO     ___FILE_ONLY___ {
  "configuration": {
    "active_configuration": "default",
    "properties": {
      "compute": {
        "region": "us-central1"
      },
      "core": {
        "account": "511076842936-compute@developer.gserviceaccount.com",
        "disable_usage_reporting": "True",
        "project": "project-a5d39078-68b8-4a9c-a89",
        "universe_domain": "googleapis.com"
      },
      "dataproc": {
        "region": "us-central1"
      }
    }
  },
  "credential": {
    "access_token": "ya29.c.c0AZ4bNpZPltNJVwezmJB04ipbX2jKBbt9gZwfNu8KFZ8X8joC3VS2EQsB8KnRPYGn907hxOZbtFM2oA2HG549HPoZ-2hqz-0MxijFomSO4wS6anXkbc4ZA4ZpyQ__-lsPVYzeIC9KphkABYNdorSmYZ_vd9nMpIVazOGJ77wnVkep1BlzagzF7pECgK-vtGAsujEkuJWMLuRAZkLxl1Z1d5qPLc08cQQN8zJJQ3OxlpBheoKLQxLmJcZYq9ZFMytEknysJGZVGMxJLLdCCgTPLyn0r3U2m6q7vkY_o_8nVX06OFKWRlzWVjuE_SqhLaI5_1FW7UMBVrRLnOLjdWxx7K0bd86wGeVWrXz1zhcU_KsZD5j6WdKBQ0NCBYIYsxC0_dktVrUQFNycgralqIbxE64G416DbsJ8zSa9aUv6ezsY0_xiMvkJ69dmpsblVsQZ1gVcw-mJxi39_ixz7vzQfFR7h-USvZY_xM2jUikMl_qrbInJUqF5bXI5FYkggyvSY2ZzZuh1ecJWnWI6xZF9RwUlYF0yUzgFfqV5QIYs3e4qyutrhSiXlXgQnvVwgvzSS9kWJwSFM-nrmgfbi0_OcgvofQ1povB_0JQS3MZjtXdXa3kaQj21B12OmRgYhubr4cv8e537f_FBvSWhgBUM5QZ84F8WUg6rdss10-uecnorfFhB3qJJ_v-UJMZ6a43sqbZphQrW3ajawcX8J-s77ti3d6dSo_0MQf54FRxmj_fsvjfOZfRaZgoBd581V5UuZt0UklrqsMzdbuo8tRocsgm7Ztwrj790-r2d1yR2bQgUJ5qzWSstY60yMbx66FkaZhxgzSpmOZnU3bqWQg0pclfpcn2rtohvewOga4bXb3Ol3_cb5i5gQ2100s2IOhRxa35gYSoxXZSoqvYY1eW-Yq_ecZmj64hVgmfI1JuM_Ren1cdOnQ7lIi1aBQUuXdlksdt1loJbaiyZpiiVOjF2nh-bQS9ypfXRqfs6J7WmIZIvwsZWffWlg8k",
    "id_token": "eyJhbGciOiJSUzI1NiIsImtpZCI6ImY4ZTY2MjBkMzk3MTFhYTIxY2U4YTJiZjJmM2VlMDFiOTI0Y2IyZDAiLCJ0eXAiOiJKV1QifQ.eyJhdWQiOiIzMjU1NTk0MDU1OS5hcHBzLmdvb2dsZXVzZXJjb250ZW50LmNvbSIsImF6cCI6IjEwOTM2NDkyNzM1Mjg0NzY2NDA0OSIsImV4cCI6MTc3OTA0MDM3OCwiaWF0IjoxNzc5MDM2Nzc4LCJpc3MiOiJodHRwczovL2FjY291bnRzLmdvb2dsZS5jb20iLCJzdWIiOiIxMDkzNjQ5MjczNTI4NDc2NjQwNDkifQ.NU_0ZD63XwluyaHdHA9SEHV22wdhyR8b7hF4YRl4TkVwQX5tfd9UEcSaYoiR7w0i5bA6Q2lkfyUUqATJijW5TlOib5onWsDpaT4mayZaxG9RBIbd-YUgbStF0W8iKtDGoN0ljq94E9cVwnNNoypJCy7DxxPsiGLJ2uk9xkD4kGoBOf-Y3X-J7X5Yp3pFSOuwh1fdwGHYDo3aGXx7BvCGmNysW_b1hRcqvOHUDF-bIvEy082wRcUhZNXXxceUInbYfCGDJGFtb1Oxi0M__aD4zoqakwnQ7gtg61bJRjQBU2uqAS2i5CaPujTR5xbjelOIUhZhidMDo5xdejQNUOzckQ",
    "token_expiry": "2026-05-17T17:00:01Z"
  },
  "sentinels": {
    "config_sentinel": "/home/jupyter/.config/gcloud/config_sentinel"
  }
}
2026-05-17 16:52:59,017 INFO     ___FILE_ONLY___ 

2026-05-17 16:52:59,024 DEBUG    root            SDK update checks are disabled.
