2026-05-17 17:13:04,035 DEBUG    root            Loaded Command Group: ['gcloud', 'config']
2026-05-17 17:13:04,054 DEBUG    root            Loaded Command Group: ['gcloud', 'config', 'config_helper']
2026-05-17 17:13:04,056 DEBUG    root            Running [gcloud.config.config-helper] with arguments: [--format: "json", --min-expiry: "1800"]
2026-05-17 17:13:04,060 DEBUG    root            On GCE from server: True
2026-05-17 17:13:04,074 DEBUG    root            Chosen display Format:default json
2026-05-17 17:13:04,074 INFO     root            Display format: "default json"
2026-05-17 17:13:04,109 INFO     ___FILE_ONLY___ {
  "configuration": {
    "active_configuration": "default",
    "properties": {
      "compute": {
        "region": "us-central1"
      },
      "core": {
        "account": "511076842936-compute@developer.gserviceaccount.com",
        "disable_usage_reporting": "True",
        "project": "project-a5d39078-68b8-4a9c-a89",
        "universe_domain": "googleapis.com"
      },
      "dataproc": {
        "region": "us-central1"
      }
    }
  },
  "credential": {
    "access_token": "ya29.c.c0AZ4bNpaowN9p8qVnUT74LZhx60GSPvV8HMJKkqG9PZity5sZNBMPFKuTHVjdJcl2xV1vl2hsbNoBuHB99aecsoIyaRFawOHtDHEhJvbUR7EGOEGCwNHO-NzM-O34we5CNklRiEAwf_OaBdmq-3VWV-5cjABS9QYp2dtV2wI-kOKJD5VM-xHIEQtfYcvspJlg4mE2SFhpCw7iDV0qI6lH--_AIA-knIndUSKExOoJyDKKT4PvZdUCjmRCTQcL_4vacx3KxfdpvryMxzMKsHNXHUGAZqMLIvLqyaRitx2WT1OBFuY9qdiyMfXaz-gFW-BAywApm5DTX62ranb0mE-PRt2xM3mn88rCffZ0UH97VUE1XKrZex_fJSPlK8S1vTWsucmEjhpQoDlLf_TcC6fnGAH415DhUg_eqqrohdUc64Xt8jdeFnf9Wy3J7wb5_ZsdZsyVvlj90nrMt_M639ykRn-Yz0U9e3MfjVsQ1Qwy1yVQdgsF0sd8mbIZnxq6Xo6xd92IBQdv4u6ilWpg_88piZJbJZaewO3U4-z0nxIXhvmq20ftm56t2_h60dfvmtetRhkQtrt5atgUcSIxa5n6cB_tOZWhw-V616ycr2mmWWdYt137243ig4lmXRuSSdrZvB4d_tzXYWRv363_Vp-VelipJMwhrxXa25VmWsISnRneQjc5xRjnWW2M_nh5F5tXM9i1B8aabb_1eF8zRikc7bYnVBM2dQf3Q_vXj4pbM9cZrlh3fqQnR0SBcrxZlwtgruoWOecJija6yV8V4r06SfIflodY1dbI4MeBnUpve840FcfYQVlweQrUcZ_t8WUX7zdpzo9tRUp-b2pFJOsRXXVyQWWkxsWdxInqV6p3sbbrJfpbFVYSmreW6tVdQwZ20B2igv8hlS_wsz8mwxxmXBOoyi7of6dcpdOYInh7w9Mnm1oI6wypizcnsUkFQsbkzkts2Se_faSbMohyWnb6q8g58sW9SzkORv8nbwUmSW0j4amQv24iXeM",
    "id_token": "eyJhbGciOiJSUzI1NiIsImtpZCI6ImY4ZTY2MjBkMzk3MTFhYTIxY2U4YTJiZjJmM2VlMDFiOTI0Y2IyZDAiLCJ0eXAiOiJKV1QifQ.eyJhdWQiOiIzMjU1NTk0MDU1OS5hcHBzLmdvb2dsZXVzZXJjb250ZW50LmNvbSIsImF6cCI6IjEwOTM2NDkyNzM1Mjg0NzY2NDA0OSIsImV4cCI6MTc3OTA0MDY4MCwiaWF0IjoxNzc5MDM3MDgwLCJpc3MiOiJodHRwczovL2FjY291bnRzLmdvb2dsZS5jb20iLCJzdWIiOiIxMDkzNjQ5MjczNTI4NDc2NjQwNDkifQ.P7aZIbmikppd6J8T5EvtuwVerOTdd45lRif-1V20YX_UoS-xRZLm0bJHKt0vpzhlDmyPd3Bnf_ofk6SBPJw8VlKD-184WyMP98W_w3d-ZwAMyNwB2Vg1gyQaaPwnrwWPNxVkaYuJBpRZJ1H0e_BSOBbJSOYS4u_lmskvWS-k9E2hHlDjEGFjEfIZIulc1epUbW9ucvqpuBf7-bfh-BIGT4xfIO5W3f0RBcauD1fTZSOXEntH7e47f3N5J8ek0LQYFPJHwaQ-u0Ifi4gkyXyEZpJ6exGZRibBfWGN6R6TSiJ1lBKyjKeCj1ddr-8loqJSjQo51EKuuhojrV-9Skr79A",
    "token_expiry": "2026-05-17T17:55:11Z"
  },
  "sentinels": {
    "config_sentinel": "/home/jupyter/.config/gcloud/config_sentinel"
  }
}
2026-05-17 17:13:04,109 INFO     ___FILE_ONLY___ 

2026-05-17 17:13:04,116 DEBUG    root            SDK update checks are disabled.
