2026-05-17 17:33:09,160 DEBUG    root            Loaded Command Group: ['gcloud', 'config']
2026-05-17 17:33:09,179 DEBUG    root            Loaded Command Group: ['gcloud', 'config', 'config_helper']
2026-05-17 17:33:09,181 DEBUG    root            Running [gcloud.config.config-helper] with arguments: [--format: "json", --min-expiry: "1800"]
2026-05-17 17:33:09,185 DEBUG    root            On GCE from server: True
2026-05-17 17:33:09,194 DEBUG    root            On GCE from memory cache: True
2026-05-17 17:33:09,204 DEBUG    root            On GCE from memory cache: True
2026-05-17 17:33:09,212 DEBUG    google.auth.transport.requests Making request: GET http://metadata.google.internal/computeMetadata/v1/instance/service-accounts/511076842936-compute@developer.gserviceaccount.com/?recursive=true
2026-05-17 17:33:09,213 DEBUG    urllib3.connectionpool Starting new HTTP connection (1): metadata.google.internal:80
2026-05-17 17:33:09,215 DEBUG    urllib3.connectionpool http://metadata.google.internal:80 "GET /computeMetadata/v1/instance/service-accounts/511076842936-compute@developer.gserviceaccount.com/?recursive=true HTTP/1.1" 200 155
2026-05-17 17:33:09,215 DEBUG    google.auth.transport.requests Making request: GET http://metadata.google.internal/computeMetadata/v1/instance/service-accounts/511076842936-compute@developer.gserviceaccount.com/token
2026-05-17 17:33:09,217 DEBUG    urllib3.connectionpool http://metadata.google.internal:80 "GET /computeMetadata/v1/instance/service-accounts/511076842936-compute@developer.gserviceaccount.com/token HTTP/1.1" 200 870
2026-05-17 17:33:09,247 DEBUG    root            Chosen display Format:default json
2026-05-17 17:33:09,247 INFO     root            Display format: "default json"
2026-05-17 17:33:09,283 INFO     ___FILE_ONLY___ {
  "configuration": {
    "active_configuration": "default",
    "properties": {
      "compute": {
        "region": "us-central1"
      },
      "core": {
        "account": "511076842936-compute@developer.gserviceaccount.com",
        "disable_usage_reporting": "True",
        "project": "project-a5d39078-68b8-4a9c-a89",
        "universe_domain": "googleapis.com"
      },
      "dataproc": {
        "region": "us-central1"
      }
    }
  },
  "credential": {
    "access_token": "ya29.c.c0AZ4bNpaowN9p8qVnUT74LZhx60GSPvV8HMJKkqG9PZity5sZNBMPFKuTHVjdJcl2xV1vl2hsbNoBuHB99aecsoIyaRFawOHtDHEhJvbUR7EGOEGCwNHO-NzM-O34we5CNklRiEAwf_OaBdmq-3VWV-5cjABS9QYp2dtV2wI-kOKJD5VM-xHIEQtfYcvspJlg4mE2SFhpCw7iDV0qI6lH--_AIA-knIndUSKExOoJyDKKT4PvZdUCjmRCTQcL_4vacx3KxfdpvryMxzMKsHNXHUGAZqMLIvLqyaRitx2WT1OBFuY9qdiyMfXaz-gFW-BAywApm5DTX62ranb0mE-PRt2xM3mn88rCffZ0UH97VUE1XKrZex_fJSPlK8S1vTWsucmEjhpQoDlLf_TcC6fnGAH415DhUg_eqqrohdUc64Xt8jdeFnf9Wy3J7wb5_ZsdZsyVvlj90nrMt_M639ykRn-Yz0U9e3MfjVsQ1Qwy1yVQdgsF0sd8mbIZnxq6Xo6xd92IBQdv4u6ilWpg_88piZJbJZaewO3U4-z0nxIXhvmq20ftm56t2_h60dfvmtetRhkQtrt5atgUcSIxa5n6cB_tOZWhw-V616ycr2mmWWdYt137243ig4lmXRuSSdrZvB4d_tzXYWRv363_Vp-VelipJMwhrxXa25VmWsISnRneQjc5xRjnWW2M_nh5F5tXM9i1B8aabb_1eF8zRikc7bYnVBM2dQf3Q_vXj4pbM9cZrlh3fqQnR0SBcrxZlwtgruoWOecJija6yV8V4r06SfIflodY1dbI4MeBnUpve840FcfYQVlweQrUcZ_t8WUX7zdpzo9tRUp-b2pFJOsRXXVyQWWkxsWdxInqV6p3sbbrJfpbFVYSmreW6tVdQwZ20B2igv8hlS_wsz8mwxxmXBOoyi7of6dcpdOYInh7w9Mnm1oI6wypizcnsUkFQsbkzkts2Se_faSbMohyWnb6q8g58sW9SzkORv8nbwUmSW0j4amQv24iXeM",
    "id_token": "eyJhbGciOiJSUzI1NiIsImtpZCI6ImY4ZTY2MjBkMzk3MTFhYTIxY2U4YTJiZjJmM2VlMDFiOTI0Y2IyZDAiLCJ0eXAiOiJKV1QifQ.eyJhdWQiOiIzMjU1NTk0MDU1OS5hcHBzLmdvb2dsZXVzZXJjb250ZW50LmNvbSIsImF6cCI6IjEwOTM2NDkyNzM1Mjg0NzY2NDA0OSIsImV4cCI6MTc3OTA0Mjc4OSwiaWF0IjoxNzc5MDM5MTg5LCJpc3MiOiJodHRwczovL2FjY291bnRzLmdvb2dsZS5jb20iLCJzdWIiOiIxMDkzNjQ5MjczNTI4NDc2NjQwNDkifQ.GJEt1_PpqksITVZ6i2hvlYq5sW912rz9dvqQs-0B4aSEoUgHU93KKXCZgBuB1-3sRF0XCbPrwjlSgDv45X1PqaiA0SS9P8LppPxvr-cwoZjH7S0SJfetVryjnG8z-0t04EYHKeOGtimvXlKMDWho-5ESSGDRdTA4WHYEHwl1PahxWnfHI9gJ9MdbLsvi9hUPejeiEl_hTGfXgdq4SaXNHR1yjeEkMSmI4V2Vx_GxteSAR5DEpMg9IDZ2PeIQaLhWSTzh2hO_pe5u-3Epq83zlShJjScVISWgNqdQKBdgQ-gBQOeaD7f8X2c8n2DE1DyrJlXhSeBS-bXl5Ny3l4D8GA",
    "token_expiry": "2026-05-17T17:55:11Z"
  },
  "sentinels": {
    "config_sentinel": "/home/jupyter/.config/gcloud/config_sentinel"
  }
}
2026-05-17 17:33:09,283 INFO     ___FILE_ONLY___ 

2026-05-17 17:33:09,289 DEBUG    root            SDK update checks are disabled.
