2026-05-17 18:22:19,698 DEBUG    root            Loaded Command Group: ['gcloud', 'config']
2026-05-17 18:22:19,715 DEBUG    root            Loaded Command Group: ['gcloud', 'config', 'config_helper']
2026-05-17 18:22:19,717 DEBUG    root            Running [gcloud.config.config-helper] with arguments: [--format: "json", --min-expiry: "1800"]
2026-05-17 18:22:19,720 DEBUG    root            On GCE from server: True
2026-05-17 18:22:19,730 DEBUG    root            On GCE from memory cache: True
2026-05-17 18:22:19,739 DEBUG    root            On GCE from memory cache: True
2026-05-17 18:22:19,754 DEBUG    google.auth.transport.requests Making request: GET http://metadata.google.internal/computeMetadata/v1/instance/service-accounts/511076842936-compute@developer.gserviceaccount.com/?recursive=true
2026-05-17 18:22:19,755 DEBUG    urllib3.connectionpool Starting new HTTP connection (1): metadata.google.internal:80
2026-05-17 18:22:19,756 DEBUG    urllib3.connectionpool http://metadata.google.internal:80 "GET /computeMetadata/v1/instance/service-accounts/511076842936-compute@developer.gserviceaccount.com/?recursive=true HTTP/1.1" 200 155
2026-05-17 18:22:19,757 DEBUG    google.auth.transport.requests Making request: GET http://metadata.google.internal/computeMetadata/v1/instance/service-accounts/511076842936-compute@developer.gserviceaccount.com/token
2026-05-17 18:22:19,758 DEBUG    urllib3.connectionpool http://metadata.google.internal:80 "GET /computeMetadata/v1/instance/service-accounts/511076842936-compute@developer.gserviceaccount.com/token HTTP/1.1" 200 870
2026-05-17 18:22:19,782 DEBUG    root            Chosen display Format:default json
2026-05-17 18:22:19,783 INFO     root            Display format: "default json"
2026-05-17 18:22:19,821 INFO     ___FILE_ONLY___ {
  "configuration": {
    "active_configuration": "default",
    "properties": {
      "compute": {
        "region": "us-central1"
      },
      "core": {
        "account": "511076842936-compute@developer.gserviceaccount.com",
        "disable_usage_reporting": "True",
        "project": "project-a5d39078-68b8-4a9c-a89",
        "universe_domain": "googleapis.com"
      },
      "dataproc": {
        "region": "us-central1"
      }
    }
  },
  "credential": {
    "access_token": "ya29.c.c0AZ4bNpb0IlZzMxPxfGcTeUlquMtUT06uUpjgYgvE8ZULUwnZb2PuprxOGTKjs7M0GYOz4LEOlq1vCvlEyUtmeYDiyRHChJIPoBUVuY4bCq-pXN3O0xrhhptNpXkE5B14B5h2eUvsks3zXUE9JWMhE4F6KHM0o0SuNDX9DK0oLHPJEoBOOTd59Dd6_JbolXVxcL-QDNJxw_Y4cAT6XRibKMhnkDeRkN7FjXiJ5Evat_fPyAAdu-bgP2uCm4srTJxXXHIKwEga4QE7iVOzojr2Kh8Xte4pS6CgarkvDT3a6OcoQL6ce-FW7iPFw5cVQ1OAW2pWOuXVhQ6sNCanViIXNDuLKz6QFGUCGFvyQWUTsnvN2_Sk2GFZYkniB8Rl_lqv2BhyyK79_sufLeCic2nrjgG415AyitY0XrdV1ZhW_U0rax9cJURBe2wbZMl8cqyuY5RsrJ1opfzwiq30p7z_XMeVUgu2zSQU-lgjQYv3Fm8wRzo_URMVlZjMheqk9VceUyl2aa6BcBx7YyUsrm5hxoBpYjQo7vxdxwgRi-r7WenSUIlYc89b2o_mrmQOSwbilU6q38F7Qx7BjR4OsUyYIUyUs5WvB8uQeir9Oxe6S2_eYV17f70JdrXOgs19-t6c8pR172zV62VpVpr9h-9MIygSZamJwWeJ5v-XV5ng4_-Rj4gyUseVI6ktShW7-i-U0Jwr8Qgh4fXXe5nw0uWuSBjw0pc89Mndiegkqzjs0d2s6MSv_9B0plaz5qeUi75Jdkpvm7g0iOIVwjlW-4d4g9___Voeh_q7hcsSnskS5cqZWee5x5JyVzBRh3oJuesIQF4Ql_Saxh710xytfF8clcfzVsl8ta6UZJx_cj8iBwMBxJqch4IZmb907XcjIpSMroYzVkggU1ckaI0dj9lWSkO3fhZbQOJMkpFJalXzl7t9r_M29JushXUXV2JbRMFsJOYYBMwa8pavpFJBv5axu-UnknaU4xp_vygR8fpWJg-pXMwlvSS1y8g",
    "id_token": "eyJhbGciOiJSUzI1NiIsImtpZCI6ImY4ZTY2MjBkMzk3MTFhYTIxY2U4YTJiZjJmM2VlMDFiOTI0Y2IyZDAiLCJ0eXAiOiJKV1QifQ.eyJhdWQiOiIzMjU1NTk0MDU1OS5hcHBzLmdvb2dsZXVzZXJjb250ZW50LmNvbSIsImF6cCI6IjEwOTM2NDkyNzM1Mjg0NzY2NDA0OSIsImV4cCI6MTc3OTA0NTczOSwiaWF0IjoxNzc5MDQyMTM5LCJpc3MiOiJodHRwczovL2FjY291bnRzLmdvb2dsZS5jb20iLCJzdWIiOiIxMDkzNjQ5MjczNTI4NDc2NjQwNDkifQ.J7qRxtISpS3sHU2eHkfU-tBTTPT5mheN18G_AwsKDvSVMf82-ax2rnE4Bp6tbIFQsU2fUqibeccc5lgAjtkHYYxZFBGqEHQ2C_28bvY1GKj_xYbq5rh2lqPVzjhm3KkbR-5ohNvSdMl7mNHhPxB8poQgcDjizEmHiV5kbE8GDYQltBTs3wQKL0vnyuDNex2uJscaJk-XZgkweGRwX5bQFgkrO5d3xhYjz6RlwtBrUns6Xzk6-T8xjnirFNk-q0ewthTQac93kKwA7RoFJueiGKwC6dEnonTtUOQCc4v0Pytk_UpomyoJHXjKCB3oGO8lOpOVt_P2hhENWy4b1eMdpw",
    "token_expiry": "2026-05-17T18:50:21Z"
  },
  "sentinels": {
    "config_sentinel": "/home/jupyter/.config/gcloud/config_sentinel"
  }
}
2026-05-17 18:22:19,821 INFO     ___FILE_ONLY___ 

2026-05-17 18:22:19,827 DEBUG    root            SDK update checks are disabled.
