2026-05-17 19:02:30,417 DEBUG    root            Loaded Command Group: ['gcloud', 'config']
2026-05-17 19:02:30,434 DEBUG    root            Loaded Command Group: ['gcloud', 'config', 'config_helper']
2026-05-17 19:02:30,436 DEBUG    root            Running [gcloud.config.config-helper] with arguments: [--format: "json", --min-expiry: "1800"]
2026-05-17 19:02:30,439 DEBUG    root            On GCE from server: True
2026-05-17 19:02:30,453 DEBUG    root            Chosen display Format:default json
2026-05-17 19:02:30,453 INFO     root            Display format: "default json"
2026-05-17 19:02:30,488 INFO     ___FILE_ONLY___ {
  "configuration": {
    "active_configuration": "default",
    "properties": {
      "compute": {
        "region": "us-central1"
      },
      "core": {
        "account": "511076842936-compute@developer.gserviceaccount.com",
        "disable_usage_reporting": "True",
        "project": "project-a5d39078-68b8-4a9c-a89",
        "universe_domain": "googleapis.com"
      },
      "dataproc": {
        "region": "us-central1"
      }
    }
  },
  "credential": {
    "access_token": "ya29.c.c0AZ4bNpbAkr2aVmwZVulMFmgCGGqH0Ek7e9hSZ9PLwzi4ANybvkGff1exxdZy3rIWb7MTgsQ4wXTHHF8AInX-CzbxUKtwvtueZ_7zot5IeDcyGdeT7IUqA1sPSgADHOyG8xn8XF2a5vBdRDXNqimpyoZyi0oyOPKSKozAuKFpWq5zK9dq2Ir1OvAw71PCXE35hqLGSdc3kEcCNU9TW9ij4NIphcV9tJu8FGPPkZc1TlsKnz0NXGivURp-SBk2gankZm72WDRp0rjuJlvYFdhdLIoYbB3NP5YC1YeJLduDmExIkVqS9loRqjMIdAuv-crGkEIlFxvXs9Z3UMOYfKIl2M-ojcanMAvbVRdTpFjvi-HPstz9JOevEMus_thPfn-_nrpRIqqE0_iTNsTfCtX72QL415Aa27may5eJwYiaffxuOe9lkRsVn_MW5ZjY0jBl-rmjwfROJR_BBFqi5BmhZi6l7i9Q_2pcuWFVXiaOQkhaF2n0gMo_xbgxM6eWO943vkkFn5-U-e8UR3aWtUzevd7wBfbodOoM5VejJt761spie_fp2Wx6z1fMrahsgvkxk5zqZi-F6OjygR4JlJgqSg5MoBZWx3eg47dx8bSI7mQMjr2zFWFfdwzRXRYy1wV_WhcemX4hg_hnq8Ux7c1mMcO6v7SyIaqxpinjYFyIsnBiiji2Zi_J7rjj9ujVztMufnJW1Z9IBJFXbv8e2F2_aO11YzYVcb6i7qh22qVJum-899hI4y03oOzZZ915fpyqhm322XdixrBx0-r2udnY6YuZziU_nmi54ol03_v4Siupc6xRBd7dt56Ul93oy_0F_qx4Yx_lVyo5oOuvvdjS9cYF4dJ-s70QrWVgts5x4FeQtFrUj4bpqVhXrrmlUOXanpBMQxSgWkzoxtloRUmM7itdafvimYU38vU89SBy-2_j5IYQ7smBwkxmtO4p3XUmIWRZR0_aXRB50XhhXk73396h3hqJ2giIZ7isO3wSaOxZbmOgYuR7wIn",
    "id_token": "eyJhbGciOiJSUzI1NiIsImtpZCI6ImY4ZTY2MjBkMzk3MTFhYTIxY2U4YTJiZjJmM2VlMDFiOTI0Y2IyZDAiLCJ0eXAiOiJKV1QifQ.eyJhdWQiOiIzMjU1NTk0MDU1OS5hcHBzLmdvb2dsZXVzZXJjb250ZW50LmNvbSIsImF6cCI6IjEwOTM2NDkyNzM1Mjg0NzY2NDA0OSIsImV4cCI6MTc3OTA0NzI0NywiaWF0IjoxNzc5MDQzNjQ3LCJpc3MiOiJodHRwczovL2FjY291bnRzLmdvb2dsZS5jb20iLCJzdWIiOiIxMDkzNjQ5MjczNTI4NDc2NjQwNDkifQ.WXbc10lmTJMlVr4NUKyfZ7lbnFMoM_KmV9QOLC26iF6i7inC4YK9jHrTJMlsko5A207SSPhoCGcR7ZSHaRkTct7b6t3aID8uuzY_ryjKoam1cVhpGpvEzuBhiaO9PSVZ8l4V-ynnJIb_kKObY706-7kSLrXn9-wGMFQb3Gg9-4ArSbCMuPDXQuwLpsE8Sk8KX_OSh9ofC9I50P6ZUqJH5pdeg6Rus5ETpGFz0YkgUEzLhVWUrrlcxYvBm-ayqYIneqcvTt1I60QXlVx7Y6ads4AHLBCuaFalIodSjtDBTm6OvE_H4-gtzaDiUIk44s_BeOPYTCybBIwwAcieRkpQ0Q",
    "token_expiry": "2026-05-17T19:45:30Z"
  },
  "sentinels": {
    "config_sentinel": "/home/jupyter/.config/gcloud/config_sentinel"
  }
}
2026-05-17 19:02:30,488 INFO     ___FILE_ONLY___ 

2026-05-17 19:02:30,495 DEBUG    root            SDK update checks are disabled.
