2026-05-17 19:23:25,427 DEBUG    root            Loaded Command Group: ['gcloud', 'config']
2026-05-17 19:23:25,444 DEBUG    root            Loaded Command Group: ['gcloud', 'config', 'config_helper']
2026-05-17 19:23:25,446 DEBUG    root            Running [gcloud.config.config-helper] with arguments: [--format: "json", --min-expiry: "1800"]
2026-05-17 19:23:25,446 DEBUG    root            On GCE from disk cache: True
2026-05-17 19:23:25,455 DEBUG    root            On GCE from memory cache: True
2026-05-17 19:23:25,465 DEBUG    root            On GCE from memory cache: True
2026-05-17 19:23:25,478 DEBUG    google.auth.transport.requests Making request: GET http://metadata.google.internal/computeMetadata/v1/instance/service-accounts/511076842936-compute@developer.gserviceaccount.com/?recursive=true
2026-05-17 19:23:25,480 DEBUG    urllib3.connectionpool Starting new HTTP connection (1): metadata.google.internal:80
2026-05-17 19:23:25,481 DEBUG    urllib3.connectionpool http://metadata.google.internal:80 "GET /computeMetadata/v1/instance/service-accounts/511076842936-compute@developer.gserviceaccount.com/?recursive=true HTTP/1.1" 200 155
2026-05-17 19:23:25,482 DEBUG    google.auth.transport.requests Making request: GET http://metadata.google.internal/computeMetadata/v1/instance/service-accounts/511076842936-compute@developer.gserviceaccount.com/token
2026-05-17 19:23:25,483 DEBUG    urllib3.connectionpool http://metadata.google.internal:80 "GET /computeMetadata/v1/instance/service-accounts/511076842936-compute@developer.gserviceaccount.com/token HTTP/1.1" 200 872
2026-05-17 19:23:25,507 DEBUG    root            Chosen display Format:default json
2026-05-17 19:23:25,507 INFO     root            Display format: "default json"
2026-05-17 19:23:25,542 INFO     ___FILE_ONLY___ {
  "configuration": {
    "active_configuration": "default",
    "properties": {
      "compute": {
        "region": "us-central1"
      },
      "core": {
        "account": "511076842936-compute@developer.gserviceaccount.com",
        "disable_usage_reporting": "True",
        "project": "project-a5d39078-68b8-4a9c-a89",
        "universe_domain": "googleapis.com"
      },
      "dataproc": {
        "region": "us-central1"
      }
    }
  },
  "credential": {
    "access_token": "ya29.c.c0AZ4bNpbAkr2aVmwZVulMFmgCGGqH0Ek7e9hSZ9PLwzi4ANybvkGff1exxdZy3rIWb7MTgsQ4wXTHHF8AInX-CzbxUKtwvtueZ_7zot5IeDcyGdeT7IUqA1sPSgADHOyG8xn8XF2a5vBdRDXNqimpyoZyi0oyOPKSKozAuKFpWq5zK9dq2Ir1OvAw71PCXE35hqLGSdc3kEcCNU9TW9ij4NIphcV9tJu8FGPPkZc1TlsKnz0NXGivURp-SBk2gankZm72WDRp0rjuJlvYFdhdLIoYbB3NP5YC1YeJLduDmExIkVqS9loRqjMIdAuv-crGkEIlFxvXs9Z3UMOYfKIl2M-ojcanMAvbVRdTpFjvi-HPstz9JOevEMus_thPfn-_nrpRIqqE0_iTNsTfCtX72QL415Aa27may5eJwYiaffxuOe9lkRsVn_MW5ZjY0jBl-rmjwfROJR_BBFqi5BmhZi6l7i9Q_2pcuWFVXiaOQkhaF2n0gMo_xbgxM6eWO943vkkFn5-U-e8UR3aWtUzevd7wBfbodOoM5VejJt761spie_fp2Wx6z1fMrahsgvkxk5zqZi-F6OjygR4JlJgqSg5MoBZWx3eg47dx8bSI7mQMjr2zFWFfdwzRXRYy1wV_WhcemX4hg_hnq8Ux7c1mMcO6v7SyIaqxpinjYFyIsnBiiji2Zi_J7rjj9ujVztMufnJW1Z9IBJFXbv8e2F2_aO11YzYVcb6i7qh22qVJum-899hI4y03oOzZZ915fpyqhm322XdixrBx0-r2udnY6YuZziU_nmi54ol03_v4Siupc6xRBd7dt56Ul93oy_0F_qx4Yx_lVyo5oOuvvdjS9cYF4dJ-s70QrWVgts5x4FeQtFrUj4bpqVhXrrmlUOXanpBMQxSgWkzoxtloRUmM7itdafvimYU38vU89SBy-2_j5IYQ7smBwkxmtO4p3XUmIWRZR0_aXRB50XhhXk73396h3hqJ2giIZ7isO3wSaOxZbmOgYuR7wIn",
    "id_token": "eyJhbGciOiJSUzI1NiIsImtpZCI6ImY4ZTY2MjBkMzk3MTFhYTIxY2U4YTJiZjJmM2VlMDFiOTI0Y2IyZDAiLCJ0eXAiOiJKV1QifQ.eyJhdWQiOiIzMjU1NTk0MDU1OS5hcHBzLmdvb2dsZXVzZXJjb250ZW50LmNvbSIsImF6cCI6IjEwOTM2NDkyNzM1Mjg0NzY2NDA0OSIsImV4cCI6MTc3OTA0OTQwNSwiaWF0IjoxNzc5MDQ1ODA1LCJpc3MiOiJodHRwczovL2FjY291bnRzLmdvb2dsZS5jb20iLCJzdWIiOiIxMDkzNjQ5MjczNTI4NDc2NjQwNDkifQ.JuN0GEyDzqKVkrKvZUeP4fIyQ5XO4KaowoUdSS3_D400tI0kzt6tYj2U5FO2XbusbD8bxPNvwOUriMTF6rks6iRntQhDwV7HyFPCD0d9gxDcFtvg28Z-DnpIGi_3dUDiVDaRqeEudwf0ftWm98eGxk3dXY-pI8tj4capDyfv_U22WzLPRhefqgSGkz1ngmjNGLNkr63sI_A7tbYAMxGQct_myxVp7tWHLM5ff7zd3sAFCCe6TICFcfCx6WjNKCh-Mm12uCArKN1hGeO8UTktoxeKBS4BQifVlKpU1UUZbj9ejljGBSWrVcEeYj12f0IVvLUQVmPTaB1AsyYIVY6kVA",
    "token_expiry": "2026-05-17T19:45:30Z"
  },
  "sentinels": {
    "config_sentinel": "/home/jupyter/.config/gcloud/config_sentinel"
  }
}
2026-05-17 19:23:25,542 INFO     ___FILE_ONLY___ 

2026-05-17 19:23:25,548 DEBUG    root            SDK update checks are disabled.
