2026-05-17 20:01:20,326 DEBUG    root            Loaded Command Group: ['gcloud', 'config']
2026-05-17 20:01:20,344 DEBUG    root            Loaded Command Group: ['gcloud', 'config', 'config_helper']
2026-05-17 20:01:20,345 DEBUG    root            Running [gcloud.config.config-helper] with arguments: [--format: "json", --min-expiry: "1800"]
2026-05-17 20:01:20,349 DEBUG    root            On GCE from server: True
2026-05-17 20:01:20,356 DEBUG    root            On GCE from memory cache: True
2026-05-17 20:01:20,365 DEBUG    root            On GCE from memory cache: True
2026-05-17 20:01:20,379 DEBUG    google.auth.transport.requests Making request: GET http://metadata.google.internal/computeMetadata/v1/instance/service-accounts/511076842936-compute@developer.gserviceaccount.com/?recursive=true
2026-05-17 20:01:20,381 DEBUG    urllib3.connectionpool Starting new HTTP connection (1): metadata.google.internal:80
2026-05-17 20:01:20,382 DEBUG    urllib3.connectionpool http://metadata.google.internal:80 "GET /computeMetadata/v1/instance/service-accounts/511076842936-compute@developer.gserviceaccount.com/?recursive=true HTTP/1.1" 200 155
2026-05-17 20:01:20,383 DEBUG    google.auth.transport.requests Making request: GET http://metadata.google.internal/computeMetadata/v1/instance/service-accounts/511076842936-compute@developer.gserviceaccount.com/token
2026-05-17 20:01:20,384 DEBUG    urllib3.connectionpool http://metadata.google.internal:80 "GET /computeMetadata/v1/instance/service-accounts/511076842936-compute@developer.gserviceaccount.com/token HTTP/1.1" 200 870
2026-05-17 20:01:20,413 DEBUG    root            Chosen display Format:default json
2026-05-17 20:01:20,413 INFO     root            Display format: "default json"
2026-05-17 20:01:20,450 INFO     ___FILE_ONLY___ {
  "configuration": {
    "active_configuration": "default",
    "properties": {
      "compute": {
        "region": "us-central1"
      },
      "core": {
        "account": "511076842936-compute@developer.gserviceaccount.com",
        "disable_usage_reporting": "True",
        "project": "project-a5d39078-68b8-4a9c-a89",
        "universe_domain": "googleapis.com"
      },
      "dataproc": {
        "region": "us-central1"
      }
    }
  },
  "credential": {
    "access_token": "ya29.c.c0AZ4bNpaEjf288fXO20GuyLXEUZ0IIkRkPEZoB7Rk_cQjbAcWXYwTA0ri5KLQZCn9aEhp9okpeapy9-FomnTRj8fUL0z7nYlvfmH0X5aNaChIE4spvkt1DgNTHSG_3xOTFM4f3yhElEgAi8cFPVIrj4AHzbTs9ATJ6QPi-2BidKgJhYMjZVxba0KIQHvYQXzb8g4Tk9Qtg1gJ90aozWPSvSj8MfUinqV3J2o3Xgp0OyLoLkh_h84xUxa1XbhpE-aElX2VrJ1GKQ60_nWqttWNxUkBeIXuTW_XGYnf7DRcV7r_6ntCDb4vE366ocnGfcr5EAanafjP5MM3yLekZ3fLzsANNnX-1AJftPNisPBdzDyw-xA0mk71a1KgpRZlXwxBXQr6woQcq151FmIq78mGN413PvWc0zs4X9nhSqRictYysBaMyFhm-tl1rkJc6h-JVXq7kgXv-d0234I10M7ut6XQ2hV_RjnnkVo48ewfzruXQRXue2owfndg4r63vx34j-7amhYx3_WjrWsd9UuvXaRj_w0eeYsYajznd_rVj4dSvr547lBYirjOemeBXldSXjvwcUrXS5offlfWMnFkMaSbt7fqvZ-v5O52Rei9BkwuR0ckFxZVtx1BoXpmv6tOtsQd-rYQs4uQnlhuZ7R6ntUp3hUIf1bZtrsOXBrS_p8alJXQ2tuR0ZXkgyqiZ6-r0iZ3za-l_r0qXVxelslr2iOBUvOVMujyZZziZpMkrdzah66qtjawumao51tz5xQYXxd_SkkhqJShgwzw6VQn7dxixcJwbdd7atYtktFi-Zv3OQkzniI-vhO6Q_uS5RhgJpp5kfv_vk79Q832MZ1uFyj9SoQxhQ2_hvUSbztuJsV9Spyj2XUmnzXqf-WWUuf2YsUvM05abXs8xkimMohfhSxjtJdyt4lc17wOS-qIoX_eZeFJ9hya3InfZURrbgsVmaaxlhMjoZnFWXOg5Fvbdrz_t_j09xU3Xd5oXttr5i07s5R5p5WoQjp",
    "id_token": "eyJhbGciOiJSUzI1NiIsImtpZCI6ImY4ZTY2MjBkMzk3MTFhYTIxY2U4YTJiZjJmM2VlMDFiOTI0Y2IyZDAiLCJ0eXAiOiJKV1QifQ.eyJhdWQiOiIzMjU1NTk0MDU1OS5hcHBzLmdvb2dsZXVzZXJjb250ZW50LmNvbSIsImF6cCI6IjEwOTM2NDkyNzM1Mjg0NzY2NDA0OSIsImV4cCI6MTc3OTA1MTY4MCwiaWF0IjoxNzc5MDQ4MDgwLCJpc3MiOiJodHRwczovL2FjY291bnRzLmdvb2dsZS5jb20iLCJzdWIiOiIxMDkzNjQ5MjczNTI4NDc2NjQwNDkifQ.ASA4RGzKHYe71IIKvlJDBK77CCFxKFQI5Ks1k149yBGX5z03ZU7_n71YTpLrWmqYW7vhKx-S7uqu6zoWohBfPagDvaXZjRs8XjNNDbWdX4C-DznSA_N1XbYd-dx_rm9tPT-a79PfKV1Z7c1bvJ5IAOO0pKbTxMlq7a4Owy75LY-SFSho4WidImgEnCd1nMnHhF02bY63un3JlLy9jRmkV747YW1QbM46YGUpCG-LG-FqdhirfWbRKHWpFw4oonqu6xfGk0GuKsZ-2lq6rRhdS3bs6H0hG09y-gT_NxNCBR8A2cbepQBRvDHqV3-WDfN_MiwdNjCzIose1YIfIBFH6g",
    "token_expiry": "2026-05-17T20:40:40Z"
  },
  "sentinels": {
    "config_sentinel": "/home/jupyter/.config/gcloud/config_sentinel"
  }
}
2026-05-17 20:01:20,451 INFO     ___FILE_ONLY___ 

2026-05-17 20:01:20,458 DEBUG    root            SDK update checks are disabled.
