2026-05-17 20:21:33,989 DEBUG    root            Loaded Command Group: ['gcloud', 'config']
2026-05-17 20:21:34,006 DEBUG    root            Loaded Command Group: ['gcloud', 'config', 'config_helper']
2026-05-17 20:21:34,008 DEBUG    root            Running [gcloud.config.config-helper] with arguments: [--format: "json", --min-expiry: "1800"]
2026-05-17 20:21:34,011 DEBUG    root            On GCE from server: True
2026-05-17 20:21:34,020 DEBUG    root            On GCE from memory cache: True
2026-05-17 20:21:34,028 DEBUG    root            On GCE from memory cache: True
2026-05-17 20:21:34,040 DEBUG    google.auth.transport.requests Making request: GET http://metadata.google.internal/computeMetadata/v1/instance/service-accounts/511076842936-compute@developer.gserviceaccount.com/?recursive=true
2026-05-17 20:21:34,042 DEBUG    urllib3.connectionpool Starting new HTTP connection (1): metadata.google.internal:80
2026-05-17 20:21:34,043 DEBUG    urllib3.connectionpool http://metadata.google.internal:80 "GET /computeMetadata/v1/instance/service-accounts/511076842936-compute@developer.gserviceaccount.com/?recursive=true HTTP/1.1" 200 155
2026-05-17 20:21:34,044 DEBUG    google.auth.transport.requests Making request: GET http://metadata.google.internal/computeMetadata/v1/instance/service-accounts/511076842936-compute@developer.gserviceaccount.com/token
2026-05-17 20:21:34,046 DEBUG    urllib3.connectionpool http://metadata.google.internal:80 "GET /computeMetadata/v1/instance/service-accounts/511076842936-compute@developer.gserviceaccount.com/token HTTP/1.1" 200 870
2026-05-17 20:21:34,066 DEBUG    root            Chosen display Format:default json
2026-05-17 20:21:34,067 INFO     root            Display format: "default json"
2026-05-17 20:21:34,100 INFO     ___FILE_ONLY___ {
  "configuration": {
    "active_configuration": "default",
    "properties": {
      "compute": {
        "region": "us-central1"
      },
      "core": {
        "account": "511076842936-compute@developer.gserviceaccount.com",
        "disable_usage_reporting": "True",
        "project": "project-a5d39078-68b8-4a9c-a89",
        "universe_domain": "googleapis.com"
      },
      "dataproc": {
        "region": "us-central1"
      }
    }
  },
  "credential": {
    "access_token": "ya29.c.c0AZ4bNpaEjf288fXO20GuyLXEUZ0IIkRkPEZoB7Rk_cQjbAcWXYwTA0ri5KLQZCn9aEhp9okpeapy9-FomnTRj8fUL0z7nYlvfmH0X5aNaChIE4spvkt1DgNTHSG_3xOTFM4f3yhElEgAi8cFPVIrj4AHzbTs9ATJ6QPi-2BidKgJhYMjZVxba0KIQHvYQXzb8g4Tk9Qtg1gJ90aozWPSvSj8MfUinqV3J2o3Xgp0OyLoLkh_h84xUxa1XbhpE-aElX2VrJ1GKQ60_nWqttWNxUkBeIXuTW_XGYnf7DRcV7r_6ntCDb4vE366ocnGfcr5EAanafjP5MM3yLekZ3fLzsANNnX-1AJftPNisPBdzDyw-xA0mk71a1KgpRZlXwxBXQr6woQcq151FmIq78mGN413PvWc0zs4X9nhSqRictYysBaMyFhm-tl1rkJc6h-JVXq7kgXv-d0234I10M7ut6XQ2hV_RjnnkVo48ewfzruXQRXue2owfndg4r63vx34j-7amhYx3_WjrWsd9UuvXaRj_w0eeYsYajznd_rVj4dSvr547lBYirjOemeBXldSXjvwcUrXS5offlfWMnFkMaSbt7fqvZ-v5O52Rei9BkwuR0ckFxZVtx1BoXpmv6tOtsQd-rYQs4uQnlhuZ7R6ntUp3hUIf1bZtrsOXBrS_p8alJXQ2tuR0ZXkgyqiZ6-r0iZ3za-l_r0qXVxelslr2iOBUvOVMujyZZziZpMkrdzah66qtjawumao51tz5xQYXxd_SkkhqJShgwzw6VQn7dxixcJwbdd7atYtktFi-Zv3OQkzniI-vhO6Q_uS5RhgJpp5kfv_vk79Q832MZ1uFyj9SoQxhQ2_hvUSbztuJsV9Spyj2XUmnzXqf-WWUuf2YsUvM05abXs8xkimMohfhSxjtJdyt4lc17wOS-qIoX_eZeFJ9hya3InfZURrbgsVmaaxlhMjoZnFWXOg5Fvbdrz_t_j09xU3Xd5oXttr5i07s5R5p5WoQjp",
    "id_token": "eyJhbGciOiJSUzI1NiIsImtpZCI6ImY4ZTY2MjBkMzk3MTFhYTIxY2U4YTJiZjJmM2VlMDFiOTI0Y2IyZDAiLCJ0eXAiOiJKV1QifQ.eyJhdWQiOiIzMjU1NTk0MDU1OS5hcHBzLmdvb2dsZXVzZXJjb250ZW50LmNvbSIsImF6cCI6IjEwOTM2NDkyNzM1Mjg0NzY2NDA0OSIsImV4cCI6MTc3OTA1Mjg5NCwiaWF0IjoxNzc5MDQ5Mjk0LCJpc3MiOiJodHRwczovL2FjY291bnRzLmdvb2dsZS5jb20iLCJzdWIiOiIxMDkzNjQ5MjczNTI4NDc2NjQwNDkifQ.IpJfSXbESb0CXpFtN4i4BD5eXepPEpIdCjXzk1zIDai1FiI94XL_o4U7FF-gV6VoUs7CAQZab3EaWEwH-1rYjQwhiU5hKdllhbeLYHXGSr2Q6z1Yk2xMhdUk-l4Ff6m5lfIpqmpdPgna6Cl283erISvbajsfGfFZgDntV3RsH__2bALp_3S_k0mmExIHBXAZ9S2ndJZ1b5Gf5NobycjT8wNyZQlDrCBTuyZk5YuI9sO2NfScUceDhOOlHcfL1g4DVLXeiUTzVYF4pGwP8UaFwcoZuJa0niQ07k6xCKl9cN0YcObX_OO0kmgR3Y0fRKMGmWQA4o2UFl4ZBtWar-8cLQ",
    "token_expiry": "2026-05-17T20:40:40Z"
  },
  "sentinels": {
    "config_sentinel": "/home/jupyter/.config/gcloud/config_sentinel"
  }
}
2026-05-17 20:21:34,100 INFO     ___FILE_ONLY___ 

2026-05-17 20:21:34,107 DEBUG    root            SDK update checks are disabled.
