2026-05-17 21:04:43,748 DEBUG    root            Loaded Command Group: ['gcloud', 'config']
2026-05-17 21:04:43,765 DEBUG    root            Loaded Command Group: ['gcloud', 'config', 'config_helper']
2026-05-17 21:04:43,767 DEBUG    root            Running [gcloud.config.config-helper] with arguments: [--format: "json", --min-expiry: "1800"]
2026-05-17 21:04:43,767 DEBUG    root            On GCE from disk cache: True
2026-05-17 21:04:43,782 DEBUG    root            Chosen display Format:default json
2026-05-17 21:04:43,782 INFO     root            Display format: "default json"
2026-05-17 21:04:43,819 INFO     ___FILE_ONLY___ {
  "configuration": {
    "active_configuration": "default",
    "properties": {
      "compute": {
        "region": "us-central1"
      },
      "core": {
        "account": "511076842936-compute@developer.gserviceaccount.com",
        "disable_usage_reporting": "True",
        "project": "project-a5d39078-68b8-4a9c-a89",
        "universe_domain": "googleapis.com"
      },
      "dataproc": {
        "region": "us-central1"
      }
    }
  },
  "credential": {
    "access_token": "ya29.c.c0AZ4bNpYLB9xougZRlXZqEBos7xwO0Cp9OcN3qpfRaeMI2K_2SFdbv_KfBZKHwrynx_Dajo-wIcjW2kXWDL2n2NWx3Zj4SSHhA7xc9KfxNV818770WOidktDOsMcidXyPOszqEMiRZJ0IPmflNKKs_U5avd724Z6ABNHvKU1EBlqX5Yg2gbNWujj5yQLkqIS1x0CJNu3KK7VKLxrrDP26bNG5dNLXVeEXCSwQyb_dv8HH-hjNSaMKr9Esx4vfa8lPMVsMQE_3jTwbaOs-qLwzXO___YGFfTuBnV3W0bdRdev6tjmCXxDh5n5eZG-B21IeT3DJ8BxA77lFOuIr0hC2xn-bCrSK5z6P_mQmSca4LWzzN7RZJu83s-ELdfFx_4-F4sTo-WVYaiF2uYQwieR4CgE415DpsRJpBVV176wQ5j-lhx35FbBdg-ISd8BxWh6ru2VtesIneguyM73n3d9YRa8_rgflpYWW33bhOn-cyvUm8SI30w2Y6fpMfB6RwVtv-ZgSOVF5dzoxoxIVcq_yqYb_tfoucdsWU_IbWre-fkVxnrR6uWyOuu-2u_wMhvmcdoQ8Q8Z_9aeBkJFamFUpj8op5pZRtgxJcmk5pbtVanQyOgFUx7xmtVeR70IRFmwbthSidRcSfm8ZZnejXpaSUs7-9Y_jfoWdfjY6VouR7UcvMlVrjimv-thMda5JBotaOkU4k6l6Y4ydXuXfclaRmoy5o9reQ4Yh--5zBlvQMO6hmJJgeyf-BhhzffbWqc3__np2lIOa7BVSVivxVUgZI1Y4h80ywxwma1jB_QOnSk0_6Im3kaftYmu5tQ4kSts7s_Fi04cMgWZ8V16oulrilJptYZRi66F8kvs0aXe-Y--FMuxW3qdQdhdicXvrfWaopV0598O0n9-F58if4m7-eweYxRZ3Uy578q7t7kdcW0MiYudVxUV3dswWmuQIQq1eW1xvZRoQVwpJhZhd6ZbSgtIVmz7ltVmFW2bb_998UBh402qQOwz43Xi",
    "id_token": "eyJhbGciOiJSUzI1NiIsImtpZCI6ImY4ZTY2MjBkMzk3MTFhYTIxY2U4YTJiZjJmM2VlMDFiOTI0Y2IyZDAiLCJ0eXAiOiJKV1QifQ.eyJhdWQiOiIzMjU1NTk0MDU1OS5hcHBzLmdvb2dsZXVzZXJjb250ZW50LmNvbSIsImF6cCI6IjEwOTM2NDkyNzM1Mjg0NzY2NDA0OSIsImV4cCI6MTc3OTA1Mzk3OCwiaWF0IjoxNzc5MDUwMzc4LCJpc3MiOiJodHRwczovL2FjY291bnRzLmdvb2dsZS5jb20iLCJzdWIiOiIxMDkzNjQ5MjczNTI4NDc2NjQwNDkifQ.JBdizfBlwzF3uAhtiDNNgFycpAk7OEv8Fu7if48L_6e9kTYl0hlzq6r1gQk8_4HRS_Hkn6n7FDxhca0cTkYNaxl2gxd4zvoD3OYZPiUp4o17DrJa0_WXDs42uHU1ZRo8mcwzL3LcfRQZBZxzg07nTrGmXCDlXM6cA4Effocw8XpGZru7E2Y7Gjm_vmzc-RxBMlw6RM4WYc7PmB79UD49uQjcOhubSIorVsN5bkLhHVRWCZ7Mjpsz__iuqnnxsoGzivSMNghhFpummwybVCiTq-nm39zaDvWT8a0_Vzy8ZNAIWcCQSJBdf92GY2WKGbLI1tXWhyx_XRGOCdBVzlR0dQ",
    "token_expiry": "2026-05-17T21:35:48Z"
  },
  "sentinels": {
    "config_sentinel": "/home/jupyter/.config/gcloud/config_sentinel"
  }
}
2026-05-17 21:04:43,819 INFO     ___FILE_ONLY___ 

2026-05-17 21:04:43,826 DEBUG    root            SDK update checks are disabled.
