2026-05-17 22:46:50,657 DEBUG    root            Loaded Command Group: ['gcloud', 'config']
2026-05-17 22:46:50,674 DEBUG    root            Loaded Command Group: ['gcloud', 'config', 'config_helper']
2026-05-17 22:46:50,676 DEBUG    root            Running [gcloud.config.config-helper] with arguments: [--format: "json", --min-expiry: "1800"]
2026-05-17 22:46:50,679 DEBUG    root            On GCE from server: True
2026-05-17 22:46:50,695 DEBUG    root            Chosen display Format:default json
2026-05-17 22:46:50,695 INFO     root            Display format: "default json"
2026-05-17 22:46:50,733 INFO     ___FILE_ONLY___ {
  "configuration": {
    "active_configuration": "default",
    "properties": {
      "compute": {
        "region": "us-central1"
      },
      "core": {
        "account": "511076842936-compute@developer.gserviceaccount.com",
        "disable_usage_reporting": "True",
        "project": "project-a5d39078-68b8-4a9c-a89",
        "universe_domain": "googleapis.com"
      },
      "dataproc": {
        "region": "us-central1"
      }
    }
  },
  "credential": {
    "access_token": "ya29.c.c0AZ4bNpYkcTan9dQNLwXUSf084GP5n2gUbLiBHWvK8ed-0DPFlYPDowZH2LZyW75qXebNJCdGXTGo6csp8PX74-CKQ1kClmgJlgYdvDRHCiVTe1hwTzHktcqR5rnP56RiCZFJfVn9ioDPuWkft-UTjs2aZidKiuzbGl6lUqyO1yo63eOY7qW30Sb__WQ4RH6GXtySdRoD4wopDhj2cv3mzlxgPFt2B0eE0FohkyAruy66qj4lS7WvsOnWJTsfLgrZDij4-88bAQr0Wajx3cWXqvnNntPX54Bx1P43HqgcVvcB8Duw4jR_h2aXScPwvUZkNgdQEuxsi4Emx6n94ND0QVBtMUk6jA27YWHPyo_bX3VwCC1WDuNcHqtL36iJX2rD7xsk69FhbwDYv-rJbGf51ZoH416K0prlmRdn9ZV8gJkmxOw0606wyJyoVb7v5W5SnFBw8mBsfySigZWuyQXwitbsZSVZFtjfQgV9qz-hwbb0YJdxqZci4yWYgFf8BB-zoimjOIi2ctrbnYVljjn1otcR_-Sual5-wYoOfcR1dvY-tb-ZcOm4_I02RYO_hM_BZ_uQuSQJecu32Raj9oeblhOQIBiOIZ87cUmpW_4jzsbafnx55jvR60qmzFIJUznM-l-Wab5RbuQ4tbr0nSXmSQrIgWY5M___o7nevkB1XsBv8U0qtpwxuhy8883BimJd10489WwYXIyQ14otJ6iX3QS83W8-BZR7rq8U_6w3gZsBzz1Ue0k20QRda7Y5Ry2uIceIkqoobzmorzZoUQkRJ4B0qdirerR5ZnroZwf71Y6BXFlvhYpc7j03ybMSBc8UFi-k8kRSqQ07lgr0B9Vvp0sMojtw3Rrfjk6dltxIuXZIhqX-2v29jdW3i3x7JJt7BIoYgbRXSXRd6er-3-q_8YpfnvJRFUIzWrzasVXBMfOa03bOB4qBbWeWSauU9FwFWWO6qOhj1UsOZJI7rSZkZzjYax3XkzXR-iiupzxupS8jd-1dl55z1ki",
    "id_token": "eyJhbGciOiJSUzI1NiIsImtpZCI6ImY4ZTY2MjBkMzk3MTFhYTIxY2U4YTJiZjJmM2VlMDFiOTI0Y2IyZDAiLCJ0eXAiOiJKV1QifQ.eyJhdWQiOiIzMjU1NTk0MDU1OS5hcHBzLmdvb2dsZXVzZXJjb250ZW50LmNvbSIsImF6cCI6IjEwOTM2NDkyNzM1Mjg0NzY2NDA0OSIsImV4cCI6MTc3OTA2MDQwNSwiaWF0IjoxNzc5MDU2ODA1LCJpc3MiOiJodHRwczovL2FjY291bnRzLmdvb2dsZS5jb20iLCJzdWIiOiIxMDkzNjQ5MjczNTI4NDc2NjQwNDkifQ.RwG2-Tfbc6y3RDd09O5hkq9wp_9Tk34fQtdLRbqWhcE6bv6Ssq_0pg5mNVRRJYc1j7p7f2BFNpKl4ExG7yIbE7g76erjmK7K6nJDDa5EmNzXd3tppRoAnb7C5M479lGCfHmqtNIvQwTgZFriQKvfHiuwEPl9QMuu-WXhgRNzbCP1UDKIzzfZZbQM_MIKEnV5SBnmpKiyhTlS7l08aLp2iC7dhbEuKIKioaup8_F2OlcKVdzdAk3frEk0q3E-ejviu7aHgE1PB2bx14cXjKdm1JA77-Aoan8Skc2SKG8tZrSPlTo5YczBvvTRXFs3AeDkEX75otkTPBSMfxWLQ4hDhg",
    "token_expiry": "2026-05-17T23:26:06Z"
  },
  "sentinels": {
    "config_sentinel": "/home/jupyter/.config/gcloud/config_sentinel"
  }
}
2026-05-17 22:46:50,733 INFO     ___FILE_ONLY___ 

2026-05-17 22:46:50,739 DEBUG    root            SDK update checks are disabled.
