2026-05-17 23:06:55,978 DEBUG    root            Loaded Command Group: ['gcloud', 'config']
2026-05-17 23:06:55,995 DEBUG    root            Loaded Command Group: ['gcloud', 'config', 'config_helper']
2026-05-17 23:06:55,997 DEBUG    root            Running [gcloud.config.config-helper] with arguments: [--format: "json", --min-expiry: "1800"]
2026-05-17 23:06:56,000 DEBUG    root            On GCE from server: True
2026-05-17 23:06:56,008 DEBUG    root            On GCE from memory cache: True
2026-05-17 23:06:56,019 DEBUG    root            On GCE from memory cache: True
2026-05-17 23:06:56,030 DEBUG    google.auth.transport.requests Making request: GET http://metadata.google.internal/computeMetadata/v1/instance/service-accounts/511076842936-compute@developer.gserviceaccount.com/?recursive=true
2026-05-17 23:06:56,032 DEBUG    urllib3.connectionpool Starting new HTTP connection (1): metadata.google.internal:80
2026-05-17 23:06:56,034 DEBUG    urllib3.connectionpool http://metadata.google.internal:80 "GET /computeMetadata/v1/instance/service-accounts/511076842936-compute@developer.gserviceaccount.com/?recursive=true HTTP/1.1" 200 155
2026-05-17 23:06:56,034 DEBUG    google.auth.transport.requests Making request: GET http://metadata.google.internal/computeMetadata/v1/instance/service-accounts/511076842936-compute@developer.gserviceaccount.com/token
2026-05-17 23:06:56,036 DEBUG    urllib3.connectionpool http://metadata.google.internal:80 "GET /computeMetadata/v1/instance/service-accounts/511076842936-compute@developer.gserviceaccount.com/token HTTP/1.1" 200 869
2026-05-17 23:06:56,070 DEBUG    root            Chosen display Format:default json
2026-05-17 23:06:56,071 INFO     root            Display format: "default json"
2026-05-17 23:06:56,107 INFO     ___FILE_ONLY___ {
  "configuration": {
    "active_configuration": "default",
    "properties": {
      "compute": {
        "region": "us-central1"
      },
      "core": {
        "account": "511076842936-compute@developer.gserviceaccount.com",
        "disable_usage_reporting": "True",
        "project": "project-a5d39078-68b8-4a9c-a89",
        "universe_domain": "googleapis.com"
      },
      "dataproc": {
        "region": "us-central1"
      }
    }
  },
  "credential": {
    "access_token": "ya29.c.c0AZ4bNpYkcTan9dQNLwXUSf084GP5n2gUbLiBHWvK8ed-0DPFlYPDowZH2LZyW75qXebNJCdGXTGo6csp8PX74-CKQ1kClmgJlgYdvDRHCiVTe1hwTzHktcqR5rnP56RiCZFJfVn9ioDPuWkft-UTjs2aZidKiuzbGl6lUqyO1yo63eOY7qW30Sb__WQ4RH6GXtySdRoD4wopDhj2cv3mzlxgPFt2B0eE0FohkyAruy66qj4lS7WvsOnWJTsfLgrZDij4-88bAQr0Wajx3cWXqvnNntPX54Bx1P43HqgcVvcB8Duw4jR_h2aXScPwvUZkNgdQEuxsi4Emx6n94ND0QVBtMUk6jA27YWHPyo_bX3VwCC1WDuNcHqtL36iJX2rD7xsk69FhbwDYv-rJbGf51ZoH416K0prlmRdn9ZV8gJkmxOw0606wyJyoVb7v5W5SnFBw8mBsfySigZWuyQXwitbsZSVZFtjfQgV9qz-hwbb0YJdxqZci4yWYgFf8BB-zoimjOIi2ctrbnYVljjn1otcR_-Sual5-wYoOfcR1dvY-tb-ZcOm4_I02RYO_hM_BZ_uQuSQJecu32Raj9oeblhOQIBiOIZ87cUmpW_4jzsbafnx55jvR60qmzFIJUznM-l-Wab5RbuQ4tbr0nSXmSQrIgWY5M___o7nevkB1XsBv8U0qtpwxuhy8883BimJd10489WwYXIyQ14otJ6iX3QS83W8-BZR7rq8U_6w3gZsBzz1Ue0k20QRda7Y5Ry2uIceIkqoobzmorzZoUQkRJ4B0qdirerR5ZnroZwf71Y6BXFlvhYpc7j03ybMSBc8UFi-k8kRSqQ07lgr0B9Vvp0sMojtw3Rrfjk6dltxIuXZIhqX-2v29jdW3i3x7JJt7BIoYgbRXSXRd6er-3-q_8YpfnvJRFUIzWrzasVXBMfOa03bOB4qBbWeWSauU9FwFWWO6qOhj1UsOZJI7rSZkZzjYax3XkzXR-iiupzxupS8jd-1dl55z1ki",
    "id_token": "eyJhbGciOiJSUzI1NiIsImtpZCI6ImY4ZTY2MjBkMzk3MTFhYTIxY2U4YTJiZjJmM2VlMDFiOTI0Y2IyZDAiLCJ0eXAiOiJKV1QifQ.eyJhdWQiOiIzMjU1NTk0MDU1OS5hcHBzLmdvb2dsZXVzZXJjb250ZW50LmNvbSIsImF6cCI6IjEwOTM2NDkyNzM1Mjg0NzY2NDA0OSIsImV4cCI6MTc3OTA2MjgxNiwiaWF0IjoxNzc5MDU5MjE2LCJpc3MiOiJodHRwczovL2FjY291bnRzLmdvb2dsZS5jb20iLCJzdWIiOiIxMDkzNjQ5MjczNTI4NDc2NjQwNDkifQ.jIvhnS0ZtdZSNqhOoZgE4kM8jgfe4K8b1UHna1u5rdk5pjKISM2Gj-TiZ4FdqMh27A6_DMbZLy4oo0DncSmmmZYYG5kETrlXqOEUfWBLirBuVz3KvoW_-htsGh4rymSf6c9tq_FElpog4qAC5dXNecQeH_y6KZqQaj5bY7RETyMW52u0q5hmnatD8G-WHt_pXZ4T1NknAuZK6i_KPNMeRCZyWubzocBXgMMO2BbpkL775NfKhG6QJ-vRSsi81_IAdhO3M_Rn7ZiPI9KzaEuLZBekjMJ9QZHBvL9JxhrDloWeD1n4OqMT0hG_g-q-Bp_f9E1ssBMqsLP7sbC35TjUZg",
    "token_expiry": "2026-05-17T23:26:06Z"
  },
  "sentinels": {
    "config_sentinel": "/home/jupyter/.config/gcloud/config_sentinel"
  }
}
2026-05-17 23:06:56,107 INFO     ___FILE_ONLY___ 

2026-05-17 23:06:56,114 DEBUG    root            SDK update checks are disabled.
