2026-05-17 23:47:08,000 DEBUG    root            Loaded Command Group: ['gcloud', 'config']
2026-05-17 23:47:08,017 DEBUG    root            Loaded Command Group: ['gcloud', 'config', 'config_helper']
2026-05-17 23:47:08,019 DEBUG    root            Running [gcloud.config.config-helper] with arguments: [--format: "json", --min-expiry: "1800"]
2026-05-17 23:47:08,023 DEBUG    root            On GCE from server: True
2026-05-17 23:47:08,037 DEBUG    root            Chosen display Format:default json
2026-05-17 23:47:08,037 INFO     root            Display format: "default json"
2026-05-17 23:47:08,072 INFO     ___FILE_ONLY___ {
  "configuration": {
    "active_configuration": "default",
    "properties": {
      "compute": {
        "region": "us-central1"
      },
      "core": {
        "account": "511076842936-compute@developer.gserviceaccount.com",
        "disable_usage_reporting": "True",
        "project": "project-a5d39078-68b8-4a9c-a89",
        "universe_domain": "googleapis.com"
      },
      "dataproc": {
        "region": "us-central1"
      }
    }
  },
  "credential": {
    "access_token": "ya29.c.c0AZ4bNpYSKLWlVZ7kS-vL9WVoZt5Yn8pym_EpQiHQkPGXVojY165BYcd3oXE0j5Y0MVymMqhSvKd6cqSpxaTXVqCpCUfF5kg9qHswAgyZG4LGThD13PDz-DAiZaYSdYpf4ehZ_WbL0-rw197aCB3RZJyheyc7XpOW1Ll7B-AQRTL0DG6KCShK1AbfXHKHMzrAEg0vYZyD_fJAMKL1OLF1QMenlA7I3VMQPMEW4hSwccTqrweaSV9Vo-FSc-LBEmGB2BhCfyumc2KbTYlMs9sTDcT3J4O3iYIoy5zxEMGtdHkpDGrRygUvtc4XwDGAxYI7J0xG5EHbHvU1FqzcSa2EnW0IPHRnjtKL5jyTjMPYwYBNe8VzQzkB_z4aWApitonNfRxFb0B92vtuqKUHHf_SigH415P6unttwjq1dXesX30-7btbxw04BwjpVlySjqpxQX5_zZB3uzrF7nckeYe426hvamua_cBkXw8t5UbsZaQlM9gFr2Wujrmda54bOrI45i38RJpRcZYr0Z8azMB3a0k2ipJr-1xsbkWspYhWV0ruk0JY9Fix4wbWBZ16Ogf14XtwVbnQ48Bzf69n3lSWQwizZiIerMrMnbUeOBBBeXlbJp3M9JM28tgqOuZWW1p1dud8Zj921Vu3fda_ZM57Qk4po8nQclxg66oOmMh3e86xoMorc9nrRYxWhBOcu2_3n7J8bsb_Rwl4hO17tjnZrJvvfflbMtv1lzUrOvci7bXJfRSasn63R-sXBF_qz9vf--cZOaXgJ_Byeu-7y7Zco13bOxQ5iX9Q_ZYM2kmOpwyy2JsVv98xUlUOtYXyR__Wy0fcxt74eZ365r9WyZ62qSf1yVsk-ozxrOVkb94VnjM5lo6XW1J66Rg5gFIkcbSOWydxjyh7RVR5kBVx4JBQix7r7igxuVjzfj18OWI1Sraxlp0prY9S7Ruc3v6uikQnUhxlf1quIekSoU9eWSfFBQVog26Bzq15yZ3_F8qttpUpgU_ox-bvBZt",
    "id_token": "eyJhbGciOiJSUzI1NiIsImtpZCI6ImY4ZTY2MjBkMzk3MTFhYTIxY2U4YTJiZjJmM2VlMDFiOTI0Y2IyZDAiLCJ0eXAiOiJKV1QifQ.eyJhdWQiOiIzMjU1NTk0MDU1OS5hcHBzLmdvb2dsZXVzZXJjb250ZW50LmNvbSIsImF6cCI6IjEwOTM2NDkyNzM1Mjg0NzY2NDA0OSIsImV4cCI6MTc3OTA2MzcyMCwiaWF0IjoxNzc5MDYwMTIwLCJpc3MiOiJodHRwczovL2FjY291bnRzLmdvb2dsZS5jb20iLCJzdWIiOiIxMDkzNjQ5MjczNTI4NDc2NjQwNDkifQ.Ukmwb1-H_A436ZeP6hesrWbHIZN4mkRWAwdmL2soQpo2B4YMDatguVUwNk9wRZvTtOh3o3benRV0o73QGFjfuITe8npfGnYMfqlWPR7P6zUn4CrChcGbLPi77gu1AlhA6rKZATP3J-asOx2kja4_iA0KX76w7J9-TbncbpDSBlBf7hWy3ihk2wJCLgeeFu_tfnIp481mbJglf63rnmJcMuehZlhy2Fw8otedT5Ng7bUZxySlV_e0T9eUly4U0u-8ipznnyF5WbOZIPCpGlmg1EgxJR_E-D3ScyJfOu8BZMAaNJM2uHOfLnp9-ue2rbIeUiu9XzR9-aFLoul-D4LIjw",
    "token_expiry": "2026-05-18T00:20:45Z"
  },
  "sentinels": {
    "config_sentinel": "/home/jupyter/.config/gcloud/config_sentinel"
  }
}
2026-05-17 23:47:08,072 INFO     ___FILE_ONLY___ 

2026-05-17 23:47:08,078 DEBUG    root            SDK update checks are disabled.
