2026-05-13 21:05:15,821 DEBUG    root            Loaded Command Group: ['gcloud', 'config']
2026-05-13 21:05:15,847 DEBUG    root            Loaded Command Group: ['gcloud', 'config', 'config_helper']
2026-05-13 21:05:15,850 DEBUG    root            Running [gcloud.config.config-helper] with arguments: [--format: "json", --min-expiry: "1800"]
2026-05-13 21:05:15,854 DEBUG    root            On GCE from server: True
2026-05-13 21:05:15,867 DEBUG    root            On GCE from memory cache: True
2026-05-13 21:05:15,880 DEBUG    root            On GCE from memory cache: True
2026-05-13 21:05:15,900 DEBUG    google.auth.transport.requests Making request: GET http://metadata.google.internal/computeMetadata/v1/instance/service-accounts/511076842936-compute@developer.gserviceaccount.com/?recursive=true
2026-05-13 21:05:15,902 DEBUG    urllib3.connectionpool Starting new HTTP connection (1): metadata.google.internal:80
2026-05-13 21:05:15,904 DEBUG    urllib3.connectionpool http://metadata.google.internal:80 "GET /computeMetadata/v1/instance/service-accounts/511076842936-compute@developer.gserviceaccount.com/?recursive=true HTTP/1.1" 200 155
2026-05-13 21:05:15,905 DEBUG    google.auth.transport.requests Making request: GET http://metadata.google.internal/computeMetadata/v1/instance/service-accounts/511076842936-compute@developer.gserviceaccount.com/token
2026-05-13 21:05:15,907 DEBUG    urllib3.connectionpool http://metadata.google.internal:80 "GET /computeMetadata/v1/instance/service-accounts/511076842936-compute@developer.gserviceaccount.com/token HTTP/1.1" 200 869
2026-05-13 21:05:15,939 DEBUG    root            Chosen display Format:default json
2026-05-13 21:05:15,939 INFO     root            Display format: "default json"
2026-05-13 21:05:15,990 INFO     ___FILE_ONLY___ {
  "configuration": {
    "active_configuration": "default",
    "properties": {
      "compute": {
        "region": "us-central1"
      },
      "core": {
        "account": "511076842936-compute@developer.gserviceaccount.com",
        "disable_usage_reporting": "True",
        "project": "project-a5d39078-68b8-4a9c-a89",
        "universe_domain": "googleapis.com"
      },
      "dataproc": {
        "region": "us-central1"
      }
    }
  },
  "credential": {
    "access_token": "ya29.c.c0AZ4bNpY9gum86ydYy_o5iZDtvGL9V5yrJfijxeOdgXal_2kSCSjrafX06TG1K1ysOtOGX0VIF3UlJJxsxSlANhfLHZOYTjarUCv8tFf2EHOmbiktMPiCVMeAwX0nzGN77IHFIChotnK8YAurif-9Vl6pCvQysTDTP7GnX5UMjW8xHd3qJ9aKqep3ReFfm_0DWDlvIjoYZ2k5GxmH458dejHTlIxW721nPhvjHTjaEXwwl8xtBXSe5JLzuK8inIueNxZze7z3KkCcOaYPdNY05Go08zAfCwP1gJyArIi2eSHqbNU-mRMz6cyChdac70MvdbYyWMHhLwIODBpHyzTdLWwLWHZJFRSaFASQJ4nJ-0WY4LsE1R9t1fhs8K9tCj2wZWd-N4RgAXU_XXUcd9mhuQH415DU6Ok8F566JbW2wsSlwQhscZSafW0MXV8Mhrfp4Ot92je4W4X_X_0FVajqX-2kom_5J936aSVFeb16zFo6I0OIrJiWtFVvyjomQlhRQ7km004nBnJ1qiQchzcMJxFnF7nIl4uigYB2OZQ_WJoisxeeSWn_6fgMUg2Rd_c-61vJS8Ixj7MoSusvms0Vj22_uYsZB88aM7bkhuykxwc-xxcfj848sszFw86Or00I19kbQxa4spVxXu-ehxavaZ17VOmz5n1xe9R5MemkzOugwcn8VVIk8neJMIfWcsvvmQfZxZOo5buib2nZWQJROM-qujzrjRSRFmUtVW5zrwxw4ovpj8o185ShiB3Z5QstIImvge96_yZf_oYSb0uXVoIu8gzYjtXVe8d3bMavakZlQMJQppku1nfeJblilM_91bs5-Fpm-b_osnFm505pidwM5mu9d6qphjF_3vg1xVVhZs-h17wS0YsQ30cRIkdmulF9VsfqU3IcBcS253swIldZnOcp_j_B7IJ_a0SR2peQMnVFrXQX-qs-a7J4MrRJ-O4r3WUOUgQcBUp4Uitx65Z7lIsdpdWJvV03UukSy_RtbVO-yqSxsXQ",
    "id_token": "eyJhbGciOiJSUzI1NiIsImtpZCI6ImY4ZTY2MjBkMzk3MTFhYTIxY2U4YTJiZjJmM2VlMDFiOTI0Y2IyZDAiLCJ0eXAiOiJKV1QifQ.eyJhdWQiOiIzMjU1NTk0MDU1OS5hcHBzLmdvb2dsZXVzZXJjb250ZW50LmNvbSIsImF6cCI6IjEwOTM2NDkyNzM1Mjg0NzY2NDA0OSIsImV4cCI6MTc3ODcwOTkxNSwiaWF0IjoxNzc4NzA2MzE1LCJpc3MiOiJodHRwczovL2FjY291bnRzLmdvb2dsZS5jb20iLCJzdWIiOiIxMDkzNjQ5MjczNTI4NDc2NjQwNDkifQ.Lcw1rF92aprmSuZo7AQm1uJeeItYeTuwYaCwBThiDuAnIk4ltcKy3C4FIQ-WhcanCUhJjlrklPczVuG8LCXxSG3gXvRNIU709-EwPfZ7LzBuoUOPRT8AI6RZ-wyO9TPpfeooQvZrObXXk0BAQYeKbWkDTWuHh7UA6hCYoJde5c8ETonXUp2ZZnwdDGt6IL6zOhXhwoyCqLx8jFyNaIFwxD50OXzOkbNYfYNtdQ6LWcV-bUuwgKlfjIRtV4zRT2niIFq9GmNNlgOKriSsO9yTDWkYsh7otfltPFMVjlP38Olk5EfipK8KiWwGgMCaSBxrDFbiSd64yUlIbbflgxJ4og",
    "token_expiry": "2026-05-13T21:21:34Z"
  },
  "sentinels": {
    "config_sentinel": "/home/jupyter/.config/gcloud/config_sentinel"
  }
}
2026-05-13 21:05:15,990 INFO     ___FILE_ONLY___ 

2026-05-13 21:05:15,999 DEBUG    root            SDK update checks are disabled.
