2026-05-13 21:26:20,176 DEBUG    root            Loaded Command Group: ['gcloud', 'config']
2026-05-13 21:26:20,200 DEBUG    root            Loaded Command Group: ['gcloud', 'config', 'config_helper']
2026-05-13 21:26:20,203 DEBUG    root            Running [gcloud.config.config-helper] with arguments: [--format: "json", --min-expiry: "1800"]
2026-05-13 21:26:20,203 DEBUG    root            On GCE from disk cache: True
2026-05-13 21:26:20,227 DEBUG    root            Chosen display Format:default json
2026-05-13 21:26:20,227 INFO     root            Display format: "default json"
2026-05-13 21:26:20,279 INFO     ___FILE_ONLY___ {
  "configuration": {
    "active_configuration": "default",
    "properties": {
      "compute": {
        "region": "us-central1"
      },
      "core": {
        "account": "511076842936-compute@developer.gserviceaccount.com",
        "disable_usage_reporting": "True",
        "project": "project-a5d39078-68b8-4a9c-a89",
        "universe_domain": "googleapis.com"
      },
      "dataproc": {
        "region": "us-central1"
      }
    }
  },
  "credential": {
    "access_token": "ya29.c.c0AZ4bNpbYTHQLPbqS91HV72omcv_reX3F1fAy2QPeSXAz-QMhGfbhwjR3iFLGHCbQ2qeLSuOdPCBDzE5T4XAqttI2hqmWxKIwc-TjGL0jc0Tu5Xz9RVG05d9xe4a9vdFcEsYs5pOLBnec1QYBq9XpBGWvflNNA_Sx4IsMYSpqaK92GubIaaP1Dbi0dbgDK-giTJp3edzeNnXdcwoHF9Dtiqju0hYlDWyRK_Q69dW2lIYwNNiTm0FLW2J2-RnfGWRc5POE9vfOP_Acmkg_qeNUACQJJLfLnSVYqlDgiK0wPZsyW2AUOCKBxGR9nJ7InluQktimNBx490gw0dk1vEU7TxcC7nxFI9MsHFxypFZk5lBhOJJskpkraxsKwallK2PGFCZ3ntW2r8L9pWBWLJLwxAT415CpsqVMQrJOqzhdmX8ktsJb8c68mvp0UbJ1t8wk0upomxw_FkfltFFWR0WOzx9oRqUfl-k3X9O-hdOtIFl0etSZnsa1ibuoVhJnJ7ocSF7BB2W0ktb8qnbl2bn1Qa8U4hrh5_wj4uljBdvSzXbMOksc8Y2lBpJ6uJWcIv0qRUZ7QcbxvtOt43lplf7BsFIFF5--UumctQRRi04YYcViw2-4tUuS2vWFxOlvuuXjkXX6sax35RflkQsxufjjR9hsFfdMfl1uk9seQeIghYrm1oZop-nYZJ-od78Olbtt2svqw2dohm6xXYkjpgtBSylz3XOZUb6M6x075jkt_70irS8X2_9wkXqihvitBV0802VlcWfau36uk4oiVn0m438zVbeV-S48M1dxi6jB4duxOmxU0sO0sayRFfOQUwmkB35n8OgX_9BqOdwwua-9kfkwiVax-xxMuVOw5h3wd-sMwWj-7ge16RBiB7sVXJsuMBpV159sSSmmoOSrw5issshkatnkf4fr8o5oQvrSoMOfplBz00yo1lboIoW_MclQjxYIzQgQd2UYW7sa0M_B4tu1Y4jkWywVwtwp42Ugqe4wnk7g4t95MeZ",
    "id_token": "eyJhbGciOiJSUzI1NiIsImtpZCI6ImY4ZTY2MjBkMzk3MTFhYTIxY2U4YTJiZjJmM2VlMDFiOTI0Y2IyZDAiLCJ0eXAiOiJKV1QifQ.eyJhdWQiOiIzMjU1NTk0MDU1OS5hcHBzLmdvb2dsZXVzZXJjb250ZW50LmNvbSIsImF6cCI6IjEwOTM2NDkyNzM1Mjg0NzY2NDA0OSIsImV4cCI6MTc3ODcxMDg3OCwiaWF0IjoxNzc4NzA3Mjc4LCJpc3MiOiJodHRwczovL2FjY291bnRzLmdvb2dsZS5jb20iLCJzdWIiOiIxMDkzNjQ5MjczNTI4NDc2NjQwNDkifQ.Vh07I4Whn81garGFy0LZ7ve-N2y2040pvadKLZ_PCLyxj8pjojJHztWYeMann_uOAZBH2CMITYI8t2W_jY6C4KQWhZiNPXRK2xEU-B4XLHfpsW49BekjAMxd_SgRM0W0mNdHRf4Ky4P6_d3EU9K0wsibe_4xNvlOP2ZQM2ktIc1bgElmtiWZkVSi1282R1fWysjhjLKpWvZt_o3trGn4NKfVcaX4vBRZyZtjOssyJWCJqffRj84MdXOoayN9HAkP6FpLlOpEC5yI86I0OboFkwocC4iKIqaNoyi9NU3ZE9tdSfc9ItdEwK0at05cZNzOTYwIWgA_txZ90GgD2FWGXQ",
    "token_expiry": "2026-05-13T22:17:02Z"
  },
  "sentinels": {
    "config_sentinel": "/home/jupyter/.config/gcloud/config_sentinel"
  }
}
2026-05-13 21:26:20,279 INFO     ___FILE_ONLY___ 

2026-05-13 21:26:20,289 DEBUG    root            SDK update checks are disabled.
