2026-05-13 22:07:30,158 DEBUG    root            Loaded Command Group: ['gcloud', 'config']
2026-05-13 22:07:30,182 DEBUG    root            Loaded Command Group: ['gcloud', 'config', 'config_helper']
2026-05-13 22:07:30,185 DEBUG    root            Running [gcloud.config.config-helper] with arguments: [--format: "json", --min-expiry: "1800"]
2026-05-13 22:07:30,185 DEBUG    root            On GCE from disk cache: True
2026-05-13 22:07:30,198 DEBUG    root            On GCE from memory cache: True
2026-05-13 22:07:30,211 DEBUG    root            On GCE from memory cache: True
2026-05-13 22:07:30,225 DEBUG    google.auth.transport.requests Making request: GET http://metadata.google.internal/computeMetadata/v1/instance/service-accounts/511076842936-compute@developer.gserviceaccount.com/?recursive=true
2026-05-13 22:07:30,227 DEBUG    urllib3.connectionpool Starting new HTTP connection (1): metadata.google.internal:80
2026-05-13 22:07:30,229 DEBUG    urllib3.connectionpool http://metadata.google.internal:80 "GET /computeMetadata/v1/instance/service-accounts/511076842936-compute@developer.gserviceaccount.com/?recursive=true HTTP/1.1" 200 155
2026-05-13 22:07:30,230 DEBUG    google.auth.transport.requests Making request: GET http://metadata.google.internal/computeMetadata/v1/instance/service-accounts/511076842936-compute@developer.gserviceaccount.com/token
2026-05-13 22:07:30,232 DEBUG    urllib3.connectionpool http://metadata.google.internal:80 "GET /computeMetadata/v1/instance/service-accounts/511076842936-compute@developer.gserviceaccount.com/token HTTP/1.1" 200 869
2026-05-13 22:07:30,261 DEBUG    root            Chosen display Format:default json
2026-05-13 22:07:30,261 INFO     root            Display format: "default json"
2026-05-13 22:07:30,313 INFO     ___FILE_ONLY___ {
  "configuration": {
    "active_configuration": "default",
    "properties": {
      "compute": {
        "region": "us-central1"
      },
      "core": {
        "account": "511076842936-compute@developer.gserviceaccount.com",
        "disable_usage_reporting": "True",
        "project": "project-a5d39078-68b8-4a9c-a89",
        "universe_domain": "googleapis.com"
      },
      "dataproc": {
        "region": "us-central1"
      }
    }
  },
  "credential": {
    "access_token": "ya29.c.c0AZ4bNpbYTHQLPbqS91HV72omcv_reX3F1fAy2QPeSXAz-QMhGfbhwjR3iFLGHCbQ2qeLSuOdPCBDzE5T4XAqttI2hqmWxKIwc-TjGL0jc0Tu5Xz9RVG05d9xe4a9vdFcEsYs5pOLBnec1QYBq9XpBGWvflNNA_Sx4IsMYSpqaK92GubIaaP1Dbi0dbgDK-giTJp3edzeNnXdcwoHF9Dtiqju0hYlDWyRK_Q69dW2lIYwNNiTm0FLW2J2-RnfGWRc5POE9vfOP_Acmkg_qeNUACQJJLfLnSVYqlDgiK0wPZsyW2AUOCKBxGR9nJ7InluQktimNBx490gw0dk1vEU7TxcC7nxFI9MsHFxypFZk5lBhOJJskpkraxsKwallK2PGFCZ3ntW2r8L9pWBWLJLwxAT415CpsqVMQrJOqzhdmX8ktsJb8c68mvp0UbJ1t8wk0upomxw_FkfltFFWR0WOzx9oRqUfl-k3X9O-hdOtIFl0etSZnsa1ibuoVhJnJ7ocSF7BB2W0ktb8qnbl2bn1Qa8U4hrh5_wj4uljBdvSzXbMOksc8Y2lBpJ6uJWcIv0qRUZ7QcbxvtOt43lplf7BsFIFF5--UumctQRRi04YYcViw2-4tUuS2vWFxOlvuuXjkXX6sax35RflkQsxufjjR9hsFfdMfl1uk9seQeIghYrm1oZop-nYZJ-od78Olbtt2svqw2dohm6xXYkjpgtBSylz3XOZUb6M6x075jkt_70irS8X2_9wkXqihvitBV0802VlcWfau36uk4oiVn0m438zVbeV-S48M1dxi6jB4duxOmxU0sO0sayRFfOQUwmkB35n8OgX_9BqOdwwua-9kfkwiVax-xxMuVOw5h3wd-sMwWj-7ge16RBiB7sVXJsuMBpV159sSSmmoOSrw5issshkatnkf4fr8o5oQvrSoMOfplBz00yo1lboIoW_MclQjxYIzQgQd2UYW7sa0M_B4tu1Y4jkWywVwtwp42Ugqe4wnk7g4t95MeZ",
    "id_token": "eyJhbGciOiJSUzI1NiIsImtpZCI6ImY4ZTY2MjBkMzk3MTFhYTIxY2U4YTJiZjJmM2VlMDFiOTI0Y2IyZDAiLCJ0eXAiOiJKV1QifQ.eyJhdWQiOiIzMjU1NTk0MDU1OS5hcHBzLmdvb2dsZXVzZXJjb250ZW50LmNvbSIsImF6cCI6IjEwOTM2NDkyNzM1Mjg0NzY2NDA0OSIsImV4cCI6MTc3ODcxMzY1MCwiaWF0IjoxNzc4NzEwMDUwLCJpc3MiOiJodHRwczovL2FjY291bnRzLmdvb2dsZS5jb20iLCJzdWIiOiIxMDkzNjQ5MjczNTI4NDc2NjQwNDkifQ.QRUiUWjJxwjaAn-SNS3VQ22Ak1RDkVIKfYtTQf7cmrF-ShllCz-u_SyPFK3CyURY8wfuYKwDZhZUQsWNmV1uiHKbo9bTwzGnnUzpMM9tX-oegTLVS-59Z1Ht4iwo6jlZvutUaXezeFR3AZ2raBGgr6_uimypEKjedtB93S1S2qxBzdA-v_E3kZhhvQtsQz7gbYg1JWJJ6LG-et1BWKk0F4V4pzSn2-ecwCggngwKR6jS8hVssXfrwbR-2cTxgS61_4bu94j5fJn_WZfgU9jGwguL5oqVNTz9HDAYp5zn5BFb6e3m_a1Edl8ED0Qef3M7BcJRo67U9VW-IXTNcDBSTw",
    "token_expiry": "2026-05-13T22:17:02Z"
  },
  "sentinels": {
    "config_sentinel": "/home/jupyter/.config/gcloud/config_sentinel"
  }
}
2026-05-13 22:07:30,313 INFO     ___FILE_ONLY___ 

2026-05-13 22:07:30,323 DEBUG    root            SDK update checks are disabled.
